Archive member included to satisfy reference by file (symbol)

c:/gcc-arm-none-eabi-10.3-2021.10/bin/../lib/gcc/arm-none-eabi/10.3.1/../../../../arm-none-eabi/lib/thumb/v7e-m/nofp\libstdc++.a(del_ops.o)
                              Libraries/FEHIO.o (operator delete(void*, unsigned int))
c:/gcc-arm-none-eabi-10.3-2021.10/bin/../lib/gcc/arm-none-eabi/10.3.1/../../../../arm-none-eabi/lib/thumb/v7e-m/nofp\libstdc++.a(new_op.o)
                              Libraries/FEHIO.o (operator new(unsigned int))
c:/gcc-arm-none-eabi-10.3-2021.10/bin/../lib/gcc/arm-none-eabi/10.3.1/../../../../arm-none-eabi/lib/thumb/v7e-m/nofp\libstdc++.a(bad_alloc.o)
                              c:/gcc-arm-none-eabi-10.3-2021.10/bin/../lib/gcc/arm-none-eabi/10.3.1/../../../../arm-none-eabi/lib/thumb/v7e-m/nofp\libstdc++.a(new_op.o) (std::bad_alloc::~bad_alloc())
c:/gcc-arm-none-eabi-10.3-2021.10/bin/../lib/gcc/arm-none-eabi/10.3.1/../../../../arm-none-eabi/lib/thumb/v7e-m/nofp\libstdc++.a(del_op.o)
                              c:/gcc-arm-none-eabi-10.3-2021.10/bin/../lib/gcc/arm-none-eabi/10.3.1/../../../../arm-none-eabi/lib/thumb/v7e-m/nofp\libstdc++.a(del_ops.o) (operator delete(void*))
c:/gcc-arm-none-eabi-10.3-2021.10/bin/../lib/gcc/arm-none-eabi/10.3.1/../../../../arm-none-eabi/lib/thumb/v7e-m/nofp\libstdc++.a(eh_alloc.o)
                              c:/gcc-arm-none-eabi-10.3-2021.10/bin/../lib/gcc/arm-none-eabi/10.3.1/../../../../arm-none-eabi/lib/thumb/v7e-m/nofp\libstdc++.a(new_op.o) (__cxa_allocate_exception)
c:/gcc-arm-none-eabi-10.3-2021.10/bin/../lib/gcc/arm-none-eabi/10.3.1/../../../../arm-none-eabi/lib/thumb/v7e-m/nofp\libstdc++.a(eh_exception.o)
                              c:/gcc-arm-none-eabi-10.3-2021.10/bin/../lib/gcc/arm-none-eabi/10.3.1/../../../../arm-none-eabi/lib/thumb/v7e-m/nofp\libstdc++.a(bad_alloc.o) (std::exception::~exception())
c:/gcc-arm-none-eabi-10.3-2021.10/bin/../lib/gcc/arm-none-eabi/10.3.1/../../../../arm-none-eabi/lib/thumb/v7e-m/nofp\libstdc++.a(eh_terminate.o)
                              c:/gcc-arm-none-eabi-10.3-2021.10/bin/../lib/gcc/arm-none-eabi/10.3.1/../../../../arm-none-eabi/lib/thumb/v7e-m/nofp\libstdc++.a(eh_alloc.o) (std::terminate())
c:/gcc-arm-none-eabi-10.3-2021.10/bin/../lib/gcc/arm-none-eabi/10.3.1/../../../../arm-none-eabi/lib/thumb/v7e-m/nofp\libstdc++.a(eh_throw.o)
                              c:/gcc-arm-none-eabi-10.3-2021.10/bin/../lib/gcc/arm-none-eabi/10.3.1/../../../../arm-none-eabi/lib/thumb/v7e-m/nofp\libstdc++.a(new_op.o) (__cxa_throw)
c:/gcc-arm-none-eabi-10.3-2021.10/bin/../lib/gcc/arm-none-eabi/10.3.1/../../../../arm-none-eabi/lib/thumb/v7e-m/nofp\libstdc++.a(eh_unex_handler.o)
                              c:/gcc-arm-none-eabi-10.3-2021.10/bin/../lib/gcc/arm-none-eabi/10.3.1/../../../../arm-none-eabi/lib/thumb/v7e-m/nofp\libstdc++.a(eh_terminate.o) (__cxxabiv1::__unexpected_handler)
c:/gcc-arm-none-eabi-10.3-2021.10/bin/../lib/gcc/arm-none-eabi/10.3.1/../../../../arm-none-eabi/lib/thumb/v7e-m/nofp\libstdc++.a(new_handler.o)
                              c:/gcc-arm-none-eabi-10.3-2021.10/bin/../lib/gcc/arm-none-eabi/10.3.1/../../../../arm-none-eabi/lib/thumb/v7e-m/nofp\libstdc++.a(new_op.o) (std::get_new_handler())
c:/gcc-arm-none-eabi-10.3-2021.10/bin/../lib/gcc/arm-none-eabi/10.3.1/../../../../arm-none-eabi/lib/thumb/v7e-m/nofp\libstdc++.a(pure.o)
                              c:/gcc-arm-none-eabi-10.3-2021.10/bin/../lib/gcc/arm-none-eabi/10.3.1/../../../../arm-none-eabi/lib/thumb/v7e-m/nofp\libstdc++.a(eh_exception.o) (__cxa_pure_virtual)
c:/gcc-arm-none-eabi-10.3-2021.10/bin/../lib/gcc/arm-none-eabi/10.3.1/../../../../arm-none-eabi/lib/thumb/v7e-m/nofp\libstdc++.a(si_class_type_info.o)
                              c:/gcc-arm-none-eabi-10.3-2021.10/bin/../lib/gcc/arm-none-eabi/10.3.1/../../../../arm-none-eabi/lib/thumb/v7e-m/nofp\libstdc++.a(bad_alloc.o) (vtable for __cxxabiv1::__si_class_type_info)
c:/gcc-arm-none-eabi-10.3-2021.10/bin/../lib/gcc/arm-none-eabi/10.3.1/../../../../arm-none-eabi/lib/thumb/v7e-m/nofp\libstdc++.a(tinfo.o)
                              c:/gcc-arm-none-eabi-10.3-2021.10/bin/../lib/gcc/arm-none-eabi/10.3.1/../../../../arm-none-eabi/lib/thumb/v7e-m/nofp\libstdc++.a(si_class_type_info.o) (std::type_info::__is_pointer_p() const)
c:/gcc-arm-none-eabi-10.3-2021.10/bin/../lib/gcc/arm-none-eabi/10.3.1/../../../../arm-none-eabi/lib/thumb/v7e-m/nofp\libstdc++.a(vterminate.o)
                              c:/gcc-arm-none-eabi-10.3-2021.10/bin/../lib/gcc/arm-none-eabi/10.3.1/../../../../arm-none-eabi/lib/thumb/v7e-m/nofp\libstdc++.a(eh_terminate.o) (__gnu_cxx::__verbose_terminate_handler())
c:/gcc-arm-none-eabi-10.3-2021.10/bin/../lib/gcc/arm-none-eabi/10.3.1/../../../../arm-none-eabi/lib/thumb/v7e-m/nofp\libstdc++.a(class_type_info.o)
[...]
Memory Configuration

Name             Origin             Length             Attributes
PROGRAM_FLASH    0x0000c000         0x00073c00         xr
SRAM_UPPER       0x20000000         0x00010000         xrw
SRAM_LOWER       0x1fff0000         0x00010000         xrw
*default*        0x00000000         0xffffffff

Linker script and memory map

LOAD c:/gcc-arm-none-eabi-10.3-2021.10/bin/../lib/gcc/arm-none-eabi/10.3.1/thumb/v7e-m/nofp/crti.o
LOAD c:/gcc-arm-none-eabi-10.3-2021.10/bin/../lib/gcc/arm-none-eabi/10.3.1/thumb/v7e-m/nofp/crtbegin.o
LOAD c:/gcc-arm-none-eabi-10.3-2021.10/bin/../lib/gcc/arm-none-eabi/10.3.1/../../../../arm-none-eabi/lib/thumb/v7e-m/nofp/crt0.o
LOAD ../main.o
LOAD ../Motors.o
LOAD Startup/startup_mk60d10.o
LOAD Libraries/FEHMotor.o
LOAD Drivers/mcg.o
LOAD Drivers/i2c.o
LOAD Drivers/spi.o
LOAD Drivers/uart.o
LOAD Drivers/ff.o
LOAD Drivers/SDHC.o
LOAD Drivers/lptmr.o
LOAD FEHProteus.o
LOAD Drivers/FEHPropeller.o
LOAD Libraries/FEHUtility.o
LOAD Libraries/FEHIO.o
LOAD Drivers/adc16.o
LOAD Libraries/FEHBuzzer.o
LOAD Libraries/FEHServo.o
LOAD Libraries/FEHLCD.o
LOAD Libraries/FEHAccel.o
LOAD Libraries/FEHBattery.o
LOAD Drivers/FEHXBee.o
LOAD Libraries/FEHRCS.o
LOAD Libraries/FEHSD.o
LOAD Libraries/FEHRandom.o
LOAD c:/gcc-arm-none-eabi-10.3-2021.10/bin/../lib/gcc/arm-none-eabi/10.3.1/../../../../arm-none-eabi/lib/thumb/v7e-m/nofp\libstdc++.a
LOAD c:/gcc-arm-none-eabi-10.3-2021.10/bin/../lib/gcc/arm-none-eabi/10.3.1/../../../../arm-none-eabi/lib/thumb/v7e-m/nofp\libm.a
START GROUP
LOAD c:/gcc-arm-none-eabi-10.3-2021.10/bin/../lib/gcc/arm-none-eabi/10.3.1/thumb/v7e-m/nofp\libgcc.a
LOAD c:/gcc-arm-none-eabi-10.3-2021.10/bin/../lib/gcc/arm-none-eabi/10.3.1/../../../../arm-none-eabi/lib/thumb/v7e-m/nofp\libg.a
LOAD c:/gcc-arm-none-eabi-10.3-2021.10/bin/../lib/gcc/arm-none-eabi/10.3.1/../../../../arm-none-eabi/lib/thumb/v7e-m/nofp\libc.a
END GROUP
START GROUP
LOAD c:/gcc-arm-none-eabi-10.3-2021.10/bin/../lib/gcc/arm-none-eabi/10.3.1/thumb/v7e-m/nofp\libgcc.a
LOAD c:/gcc-arm-none-eabi-10.3-2021.10/bin/../lib/gcc/arm-none-eabi/10.3.1/../../../../arm-none-eabi/lib/thumb/v7e-m/nofp\libc.a
LOAD c:/gcc-arm-none-eabi-10.3-2021.10/bin/../lib/gcc/arm-none-eabi/10.3.1/../../../../arm-none-eabi/lib/thumb/v7e-m/nofp\libnosys.a
END GROUP
LOAD c:/gcc-arm-none-eabi-10.3-2021.10/bin/../lib/gcc/arm-none-eabi/10.3.1/thumb/v7e-m/nofp/crtend.o
LOAD c:/gcc-arm-none-eabi-10.3-2021.10/bin/../lib/gcc/arm-none-eabi/10.3.1/thumb/v7e-m/nofp/crtn.o
                0x0000c000                __base_PROGRAM_FLASH = 0xc000
                0x0000c000                __base_Flash = 0xc000
                0x0007fc00                __top_PROGRAM_FLASH = 0x7fc00
                0x0007fc00                __top_Flash = 0x7fc00
                0x20000000                __base_SRAM_UPPER = 0x20000000
                0x20000000                __base_RAM = 0x20000000
                0x20010000                __top_SRAM_UPPER = 0x20010000
                0x20010000                __top_RAM = 0x20010000
                0x1fff0000                __base_SRAM_LOWER = 0x1fff0000
                0x1fff0000                __base_RAM2 = 0x1fff0000
                0x20000000                __top_SRAM_LOWER = 0x20000000
                0x20000000                __top_RAM2 = 0x20000000

.text           0x0000c000      0x410
 FILL mask 0xff
                0x0000c000                __vectors_start__ = ABSOLUTE (.)
 *(.isr_vector)
 .isr_vector    0x0000c000      0x1bc Startup/startup_mk60d10.o
                0x0000c000                g_pfnVectors
                0x0000c000                __Vectors
                0x0000c1bc                . = ALIGN (0x4)
                0x0000c1bc                __section_table_start = .
                0x0000c1bc                __data_section_table = .
                0x0000c1bc        0x4 LONG 0x25510 LOADADDR (.data)
                0x0000c1c0        0x4 LONG 0x20000000 ADDR (.data)
                0x0000c1c4        0x4 LONG 0x16d0 SIZEOF (.data)
                0x0000c1c8        0x4 LONG 0x25510 LOADADDR (.data_RAM2)
                0x0000c1cc        0x4 LONG 0x1fff0000 ADDR (.data_RAM2)
                0x0000c1d0        0x4 LONG 0x0 SIZEOF (.data_RAM2)
                0x0000c1d4                __data_section_table_end = .
                0x0000c1d4                __bss_section_table = .
                0x0000c1d4        0x4 LONG 0x200016d0 ADDR (.bss)
                0x0000c1d8        0x4 LONG 0x6d4 SIZEOF (.bss)
                0x0000c1dc        0x4 LONG 0x1fff0000 ADDR (.bss_RAM2)
                0x0000c1e0        0x4 LONG 0x0 SIZEOF (.bss_RAM2)
                0x0000c1e4                __bss_section_table_end = .
                0x0000c1e4                __section_table_end = .
 *(.after_vectors*)
 .after_vectors.init_data
                0x0000c1e4       0x42 Startup/startup_mk60d10.o
                0x0000c1e4                data_init(unsigned int, unsigned int, unsigned int)
 .after_vectors.init_bss
                0x0000c226       0x36 Startup/startup_mk60d10.o
                0x0000c226                bss_init(unsigned int, unsigned int)
 .after_vectors.reset
                0x0000c25c       0xb4 Startup/startup_mk60d10.o
                0x0000c25c                ResetISR
 .after_vectors
                0x0000c310       0x3c Startup/startup_mk60d10.o
                0x0000c310                NMI_Handler
                0x0000c316                HardFault_Handler
                0x0000c31c                MemManage_Handler
                0x0000c322                BusFault_Handler
                0x0000c328                UsageFault_Handler
                0x0000c32e                SVC_Handler
                0x0000c334                DebugMon_Handler
                0x0000c33a                PendSV_Handler
                0x0000c340                SysTick_Handler
                0x0000c346                DMA_Error_DriverIRQHandler
                0x0000c346                LPTMR0_DriverIRQHandler
                0x0000c346                FTM1_DriverIRQHandler
                0x0000c346                FTM2_DriverIRQHandler
                0x0000c346                PIT2_DriverIRQHandler
                0x0000c346                SDHC_DriverIRQHandler
                0x0000c346                I2S0_Tx_DriverIRQHandler
                0x0000c346                TSI0_DriverIRQHandler
                0x0000c346                RTC_Seconds_DriverIRQHandler
                0x0000c346                Reserved109_DriverIRQHandler
                0x0000c346                DMA6_DriverIRQHandler
                0x0000c346                LLWU_DriverIRQHandler
                0x0000c346                MCM_DriverIRQHandler
                0x0000c346                MCG_DriverIRQHandler
                0x0000c346                ENET_1588_Timer_DriverIRQHandler
                0x0000c346                DAC1_DriverIRQHandler
                0x0000c346                SPI1_DriverIRQHandler
                0x0000c346                CMP1_DriverIRQHandler
                0x0000c346                UART5_RX_TX_DriverIRQHandler
                0x0000c346                FTM0_DriverIRQHandler
                0x0000c346                IntDefaultHandler
                0x0000c346                USB0_DriverIRQHandler
                0x0000c346                UART5_ERR_DriverIRQHandler
                0x0000c346                DMA11_DriverIRQHandler
                0x0000c346                DAC0_DriverIRQHandler
                0x0000c346                DMA10_DriverIRQHandler
                0x0000c346                CMP2_DriverIRQHandler
                0x0000c346                UART2_ERR_DriverIRQHandler
                0x0000c346                SPI2_DriverIRQHandler
                0x0000c346                LVD_LVW_DriverIRQHandler
                0x0000c346                RNG_DriverIRQHandler
                0x0000c346                DMA12_DriverIRQHandler
                0x0000c346                DMA4_DriverIRQHandler
                0x0000c346                UART2_RX_TX_DriverIRQHandler
                0x0000c346                USBDCD_DriverIRQHandler
                0x0000c346                UART3_ERR_DriverIRQHandler
                0x0000c346                DMA3_DriverIRQHandler
                0x0000c346                DMA8_DriverIRQHandler
                0x0000c346                DMA9_DriverIRQHandler
                0x0000c346                UART0_ERR_DriverIRQHandler
                0x0000c346                CMT_DriverIRQHandler
                0x0000c346                ADC1_DriverIRQHandler
                0x0000c346                DMA14_DriverIRQHandler
                0x0000c346                PIT3_DriverIRQHandler
                0x0000c346                PIT1_DriverIRQHandler
                0x0000c346                WDOG_EWM_DriverIRQHandler
                0x0000c346                PDB0_DriverIRQHandler
                0x0000c346                Reserved95_DriverIRQHandler
                0x0000c346                RTC_DriverIRQHandler
                0x0000c346                I2S0_Rx_DriverIRQHandler
                0x0000c346                Read_Collision_DriverIRQHandler
                0x0000c346                SWI_DriverIRQHandler
                0x0000c346                UART4_RX_TX_DriverIRQHandler
                0x0000c346                UART4_ERR_DriverIRQHandler
                0x0000c346                DMA0_DriverIRQHandler
                0x0000c346                UART0_LON_DriverIRQHandler
                0x0000c346                Reserved102_DriverIRQHandler
                0x0000c346                DMA1_DriverIRQHandler
                0x0000c346                I2C1_DriverIRQHandler
                0x0000c346                UART3_RX_TX_DriverIRQHandler
                0x0000c346                ENET_Receive_DriverIRQHandler
                0x0000c346                DMA13_DriverIRQHandler
                0x0000c346                ENET_Error_DriverIRQHandler
                0x0000c346                DMA15_DriverIRQHandler
                0x0000c346                SPI0_DriverIRQHandler
                0x0000c346                ADC0_DriverIRQHandler
                0x0000c346                FTFL_DriverIRQHandler
                0x0000c346                CMP0_DriverIRQHandler
                0x0000c346                CAN0_DriverIRQHandler
                0x0000c346                Reserved59_DriverIRQHandler
                0x0000c346                DMA5_DriverIRQHandler
                0x0000c346                UART1_ERR_DriverIRQHandler
                0x0000c346                DMA2_DriverIRQHandler
                0x0000c346                ENET_Transmit_DriverIRQHandler
                0x0000c346                I2C0_DriverIRQHandler
                0x0000c346                CAN1_DriverIRQHandler
                0x0000c346                DMA7_DriverIRQHandler
                0x0000c346                UART1_RX_TX_DriverIRQHandler
                0x0000c346                Reserved108_DriverIRQHandler
                0x00000400                . = 0x400
 *fill*         0x0000c34c       0xb4 ff
                0x0000c400                PROVIDE (__FLASH_CONFIG_START__ = .)
 *(.FlashConfig)
 .FlashConfig   0x0000c400       0x10 Startup/startup_mk60d10.o
                0x0000c410                PROVIDE (__FLASH_CONFIG_END__ = .)
                0x00000001                ASSERT (! ((__FLASH_CONFIG_START__ == __FLASH_CONFIG_END__)), Linker Flash Config Support Enabled, but no .FlashConfig section provided within application)

.glue_7         0x0000c410        0x0
 .glue_7        0x0000c410        0x0 linker stubs

.glue_7t        0x0000c410        0x0
 .glue_7t       0x0000c410        0x0 linker stubs

.vfp11_veneer   0x0000c410        0x0
 .vfp11_veneer  0x0000c410        0x0 linker stubs

.v4_bx          0x0000c410        0x0
 .v4_bx         0x0000c410        0x0 linker stubs

.iplt           0x0000c410        0x0
 .iplt          0x0000c410        0x0 c:/gcc-arm-none-eabi-10.3-2021.10/bin/../lib/gcc/arm-none-eabi/10.3.1/thumb/v7e-m/nofp/crtbegin.o

.text           0x0000c440    0x18e50
 *(.text*)
 .text          0x0000c440       0x40 c:/gcc-arm-none-eabi-10.3-2021.10/bin/../lib/gcc/arm-none-eabi/10.3.1/thumb/v7e-m/nofp/crtbegin.o
 .text.main     0x0000c480      0x344 ../main.o
                0x0000c480                main
 *fill*         0x0000c7c4        0x4 
 .text._Z3Equff
                0x0000c7c8       0x80 ../main.o
                0x0000c7c8                Equ(float, float)
 .text._Z41__static_initialization_and_destruction_0ii
                0x0000c848       0x78 ../main.o
 .text._GLOBAL__sub_I_right_opto
                0x0000c8c0       0x10 ../main.o
 .text._ZN6MotorsC2EN8FEHMotor12FEHMotorPortES1_f
                0x0000c8d0       0x48 ../Motors.o
                0x0000c8d0                Motors::Motors(FEHMotor::FEHMotorPort, FEHMotor::FEHMotorPort, float)
                0x0000c8d0                Motors::Motors(FEHMotor::FEHMotorPort, FEHMotor::FEHMotorPort, float)
 .text._ZN6Motors7setPercEff
                0x0000c918       0x2c ../Motors.o
                0x0000c918                Motors::setPerc(float, float)
 .text.PORTD_IRQHandler
                0x0000c944       0x50 Startup/startup_mk60d10.o
                0x0000c944                PORTD_IRQHandler
 .text._Z15InitPowerButtonv
                0x0000c994       0x60 Startup/startup_mk60d10.o
                0x0000c994                InitPowerButton()
 .text._ZL11pll_init_blv
                0x0000c9f4       0xe0 Startup/startup_mk60d10.o
 .text._Z14InitFEHProteusv
                0x0000cad4       0xec Startup/startup_mk60d10.o
                0x0000cad4                InitFEHProteus()
 .text.DMA0_IRQHandler
                0x0000cbc0        0xc Startup/startup_mk60d10.o
                0x0000cbc0                DMA0_IRQHandler
 .text.DMA1_IRQHandler
                0x0000cbcc        0xc Startup/startup_mk60d10.o
                0x0000cbcc                DMA1_IRQHandler
 .text.DMA2_IRQHandler
                0x0000cbd8        0xc Startup/startup_mk60d10.o
                0x0000cbd8                DMA2_IRQHandler
 .text.DMA3_IRQHandler
                0x0000cbe4        0xc Startup/startup_mk60d10.o
                0x0000cbe4                DMA3_IRQHandler
 .text.DMA4_IRQHandler
                0x0000cbf0        0xc Startup/startup_mk60d10.o
                0x0000cbf0                DMA4_IRQHandler
 .text.DMA5_IRQHandler
                0x0000cbfc        0xc Startup/startup_mk60d10.o
                0x0000cbfc                DMA5_IRQHandler
 .text.DMA6_IRQHandler
                0x0000cc08        0xc Startup/startup_mk60d10.o
                0x0000cc08                DMA6_IRQHandler
 .text.DMA7_IRQHandler
                0x0000cc14        0xc Startup/startup_mk60d10.o
                0x0000cc14                DMA7_IRQHandler
 .text.DMA8_IRQHandler
                0x0000cc20        0xc Startup/startup_mk60d10.o
                0x0000cc20                DMA8_IRQHandler
 .text.DMA9_IRQHandler
                0x0000cc2c        0xc Startup/startup_mk60d10.o
                0x0000cc2c                DMA9_IRQHandler
 .text.DMA10_IRQHandler
                0x0000cc38        0xc Startup/startup_mk60d10.o
                0x0000cc38                DMA10_IRQHandler
 .text.DMA11_IRQHandler
                0x0000cc44        0xc Startup/startup_mk60d10.o
                0x0000cc44                DMA11_IRQHandler
 .text.DMA12_IRQHandler
                0x0000cc50        0xc Startup/startup_mk60d10.o
                0x0000cc50                DMA12_IRQHandler
 .text.DMA13_IRQHandler
                0x0000cc5c        0xc Startup/startup_mk60d10.o
                0x0000cc5c                DMA13_IRQHandler
 .text.DMA14_IRQHandler
                0x0000cc68        0xc Startup/startup_mk60d10.o
                0x0000cc68                DMA14_IRQHandler
 .text.DMA15_IRQHandler
                0x0000cc74        0xc Startup/startup_mk60d10.o
                0x0000cc74                DMA15_IRQHandler
 .text.DMA_Error_IRQHandler
                0x0000cc80        0xc Startup/startup_mk60d10.o
                0x0000cc80                DMA_Error_IRQHandler
 .text.MCM_IRQHandler
                0x0000cc8c        0xc Startup/startup_mk60d10.o
                0x0000cc8c                MCM_IRQHandler
 .text.FTFL_IRQHandler
                0x0000cc98        0xc Startup/startup_mk60d10.o
                0x0000cc98                FTFL_IRQHandler
 .text.Read_Collision_IRQHandler
                0x0000cca4        0xc Startup/startup_mk60d10.o
                0x0000cca4                Read_Collision_IRQHandler
 .text.LVD_LVW_IRQHandler
                0x0000ccb0        0xc Startup/startup_mk60d10.o
                0x0000ccb0                LVD_LVW_IRQHandler
 .text.LLWU_IRQHandler
                0x0000ccbc        0xc Startup/startup_mk60d10.o
                0x0000ccbc                LLWU_IRQHandler
 .text.WDOG_EWM_IRQHandler
                0x0000ccc8        0xc Startup/startup_mk60d10.o
                0x0000ccc8                WDOG_EWM_IRQHandler
 .text.RNG_IRQHandler
                0x0000ccd4        0xc Startup/startup_mk60d10.o
                0x0000ccd4                RNG_IRQHandler
 .text.I2C0_IRQHandler
                0x0000cce0        0xc Startup/startup_mk60d10.o
                0x0000cce0                I2C0_IRQHandler
 .text.I2C1_IRQHandler
                0x0000ccec        0xc Startup/startup_mk60d10.o
                0x0000ccec                I2C1_IRQHandler
 .text.SPI0_IRQHandler
                0x0000ccf8        0xc Startup/startup_mk60d10.o
                0x0000ccf8                SPI0_IRQHandler
 .text.SPI1_IRQHandler
                0x0000cd04        0xc Startup/startup_mk60d10.o
                0x0000cd04                SPI1_IRQHandler
 .text.SPI2_IRQHandler
                0x0000cd10        0xc Startup/startup_mk60d10.o
                0x0000cd10                SPI2_IRQHandler
 .text.CAN0_ORed_Message_buffer_IRQHandler
                0x0000cd1c        0xc Startup/startup_mk60d10.o
                0x0000cd1c                CAN0_ORed_Message_buffer_IRQHandler
 .text.CAN0_Bus_Off_IRQHandler
                0x0000cd28        0xc Startup/startup_mk60d10.o
                0x0000cd28                CAN0_Bus_Off_IRQHandler
 .text.CAN0_Error_IRQHandler
                0x0000cd34        0xc Startup/startup_mk60d10.o
                0x0000cd34                CAN0_Error_IRQHandler
 .text.CAN0_Tx_Warning_IRQHandler
                0x0000cd40        0xc Startup/startup_mk60d10.o
                0x0000cd40                CAN0_Tx_Warning_IRQHandler
 .text.CAN0_Rx_Warning_IRQHandler
                0x0000cd4c        0xc Startup/startup_mk60d10.o
                0x0000cd4c                CAN0_Rx_Warning_IRQHandler
 .text.CAN0_Wake_Up_IRQHandler
                0x0000cd58        0xc Startup/startup_mk60d10.o
                0x0000cd58                CAN0_Wake_Up_IRQHandler
 .text.I2S0_Tx_IRQHandler
                0x0000cd64        0xc Startup/startup_mk60d10.o
                0x0000cd64                I2S0_Tx_IRQHandler
 .text.I2S0_Rx_IRQHandler
                0x0000cd70        0xc Startup/startup_mk60d10.o
                0x0000cd70                I2S0_Rx_IRQHandler
 .text.CAN1_ORed_Message_buffer_IRQHandler
                0x0000cd7c        0xc Startup/startup_mk60d10.o
                0x0000cd7c                CAN1_ORed_Message_buffer_IRQHandler
 .text.CAN1_Bus_Off_IRQHandler
                0x0000cd88        0xc Startup/startup_mk60d10.o
                0x0000cd88                CAN1_Bus_Off_IRQHandler
 .text.CAN1_Error_IRQHandler
                0x0000cd94        0xc Startup/startup_mk60d10.o
                0x0000cd94                CAN1_Error_IRQHandler
 .text.CAN1_Tx_Warning_IRQHandler
                0x0000cda0        0xc Startup/startup_mk60d10.o
                0x0000cda0                CAN1_Tx_Warning_IRQHandler
 .text.CAN1_Rx_Warning_IRQHandler
                0x0000cdac        0xc Startup/startup_mk60d10.o
                0x0000cdac                CAN1_Rx_Warning_IRQHandler
 .text.CAN1_Wake_Up_IRQHandler
                0x0000cdb8        0xc Startup/startup_mk60d10.o
                0x0000cdb8                CAN1_Wake_Up_IRQHandler
 .text.Reserved59_IRQHandler
                0x0000cdc4        0xc Startup/startup_mk60d10.o
                0x0000cdc4                Reserved59_IRQHandler
 .text.UART0_LON_IRQHandler
                0x0000cdd0        0xc Startup/startup_mk60d10.o
                0x0000cdd0                UART0_LON_IRQHandler
 .text.UART0_ERR_IRQHandler
                0x0000cddc        0xc Startup/startup_mk60d10.o
                0x0000cddc                UART0_ERR_IRQHandler
 .text.UART1_RX_TX_IRQHandler
                0x0000cde8        0xc Startup/startup_mk60d10.o
                0x0000cde8                UART1_RX_TX_IRQHandler
 .text.UART1_ERR_IRQHandler
                0x0000cdf4        0xc Startup/startup_mk60d10.o
                0x0000cdf4                UART1_ERR_IRQHandler
 .text.UART2_RX_TX_IRQHandler
                0x0000ce00        0xc Startup/startup_mk60d10.o
                0x0000ce00                UART2_RX_TX_IRQHandler
 .text.UART2_ERR_IRQHandler
                0x0000ce0c        0xc Startup/startup_mk60d10.o
                0x0000ce0c                UART2_ERR_IRQHandler
 .text.UART3_RX_TX_IRQHandler
                0x0000ce18        0xc Startup/startup_mk60d10.o
                0x0000ce18                UART3_RX_TX_IRQHandler
 .text.UART3_ERR_IRQHandler
                0x0000ce24        0xc Startup/startup_mk60d10.o
                0x0000ce24                UART3_ERR_IRQHandler
 .text.UART4_RX_TX_IRQHandler
                0x0000ce30        0xc Startup/startup_mk60d10.o
                0x0000ce30                UART4_RX_TX_IRQHandler
 .text.UART4_ERR_IRQHandler
                0x0000ce3c        0xc Startup/startup_mk60d10.o
                0x0000ce3c                UART4_ERR_IRQHandler
 .text.UART5_RX_TX_IRQHandler
                0x0000ce48        0xc Startup/startup_mk60d10.o
                0x0000ce48                UART5_RX_TX_IRQHandler
 .text.UART5_ERR_IRQHandler
                0x0000ce54        0xc Startup/startup_mk60d10.o
                0x0000ce54                UART5_ERR_IRQHandler
 .text.ADC0_IRQHandler
                0x0000ce60        0xc Startup/startup_mk60d10.o
                0x0000ce60                ADC0_IRQHandler
 .text.ADC1_IRQHandler
                0x0000ce6c        0xc Startup/startup_mk60d10.o
                0x0000ce6c                ADC1_IRQHandler
 .text.CMP0_IRQHandler
                0x0000ce78        0xc Startup/startup_mk60d10.o
                0x0000ce78                CMP0_IRQHandler
 .text.CMP1_IRQHandler
                0x0000ce84        0xc Startup/startup_mk60d10.o
                0x0000ce84                CMP1_IRQHandler
 .text.CMP2_IRQHandler
                0x0000ce90        0xc Startup/startup_mk60d10.o
                0x0000ce90                CMP2_IRQHandler
 .text.FTM0_IRQHandler
                0x0000ce9c        0xc Startup/startup_mk60d10.o
                0x0000ce9c                FTM0_IRQHandler
 .text.FTM1_IRQHandler
                0x0000cea8        0xc Startup/startup_mk60d10.o
                0x0000cea8                FTM1_IRQHandler
 .text.FTM2_IRQHandler
                0x0000ceb4        0xc Startup/startup_mk60d10.o
                0x0000ceb4                FTM2_IRQHandler
 .text.CMT_IRQHandler
                0x0000cec0        0xc Startup/startup_mk60d10.o
                0x0000cec0                CMT_IRQHandler
 .text.RTC_IRQHandler
                0x0000cecc        0xc Startup/startup_mk60d10.o
                0x0000cecc                RTC_IRQHandler
 .text.RTC_Seconds_IRQHandler
                0x0000ced8        0xc Startup/startup_mk60d10.o
                0x0000ced8                RTC_Seconds_IRQHandler
 .text.PIT1_IRQHandler
                0x0000cee4        0xc Startup/startup_mk60d10.o
                0x0000cee4                PIT1_IRQHandler
 .text.PIT2_IRQHandler
                0x0000cef0        0xc Startup/startup_mk60d10.o
                0x0000cef0                PIT2_IRQHandler
 .text.PIT3_IRQHandler
                0x0000cefc        0xc Startup/startup_mk60d10.o
                0x0000cefc                PIT3_IRQHandler
 .text.PDB0_IRQHandler
                0x0000cf08        0xc Startup/startup_mk60d10.o
                0x0000cf08                PDB0_IRQHandler
 .text.USB0_IRQHandler
                0x0000cf14        0xc Startup/startup_mk60d10.o
                0x0000cf14                USB0_IRQHandler
 .text.USBDCD_IRQHandler
                0x0000cf20        0xc Startup/startup_mk60d10.o
                0x0000cf20                USBDCD_IRQHandler
 .text.ENET_1588_Timer_IRQHandler
                0x0000cf2c        0xc Startup/startup_mk60d10.o
                0x0000cf2c                ENET_1588_Timer_IRQHandler
 .text.ENET_Transmit_IRQHandler
                0x0000cf38        0xc Startup/startup_mk60d10.o
                0x0000cf38                ENET_Transmit_IRQHandler
 .text.ENET_Receive_IRQHandler
                0x0000cf44        0xc Startup/startup_mk60d10.o
                0x0000cf44                ENET_Receive_IRQHandler
 .text.ENET_Error_IRQHandler
                0x0000cf50        0xc Startup/startup_mk60d10.o
                0x0000cf50                ENET_Error_IRQHandler
 .text.Reserved95_IRQHandler
                0x0000cf5c        0xc Startup/startup_mk60d10.o
                0x0000cf5c                Reserved95_IRQHandler
 .text.SDHC_IRQHandler
                0x0000cf68        0xc Startup/startup_mk60d10.o
                0x0000cf68                SDHC_IRQHandler
 .text.DAC0_IRQHandler
                0x0000cf74        0xc Startup/startup_mk60d10.o
                0x0000cf74                DAC0_IRQHandler
 .text.DAC1_IRQHandler
                0x0000cf80        0xc Startup/startup_mk60d10.o
                0x0000cf80                DAC1_IRQHandler
 .text.TSI0_IRQHandler
                0x0000cf8c        0xc Startup/startup_mk60d10.o
                0x0000cf8c                TSI0_IRQHandler
 .text.MCG_IRQHandler
                0x0000cf98        0xc Startup/startup_mk60d10.o
                0x0000cf98                MCG_IRQHandler
 .text.LPTMR0_IRQHandler
                0x0000cfa4        0xc Startup/startup_mk60d10.o
                0x0000cfa4                LPTMR0_IRQHandler
 .text.Reserved102_IRQHandler
                0x0000cfb0        0xc Startup/startup_mk60d10.o
                0x0000cfb0                Reserved102_IRQHandler
 .text.Reserved108_IRQHandler
                0x0000cfbc        0xc Startup/startup_mk60d10.o
                0x0000cfbc                Reserved108_IRQHandler
 .text.Reserved109_IRQHandler
                0x0000cfc8        0xc Startup/startup_mk60d10.o
                0x0000cfc8                Reserved109_IRQHandler
 .text.SWI_IRQHandler
                0x0000cfd4        0xc Startup/startup_mk60d10.o
                0x0000cfd4                SWI_IRQHandler
 .text._ZN8FEHMotorC2ENS_12FEHMotorPortEf
                0x0000cfe0       0x7c Libraries/FEHMotor.o
                0x0000cfe0                FEHMotor::FEHMotor(FEHMotor::FEHMotorPort, float)
                0x0000cfe0                FEHMotor::FEHMotor(FEHMotor::FEHMotorPort, float)
 .text._ZN8FEHMotor8SetPowerEi
                0x0000d05c       0x54 Libraries/FEHMotor.o
                0x0000d05c                FEHMotor::SetPower(int)
 .text._ZN8FEHMotor10SetPercentEf
                0x0000d0b0       0xf8 Libraries/FEHMotor.o
                0x0000d0b0                FEHMotor::SetPercent(float)
 .text._Z21IIC_StartTransmissionhh
                0x0000d1a8       0x6c Drivers/i2c.o
                0x0000d1a8                IIC_StartTransmission(unsigned char, unsigned char)
 .text._Z5Pausev
                0x0000d214       0x24 Drivers/i2c.o
                0x0000d214                Pause()
 .text._Z21MMA8451QWriteRegisterhh
                0x0000d238       0x68 Drivers/i2c.o
                0x0000d238                MMA8451QWriteRegister(unsigned char, unsigned char)
 .text._Z8i2c_Waitv
                0x0000d2a0       0x6c Drivers/i2c.o
                0x0000d2a0                i2c_Wait()
 .text._Z12SPI_SendCharh
                0x0000d30c       0x1a Drivers/spi.o
                0x0000d30c                SPI_SendChar(unsigned char)
 .text._Z16SPI_WriteCommandhh
                0x0000d326       0x34 Drivers/spi.o
                0x0000d326                SPI_WriteCommand(unsigned char, unsigned char)
 .text._Z11SPI_GetCharv
                0x0000d35a       0x10 Drivers/spi.o
                0x0000d35a                SPI_GetChar()
 .text._Z15SPI_ReadCommandh
                0x0000d36a       0x38 Drivers/spi.o
                0x0000d36a                SPI_ReadCommand(unsigned char)
 *fill*         0x0000d3a2        0x2 
 .text._Z13SPI_CS_Assertv
                0x0000d3a4       0x1c Drivers/spi.o
                0x0000d3a4                SPI_CS_Assert()
 .text._Z15SPI_CS_Deassertv
                0x0000d3c0       0x1c Drivers/spi.o
                0x0000d3c0                SPI_CS_Deassert()
 .text._Z12SPI_Transferh
                0x0000d3dc       0x6c Drivers/spi.o
                0x0000d3dc                SPI_Transfer(unsigned char)
 .text._Z8SPI_Initv
                0x0000d448       0xa0 Drivers/spi.o
                0x0000d448                SPI_Init()
 .text._Z9uart_initPV11UART_MemMapii
                0x0000d4e8      0x174 Drivers/uart.o
                0x0000d4e8                uart_init(UART_MemMap volatile*, int, int)
 .text._Z12uart_getcharPV11UART_MemMap
                0x0000d65c       0x32 Drivers/uart.o
                0x0000d65c                uart_getchar(UART_MemMap volatile*)
 .text._Z12uart_putcharPV11UART_MemMapc
                0x0000d68e       0x32 Drivers/uart.o
                0x0000d68e                uart_putchar(UART_MemMap volatile*, char)
 .text._ZL7mem_cpyPvPKvj
                0x0000d6c0       0x44 Drivers/ff.o
 .text._ZL7mem_setPvij
                0x0000d704       0x3c Drivers/ff.o
 .text._ZL7mem_cmpPKvS0_j
                0x0000d740       0x56 Drivers/ff.o
 .text._ZL7chk_chrPKci
                0x0000d796       0x34 Drivers/ff.o
 .text._ZL11move_windowP5FATFSm
                0x0000d7ca       0xc8 Drivers/ff.o
 .text._ZL4syncP5FATFS
                0x0000d892      0x14c Drivers/ff.o
 .text._Z10clust2sectP5FATFSm
                0x0000d9de       0x3c Drivers/ff.o
                0x0000d9de                clust2sect(FATFS*, unsigned long)
 .text._Z7get_fatP5FATFSm
                0x0000da1a      0x192 Drivers/ff.o
                0x0000da1a                get_fat(FATFS*, unsigned long)
 .text._Z7put_fatP5FATFSmm
                0x0000dbac      0x20a Drivers/ff.o
                0x0000dbac                put_fat(FATFS*, unsigned long, unsigned long)
 .text._ZL12remove_chainP5FATFSm
                0x0000ddb6       0x9c Drivers/ff.o
 .text._ZL12create_chainP5FATFSm
                0x0000de52      0x112 Drivers/ff.o
 .text._ZL10clmt_clustP3FILm
                0x0000df64       0x62 Drivers/ff.o
 .text._ZL7dir_sdiP3DIRt
                0x0000dfc6      0x100 Drivers/ff.o
 .text._ZL8dir_nextP3DIRi
                0x0000e0c6      0x1b6 Drivers/ff.o
 .text._ZL8dir_findP3DIR
                0x0000e27c       0xa0 Drivers/ff.o
 .text._ZL12dir_registerP3DIR
                0x0000e31c       0xae Drivers/ff.o
 *fill*         0x0000e3ca        0x2 
 .text._ZL11create_nameP3DIRPPKc
                0x0000e3cc      0x1f4 Drivers/ff.o
 .text._ZL11follow_pathP3DIRPKc
                0x0000e5c0      0x12c Drivers/ff.o
 .text._ZL8check_fsP5FATFSm
                0x0000e6ec       0xd8 Drivers/ff.o
 .text._ZL11chk_mountedPPKcPP5FATFSh
                0x0000e7c4      0x534 Drivers/ff.o
 .text._ZL8validateP5FATFSt
                0x0000ecf8       0x54 Drivers/ff.o
 .text._Z7f_mounthP5FATFS
                0x0000ed4c       0x54 Drivers/ff.o
                0x0000ed4c                f_mount(unsigned char, FATFS*)
 .text._Z6f_openP3FILPKch
                0x0000eda0      0x2de Drivers/ff.o
                0x0000eda0                f_open(FIL*, char const*, unsigned char)
 .text._Z7f_writeP3FILPKvjPj
                0x0000f07e      0x33c Drivers/ff.o
                0x0000f07e                f_write(FIL*, void const*, unsigned int, unsigned int*)
 .text._Z6f_syncP3FIL
                0x0000f3ba      0x186 Drivers/ff.o
                0x0000f3ba                f_sync(FIL*)
 .text._Z7f_closeP3FIL
                0x0000f540       0x28 Drivers/ff.o
                0x0000f540                f_close(FIL*)
 .text._Z7f_lseekP3FILm
                0x0000f568      0x4be Drivers/ff.o
                0x0000f568                f_lseek(FIL*, unsigned long)
 .text._Z6f_putccP3FIL
                0x0000fa26       0x3c Drivers/ff.o
                0x0000fa26                f_putc(char, FIL*)
 .text._Z6f_putsPKcP3FIL
                0x0000fa62       0x52 Drivers/ff.o
                0x0000fa62                f_puts(char const*, FIL*)
 .text._Z5powerii
                0x0000fab4       0x3c Drivers/ff.o
                0x0000fab4                power(int, int)
 .text._Z8f_printfP3FILPKcSt9__va_list
                0x0000faf0      0x620 Drivers/ff.o
                0x0000faf0                f_printf(FIL*, char const*, std::__va_list)
 .text._ZL17SDHC_set_baudratemm
                0x00010110       0xe8 Drivers/SDHC.o
 .text._Z9SDHC_initP17esdhc_info_structPK17esdhc_init_struct
                0x000101f8      0x130 Drivers/SDHC.o
                0x000101f8                SDHC_init(esdhc_info_struct*, esdhc_init_struct const*)
 .text._ZL15SDHC_is_runningv
                0x00010328       0x24 Drivers/SDHC.o
 .text._ZL16SDHC_status_waitm
                0x0001034c       0x2c Drivers/SDHC.o
 .text._ZL17SDHC_send_commandP20esdhc_command_struct
                0x00010378      0x1f8 Drivers/SDHC.o
 .text._Z10SDHC_ioctlmPv
                0x00010570      0x6f0 Drivers/SDHC.o
                0x00010570                SDHC_ioctl(unsigned long, void*)
 .text._Z15disk_initializeh
                0x00010c60      0x384 Drivers/SDHC.o
                0x00010c60                disk_initialize(unsigned char)
 .text._ZL14rcvr_datablockPhm
                0x00010fe4       0xf0 Drivers/SDHC.o
 .text._Z9disk_readhPhmh
                0x000110d4      0x124 Drivers/SDHC.o
                0x000110d4                disk_read(unsigned char, unsigned char*, unsigned long, unsigned char)
 .text._ZL14xmit_datablockPKhm
                0x000111f8       0xa4 Drivers/SDHC.o
 .text._Z10disk_writehPKhmh
                0x0001129c      0x198 Drivers/SDHC.o
                0x0001129c                disk_write(unsigned char, unsigned char const*, unsigned long, unsigned char)
 .text._Z10disk_ioctlhhPv
                0x00011434      0x104 Drivers/SDHC.o
                0x00011434                disk_ioctl(unsigned char, unsigned char, void*)
 .text._Z11disk_statush
                0x00011538       0x28 Drivers/SDHC.o
                0x00011538                disk_status(unsigned char)
 .text._Z13time_delay_msm
                0x00011560       0x6c Drivers/lptmr.o
                0x00011560                time_delay_ms(unsigned long)
 .text._Z41__static_initialization_and_destruction_0ii
                0x000115cc       0x2c FEHProteus.o
 .text._GLOBAL__sub_I_Propeller
                0x000115f8       0x10 FEHProteus.o
 .text._ZN12FEHPropellerC2Ev
                0x00011608       0x1a Drivers/FEHPropeller.o
                0x00011608                FEHPropeller::FEHPropeller()
                0x00011608                FEHPropeller::FEHPropeller()
 *fill*         0x00011622        0x2 
 .text._ZN12FEHPropeller10InitializeEv
                0x00011624       0x74 Drivers/FEHPropeller.o
                0x00011624                FEHPropeller::Initialize()
 .text._ZN12FEHPropeller12SetMotorRateEhhh
                0x00011698       0x5c Drivers/FEHPropeller.o
                0x00011698                FEHPropeller::SetMotorRate(unsigned char, unsigned char, unsigned char)
 .text._ZL5Delaymjj
                0x000116f4       0x94 Libraries/FEHUtility.o
 .text._Z5Sleepi
                0x00011788       0x2c Libraries/FEHUtility.o
                0x00011788                Sleep(int)
 .text._Z5Sleepd
                0x000117b4       0x4c Libraries/FEHUtility.o
                0x000117b4                Sleep(double)
 .text._Z16PORTB_IRQHandlerv
                0x00011800       0x9c Libraries/FEHIO.o
                0x00011800                PORTB_IRQHandler()
 .text._Z16PORTC_IRQHandlerv
                0x0001189c       0x9c Libraries/FEHIO.o
                0x0001189c                PORTC_IRQHandler()
 .text._Z16PORTA_IRQHandlerv
                0x00011938       0xa0 Libraries/FEHIO.o
                0x00011938                PORTA_IRQHandler()
 .text._Z16PORTE_IRQHandlerv
                0x000119d8       0x98 Libraries/FEHIO.o
                0x000119d8                PORTE_IRQHandler()
 .text._ZN14AnalogInputPinC2EN5FEHIO8FEHIOPinE
                0x00011a70       0x1e Libraries/FEHIO.o
                0x00011a70                AnalogInputPin::AnalogInputPin(FEHIO::FEHIOPin)
                0x00011a70                AnalogInputPin::AnalogInputPin(FEHIO::FEHIOPin)
 *fill*         0x00011a8e        0x2 
 .text._ZN14AnalogInputPin5ValueEv
                0x00011a90      0x120 Libraries/FEHIO.o
                0x00011a90                AnalogInputPin::Value()
 .text._ZN13AnalogEncoder12EncoderValueEv
                0x00011bb0       0xb0 Libraries/FEHIO.o
                0x00011bb0                AnalogEncoder::EncoderValue()
 .text._ZN14AnalogInputPin8InitADCsEv
                0x00011c60       0x98 Libraries/FEHIO.o
                0x00011c60                AnalogInputPin::InitADCs()
 .text._Z15PIT0_IRQHandlerv
                0x00011cf8       0x28 Libraries/FEHIO.o
                0x00011cf8                PIT0_IRQHandler()
 .text._ZN13AnalogEncoder4InitEv
                0x00011d20       0x44 Libraries/FEHIO.o
                0x00011d20                AnalogEncoder::Init()
 .text._ZN13AnalogEncoder14SetCounterInitEj
                0x00011d64       0x20 Libraries/FEHIO.o
                0x00011d64                AnalogEncoder::SetCounterInit(unsigned int)
 .text._ZN13AnalogEncoder10ProcessIntEv
                0x00011d84       0x68 Libraries/FEHIO.o
                0x00011d84                AnalogEncoder::ProcessInt()
 .text._ZN13AnalogEncoder14ProcessIntSelfEv
                0x00011dec       0x6e Libraries/FEHIO.o
                0x00011dec                AnalogEncoder::ProcessIntSelf()
 .text._Z7ADC_CalPV10ADC_MemMap
                0x00011e5a      0x13e Drivers/adc16.o
                0x00011e5a                ADC_Cal(ADC_MemMap volatile*)
 .text._Z14ADC_Config_AltPV10ADC_MemMapP7adc_cfg
                0x00011f98       0x6c Drivers/adc16.o
                0x00011f98                ADC_Config_Alt(ADC_MemMap volatile*, adc_cfg*)
 .text._ZN9FEHBuzzerC2Ev
                0x00012004       0x14 Libraries/FEHBuzzer.o
                0x00012004                FEHBuzzer::FEHBuzzer()
                0x00012004                FEHBuzzer::FEHBuzzer()
 .text._Z41__static_initialization_and_destruction_0ii
                0x00012018       0x2c Libraries/FEHBuzzer.o
 .text._GLOBAL__sub_I_Buzzer
                0x00012044       0x10 Libraries/FEHBuzzer.o
 .text._ZN6FEHLCD11_InitializeEv
                0x00012054      0x410 Libraries/FEHLCD.o
                0x00012054                FEHLCD::_Initialize()
 .text._ZN6FEHLCDC2Ev
                0x00012464       0x50 Libraries/FEHLCD.o
                0x00012464                FEHLCD::FEHLCD()
                0x00012464                FEHLCD::FEHLCD()
 .text._ZN6FEHLCD10InitializeEv
                0x000124b4       0x28 Libraries/FEHLCD.o
                0x000124b4                FEHLCD::Initialize()
 .text._ZN6FEHLCD10PrintImageEii
                0x000124dc       0xbc Libraries/FEHLCD.o
                0x000124dc                FEHLCD::PrintImage(int, int)
 .text._ZN6FEHLCD9PrintLogoEii
                0x00012598       0xbc Libraries/FEHLCD.o
                0x00012598                FEHLCD::PrintLogo(int, int)
 .text._ZN6FEHLCD22ConvertFEHColorTo24BitENS_11FEHLCDColorE
                0x00012654       0x78 Libraries/FEHLCD.o
                0x00012654                FEHLCD::ConvertFEHColorTo24Bit(FEHLCD::FEHLCDColor)
 .text._ZN6FEHLCD24Convert24BitColorTo16BitEj
                0x000126cc       0x30 Libraries/FEHLCD.o
                0x000126cc                FEHLCD::Convert24BitColorTo16Bit(unsigned int)
 .text._ZN6FEHLCD22ConvertRGBColorTo16BitEhhh
                0x000126fc       0x4a Libraries/FEHLCD.o
                0x000126fc                FEHLCD::ConvertRGBColorTo16Bit(unsigned char, unsigned char, unsigned char)
 .text._ZN6FEHLCD5ClearENS_11FEHLCDColorE
                0x00012746       0x28 Libraries/FEHLCD.o
                0x00012746                FEHLCD::Clear(FEHLCD::FEHLCDColor)
 .text._ZN6FEHLCD5ClearEj
                0x0001276e       0x2c Libraries/FEHLCD.o
                0x0001276e                FEHLCD::Clear(unsigned int)
 .text._ZN6FEHLCD18SetBackgroundColorENS_11FEHLCDColorE
                0x0001279a       0x28 Libraries/FEHLCD.o
                0x0001279a                FEHLCD::SetBackgroundColor(FEHLCD::FEHLCDColor)
 .text._ZN6FEHLCD18SetBackgroundColorEj
                0x000127c2       0x26 Libraries/FEHLCD.o
                0x000127c2                FEHLCD::SetBackgroundColor(unsigned int)
 .text._ZN6FEHLCD12SetFontColorENS_11FEHLCDColorE
                0x000127e8       0x28 Libraries/FEHLCD.o
                0x000127e8                FEHLCD::SetFontColor(FEHLCD::FEHLCDColor)
 .text._ZN6FEHLCD12SetFontColorEj
                0x00012810       0x26 Libraries/FEHLCD.o
                0x00012810                FEHLCD::SetFontColor(unsigned int)
 .text._ZN6FEHLCD7WriteAtEPKcii
                0x00012836       0x46 Libraries/FEHLCD.o
                0x00012836                FEHLCD::WriteAt(char const*, int, int)
 .text._ZN6FEHLCD11TS_SPI_InitEv
                0x0001287c       0x7c Libraries/FEHLCD.o
                0x0001287c                FEHLCD::TS_SPI_Init()
 .text._ZN6FEHLCD5TouchEPfS0_
                0x000128f8      0x1fc Libraries/FEHLCD.o
                0x000128f8                FEHLCD::Touch(float*, float*)
 .text._ZN6FEHLCD3absEi
                0x00012af4       0x22 Libraries/FEHLCD.o
                0x00012af4                FEHLCD::abs(int)
 .text._ZN6FEHLCD5WriteEPKc
                0x00012b16       0x4e Libraries/FEHLCD.o
                0x00012b16                FEHLCD::Write(char const*)
 .text._ZN6FEHLCD5WriteEi
                0x00012b64       0x30 Libraries/FEHLCD.o
                0x00012b64                FEHLCD::Write(int)
 .text._ZN6FEHLCD9WriteLineEPKc
                0x00012b94       0x26 Libraries/FEHLCD.o
                0x00012b94                FEHLCD::WriteLine(char const*)
 *fill*         0x00012bba        0x2 
 .text._ZN6FEHLCD10WriteIndexEh
                0x00012bbc      0x14c Libraries/FEHLCD.o
                0x00012bbc                FEHLCD::WriteIndex(unsigned char)
 .text._ZN6FEHLCD14WriteParameterEh
                0x00012d08      0x130 Libraries/FEHLCD.o
                0x00012d08                FEHLCD::WriteParameter(unsigned char)
 .text._ZN6FEHLCD6_ClearEv
                0x00012e38      0x15c Libraries/FEHLCD.o
                0x00012e38                FEHLCD::_Clear()
 .text._ZN6FEHLCD8NextLineEv
                0x00012f94       0x2a Libraries/FEHLCD.o
                0x00012f94                FEHLCD::NextLine()
 .text._ZN6FEHLCD9CheckLineEv
                0x00012fbe       0x28 Libraries/FEHLCD.o
                0x00012fbe                FEHLCD::CheckLine()
 .text._ZN6FEHLCD8NextCharEv
                0x00012fe6       0x32 Libraries/FEHLCD.o
                0x00012fe6                FEHLCD::NextChar()
 .text._ZN6FEHLCD13SetDrawRegionEiiii
                0x00013018       0xfe Libraries/FEHLCD.o
                0x00013018                FEHLCD::SetDrawRegion(int, int, int, int)
 .text._ZN6FEHLCD9WriteCharEiic
                0x00013116       0x34 Libraries/FEHLCD.o
                0x00013116                FEHLCD::WriteChar(int, int, char)
 *fill*         0x0001314a        0x2 
 .text._ZN6FEHLCD11WriteCharAtEiic
                0x0001314c      0x214 Libraries/FEHLCD.o
                0x0001314c                FEHLCD::WriteCharAt(int, int, char)
 .text._ZN6FEHLCD11RepeatColorEv
                0x00013360       0x70 Libraries/FEHLCD.o
                0x00013360                FEHLCD::RepeatColor()
 .text._ZN6FEHLCD10_ForePixelEv
                0x000133d0       0xc4 Libraries/FEHLCD.o
                0x000133d0                FEHLCD::_ForePixel()
 .text._ZN6FEHLCD10_BackPixelEv
                0x00013494       0xc4 Libraries/FEHLCD.o
                0x00013494                FEHLCD::_BackPixel()
 .text._ZN6FEHLCD22SetRegisterColorValuesEv
                0x00013558      0x336 Libraries/FEHLCD.o
                0x00013558                FEHLCD::SetRegisterColorValues()
 *fill*         0x0001388e        0x2 
 .text._Z41__static_initialization_and_destruction_0ii
                0x00013890       0x2c Libraries/FEHLCD.o
 .text._GLOBAL__sub_I_image
                0x000138bc       0x10 Libraries/FEHLCD.o
 .text._ZN8FEHAccelC2Ev
                0x000138cc       0x70 Libraries/FEHAccel.o
                0x000138cc                FEHAccel::FEHAccel()
                0x000138cc                FEHAccel::FEHAccel()
 .text._Z41__static_initialization_and_destruction_0ii
                0x0001393c       0x2c Libraries/FEHAccel.o
 .text._GLOBAL__sub_I_Accel
                0x00013968       0x10 Libraries/FEHAccel.o
 .text._ZN10FEHBatteryC2EN5FEHIO8FEHIOPinE
                0x00013978       0x22 Libraries/FEHBattery.o
                0x00013978                FEHBattery::FEHBattery(FEHIO::FEHIOPin)
                0x00013978                FEHBattery::FEHBattery(FEHIO::FEHIOPin)
 *fill*         0x0001399a        0x2 
 .text._Z41__static_initialization_and_destruction_0ii
                0x0001399c       0x30 Libraries/FEHBattery.o
 .text._GLOBAL__sub_I_Battery
                0x000139cc       0x10 Libraries/FEHBattery.o
 .text._ZN7FEHXBeeC2Ev
                0x000139dc       0x1a Drivers/FEHXBee.o
                0x000139dc                FEHXBee::FEHXBee()
                0x000139dc                FEHXBee::FEHXBee()
 *fill*         0x000139f6        0x2 
 .text._ZN7FEHXBee17SetPacketCallBackEPFvPhhE
                0x000139f8       0x20 Drivers/FEHXBee.o
                0x000139f8                FEHXBee::SetPacketCallBack(void (*)(unsigned char*, unsigned char))
 .text._Z22UART0_RX_TX_IRQHandlerv
                0x00013a18       0xec Drivers/FEHXBee.o
                0x00013a18                UART0_RX_TX_IRQHandler()
 .text._ZN6FEHRCSC2Ev
                0x00013b04       0x74 Libraries/FEHRCS.o
                0x00013b04                FEHRCS::FEHRCS()
                0x00013b04                FEHRCS::FEHRCS()
 .text._Z14RCSDataProcessPhh
                0x00013b78       0xa0 Libraries/FEHRCS.o
                0x00013b78                RCSDataProcess(unsigned char*, unsigned char)
 .text._Z41__static_initialization_and_destruction_0ii
                0x00013c18       0x2c Libraries/FEHRCS.o
 .text._GLOBAL__sub_I_RCS
                0x00013c44       0x10 Libraries/FEHRCS.o
 .text._ZN7FEHFileC2Ev
                0x00013c54       0x2c Libraries/FEHSD.o
                0x00013c54                FEHFile::FEHFile()
                0x00013c54                FEHFile::FEHFile()
 .text._ZN5FEHSDC2Ev
                0x00013c80       0x24 Libraries/FEHSD.o
                0x00013c80                FEHSD::FEHSD()
                0x00013c80                FEHSD::FEHSD()
 .text._ZN5FEHSD5FOpenEPKcS1_
                0x00013ca4      0x1c4 Libraries/FEHSD.o
                0x00013ca4                FEHSD::FOpen(char const*, char const*)
 .text._ZN5FEHSD9FCloseAllEv
                0x00013e68       0x6c Libraries/FEHSD.o
                0x00013e68                FEHSD::FCloseAll()
 .text._ZN5FEHSD7FPrintfEP7FEHFilePKcz
                0x00013ed4       0x58 Libraries/FEHSD.o
                0x00013ed4                FEHSD::FPrintf(FEHFile*, char const*, ...)
 .text._ZN5FEHSD10InitializeEv
                0x00013f2c       0xe4 Libraries/FEHSD.o
                0x00013f2c                FEHSD::Initialize()
 .text._Z41__static_initialization_and_destruction_0ii
                0x00014010       0x2c Libraries/FEHSD.o
 .text._GLOBAL__sub_I_SD
                0x0001403c       0x10 Libraries/FEHSD.o
 .text._ZN9FEHRandom10InitializeEv
                0x0001404c       0x3c Libraries/FEHRandom.o
                0x0001404c                FEHRandom::Initialize()
 .text._ZdlPvj  0x00014088        0x4 c:/gcc-arm-none-eabi-10.3-2021.10/bin/../lib/gcc/arm-none-eabi/10.3.1/../../../../arm-none-eabi/lib/thumb/v7e-m/nofp\libstdc++.a(del_ops.o)
                0x00014088                operator delete(void*, unsigned int)
 .text._Znwj    0x0001408c       0x3c c:/gcc-arm-none-eabi-10.3-2021.10/bin/../lib/gcc/arm-none-eabi/10.3.1/../../../../arm-none-eabi/lib/thumb/v7e-m/nofp\libstdc++.a(new_op.o)
                0x0001408c                operator new(unsigned int)
 .text._ZNKSt9bad_alloc4whatEv
                0x000140c8        0x8 c:/gcc-arm-none-eabi-10.3-2021.10/bin/../lib/gcc/arm-none-eabi/10.3.1/../../../../arm-none-eabi/lib/thumb/v7e-m/nofp\libstdc++.a(bad_alloc.o)
                0x000140c8                std::bad_alloc::what() const
 .text._ZNSt9bad_allocD2Ev
                0x000140d0       0x14 c:/gcc-arm-none-eabi-10.3-2021.10/bin/../lib/gcc/arm-none-eabi/10.3.1/../../../../arm-none-eabi/lib/thumb/v7e-m/nofp\libstdc++.a(bad_alloc.o)
                0x000140d0                std::bad_alloc::~bad_alloc()
                0x000140d0                std::bad_alloc::~bad_alloc()
 .text._ZNSt9bad_allocD0Ev
                0x000140e4       0x1c c:/gcc-arm-none-eabi-10.3-2021.10/bin/../lib/gcc/arm-none-eabi/10.3.1/../../../../arm-none-eabi/lib/thumb/v7e-m/nofp\libstdc++.a(bad_alloc.o)
                0x000140e4                std::bad_alloc::~bad_alloc()
 .text._ZdlPv   0x00014100        0x4 c:/gcc-arm-none-eabi-10.3-2021.10/bin/../lib/gcc/arm-none-eabi/10.3.1/../../../../arm-none-eabi/lib/thumb/v7e-m/nofp\libstdc++.a(del_op.o)
                0x00014100                operator delete(void*)
 .text._ZN12_GLOBAL__N_14pool4freeEPv.constprop.0
                0x00014104       0x88 c:/gcc-arm-none-eabi-10.3-2021.10/bin/../lib/gcc/arm-none-eabi/10.3.1/../../../../arm-none-eabi/lib/thumb/v7e-m/nofp\libstdc++.a(eh_alloc.o)
 .text._ZN12_GLOBAL__N_14pool8allocateEj.constprop.0
                0x0001418c       0x5c c:/gcc-arm-none-eabi-10.3-2021.10/bin/../lib/gcc/arm-none-eabi/10.3.1/../../../../arm-none-eabi/lib/thumb/v7e-m/nofp\libstdc++.a(eh_alloc.o)
 .text.__cxa_allocate_exception
                0x000141e8       0x30 c:/gcc-arm-none-eabi-10.3-2021.10/bin/../lib/gcc/arm-none-eabi/10.3.1/../../../../arm-none-eabi/lib/thumb/v7e-m/nofp\libstdc++.a(eh_alloc.o)
                0x000141e8                __cxa_allocate_exception
 .text.__cxa_free_exception
                0x00014218       0x20 c:/gcc-arm-none-eabi-10.3-2021.10/bin/../lib/gcc/arm-none-eabi/10.3.1/../../../../arm-none-eabi/lib/thumb/v7e-m/nofp\libstdc++.a(eh_alloc.o)
                0x00014218                __cxa_free_exception
 .text.startup._GLOBAL__sub_I__ZN9__gnu_cxx9__freeresEv
                0x00014238       0x28 c:/gcc-arm-none-eabi-10.3-2021.10/bin/../lib/gcc/arm-none-eabi/10.3.1/../../../../arm-none-eabi/lib/thumb/v7e-m/nofp\libstdc++.a(eh_alloc.o)
 .text._ZNSt9exceptionD2Ev
                0x00014260        0x4 c:/gcc-arm-none-eabi-10.3-2021.10/bin/../lib/gcc/arm-none-eabi/10.3.1/../../../../arm-none-eabi/lib/thumb/v7e-m/nofp\libstdc++.a(eh_exception.o)
                0x00014260                std::exception::~exception()
                0x00014260                std::exception::~exception()
 .text._ZNSt13bad_exceptionD2Ev
                0x00014264        0x4 c:/gcc-arm-none-eabi-10.3-2021.10/bin/../lib/gcc/arm-none-eabi/10.3.1/../../../../arm-none-eabi/lib/thumb/v7e-m/nofp\libstdc++.a(eh_exception.o)
                0x00014264                std::bad_exception::~bad_exception()
                0x00014264                std::bad_exception::~bad_exception()
 .text._ZNKSt13bad_exception4whatEv
                0x00014268        0x8 c:/gcc-arm-none-eabi-10.3-2021.10/bin/../lib/gcc/arm-none-eabi/10.3.1/../../../../arm-none-eabi/lib/thumb/v7e-m/nofp\libstdc++.a(eh_exception.o)
                0x00014268                std::bad_exception::what() const
                0x00014268                transaction clone for std::bad_exception::what() const
 .text._ZNSt13bad_exceptionD0Ev
                0x00014270       0x10 c:/gcc-arm-none-eabi-10.3-2021.10/bin/../lib/gcc/arm-none-eabi/10.3.1/../../../../arm-none-eabi/lib/thumb/v7e-m/nofp\libstdc++.a(eh_exception.o)
                0x00014270                std::bad_exception::~bad_exception()
 .text._ZN10__cxxabiv111__terminateEPFvvE
                0x00014280       0x28 c:/gcc-arm-none-eabi-10.3-2021.10/bin/../lib/gcc/arm-none-eabi/10.3.1/../../../../arm-none-eabi/lib/thumb/v7e-m/nofp\libstdc++.a(eh_terminate.o)
                0x00014280                __cxxabiv1::__terminate(void (*)())
 .text._ZSt9terminatev
                0x000142a8       0x14 c:/gcc-arm-none-eabi-10.3-2021.10/bin/../lib/gcc/arm-none-eabi/10.3.1/../../../../arm-none-eabi/lib/thumb/v7e-m/nofp\libstdc++.a(eh_terminate.o)
                0x000142a8                std::terminate()
 .text._ZN10__cxxabiv112__unexpectedEPFvvE
                0x000142bc        0x8 c:/gcc-arm-none-eabi-10.3-2021.10/bin/../lib/gcc/arm-none-eabi/10.3.1/../../../../arm-none-eabi/lib/thumb/v7e-m/nofp\libstdc++.a(eh_terminate.o)
                0x000142bc                __cxxabiv1::__unexpected(void (*)())
 .text._ZSt10unexpectedv
                0x000142c4       0x14 c:/gcc-arm-none-eabi-10.3-2021.10/bin/../lib/gcc/arm-none-eabi/10.3.1/../../../../arm-none-eabi/lib/thumb/v7e-m/nofp\libstdc++.a(eh_terminate.o)
                0x000142c4                std::unexpected()
 .text._ZSt13get_terminatev
                0x000142d8       0x10 c:/gcc-arm-none-eabi-10.3-2021.10/bin/../lib/gcc/arm-none-eabi/10.3.1/../../../../arm-none-eabi/lib/thumb/v7e-m/nofp\libstdc++.a(eh_terminate.o)
                0x000142d8                std::get_terminate()
 .text._ZSt14get_unexpectedv
                0x000142e8       0x10 c:/gcc-arm-none-eabi-10.3-2021.10/bin/../lib/gcc/arm-none-eabi/10.3.1/../../../../arm-none-eabi/lib/thumb/v7e-m/nofp\libstdc++.a(eh_terminate.o)
                0x000142e8                std::get_unexpected()
 .text._ZL23__gxx_exception_cleanup19_Unwind_Reason_CodeP21_Unwind_Control_Block
                0x000142f8       0x44 c:/gcc-arm-none-eabi-10.3-2021.10/bin/../lib/gcc/arm-none-eabi/10.3.1/../../../../arm-none-eabi/lib/thumb/v7e-m/nofp\libstdc++.a(eh_throw.o)
 .text.__cxa_init_primary_exception
                0x0001433c       0x58 c:/gcc-arm-none-eabi-10.3-2021.10/bin/../lib/gcc/arm-none-eabi/10.3.1/../../../../arm-none-eabi/lib/thumb/v7e-m/nofp\libstdc++.a(eh_throw.o)
                0x0001433c                __cxa_init_primary_exception
 .text.__cxa_throw
                0x00014394       0x34 c:/gcc-arm-none-eabi-10.3-2021.10/bin/../lib/gcc/arm-none-eabi/10.3.1/../../../../arm-none-eabi/lib/thumb/v7e-m/nofp\libstdc++.a(eh_throw.o)
                0x00014394                __cxa_throw
 .text.__cxa_rethrow
                0x000143c8       0x70 c:/gcc-arm-none-eabi-10.3-2021.10/bin/../lib/gcc/arm-none-eabi/10.3.1/../../../../arm-none-eabi/lib/thumb/v7e-m/nofp\libstdc++.a(eh_throw.o)
                0x000143c8                __cxa_rethrow
 .text._ZSt15get_new_handlerv
                0x00014438       0x10 c:/gcc-arm-none-eabi-10.3-2021.10/bin/../lib/gcc/arm-none-eabi/10.3.1/../../../../arm-none-eabi/lib/thumb/v7e-m/nofp\libstdc++.a(new_handler.o)
                0x00014438                std::get_new_handler()
 .text._ZN10__cxxabiv120__si_class_type_infoD2Ev
                0x00014448       0x14 c:/gcc-arm-none-eabi-10.3-2021.10/bin/../lib/gcc/arm-none-eabi/10.3.1/../../../../arm-none-eabi/lib/thumb/v7e-m/nofp\libstdc++.a(si_class_type_info.o)
                0x00014448                __cxxabiv1::__si_class_type_info::~__si_class_type_info()
                0x00014448                __cxxabiv1::__si_class_type_info::~__si_class_type_info()
 .text._ZN10__cxxabiv120__si_class_type_infoD0Ev
                0x0001445c       0x1c c:/gcc-arm-none-eabi-10.3-2021.10/bin/../lib/gcc/arm-none-eabi/10.3.1/../../../../arm-none-eabi/lib/thumb/v7e-m/nofp\libstdc++.a(si_class_type_info.o)
                0x0001445c                __cxxabiv1::__si_class_type_info::~__si_class_type_info()
 .text._ZNK10__cxxabiv120__si_class_type_info20__do_find_public_srcEiPKvPKNS_17__class_type_infoES2_
                0x00014478       0x3c c:/gcc-arm-none-eabi-10.3-2021.10/bin/../lib/gcc/arm-none-eabi/10.3.1/../../../../arm-none-eabi/lib/thumb/v7e-m/nofp\libstdc++.a(si_class_type_info.o)
                0x00014478                __cxxabiv1::__si_class_type_info::__do_find_public_src(int, void const*, __cxxabiv1::__class_type_info const*, void const*) const
 .text._ZNK10__cxxabiv120__si_class_type_info12__do_dyncastEiNS_17__class_type_info10__sub_kindEPKS1_PKvS4_S6_RNS1_16__dyncast_resultE
                0x000144b4       0x84 c:/gcc-arm-none-eabi-10.3-2021.10/bin/../lib/gcc/arm-none-eabi/10.3.1/../../../../arm-none-eabi/lib/thumb/v7e-m/nofp\libstdc++.a(si_class_type_info.o)
                0x000144b4                __cxxabiv1::__si_class_type_info::__do_dyncast(int, __cxxabiv1::__class_type_info::__sub_kind, __cxxabiv1::__class_type_info const*, void const*, __cxxabiv1::__class_type_info const*, void const*, __cxxabiv1::__class_type_info::__dyncast_result&) const
 .text._ZNK10__cxxabiv120__si_class_type_info11__do_upcastEPKNS_17__class_type_infoEPKvRNS1_15__upcast_resultE
                0x00014538       0x2c c:/gcc-arm-none-eabi-10.3-2021.10/bin/../lib/gcc/arm-none-eabi/10.3.1/../../../../arm-none-eabi/lib/thumb/v7e-m/nofp\libstdc++.a(si_class_type_info.o)
                0x00014538                __cxxabiv1::__si_class_type_info::__do_upcast(__cxxabiv1::__class_type_info const*, void const*, __cxxabiv1::__class_type_info::__upcast_result&) const
 .text._ZNSt9type_infoD2Ev
                0x00014564        0x4 c:/gcc-arm-none-eabi-10.3-2021.10/bin/../lib/gcc/arm-none-eabi/10.3.1/../../../../arm-none-eabi/lib/thumb/v7e-m/nofp\libstdc++.a(tinfo.o)
                0x00014564                std::type_info::~type_info()
                0x00014564                std::type_info::~type_info()
 .text._ZNKSt9type_info14__is_pointer_pEv
                0x00014568        0x4 c:/gcc-arm-none-eabi-10.3-2021.10/bin/../lib/gcc/arm-none-eabi/10.3.1/../../../../arm-none-eabi/lib/thumb/v7e-m/nofp\libstdc++.a(tinfo.o)
                0x00014568                std::type_info::__is_pointer_p() const
                0x00014568                std::type_info::__is_function_p() const
 .text._ZNKSt9type_infoeqERKS_
                0x0001456c       0x2c c:/gcc-arm-none-eabi-10.3-2021.10/bin/../lib/gcc/arm-none-eabi/10.3.1/../../../../arm-none-eabi/lib/thumb/v7e-m/nofp\libstdc++.a(tinfo.o)
                0x0001456c                std::type_info::operator==(std::type_info const&) const
 .text._ZN9__gnu_cxx27__verbose_terminate_handlerEv
                0x00014598      0x10c c:/gcc-arm-none-eabi-10.3-2021.10/bin/../lib/gcc/arm-none-eabi/10.3.1/../../../../arm-none-eabi/lib/thumb/v7e-m/nofp\libstdc++.a(vterminate.o)
                0x00014598                __gnu_cxx::__verbose_terminate_handler()
 .text._ZNK10__cxxabiv117__class_type_info11__do_upcastEPKS0_PPv
                0x000146a4       0x34 c:/gcc-arm-none-eabi-10.3-2021.10/bin/../lib/gcc/arm-none-eabi/10.3.1/../../../../arm-none-eabi/lib/thumb/v7e-m/nofp\libstdc++.a(class_type_info.o)
                0x000146a4                __cxxabiv1::__class_type_info::__do_upcast(__cxxabiv1::__class_type_info const*, void**) const
 .text._ZNK10__cxxabiv117__class_type_info20__do_find_public_srcEiPKvPKS0_S2_
                0x000146d8        0xc c:/gcc-arm-none-eabi-10.3-2021.10/bin/../lib/gcc/arm-none-eabi/10.3.1/../../../../arm-none-eabi/lib/thumb/v7e-m/nofp\libstdc++.a(class_type_info.o)
                0x000146d8                __cxxabiv1::__class_type_info::__do_find_public_src(int, void const*, __cxxabiv1::__class_type_info const*, void const*) const
 .text._ZN10__cxxabiv117__class_type_infoD2Ev
                0x000146e4       0x14 c:/gcc-arm-none-eabi-10.3-2021.10/bin/../lib/gcc/arm-none-eabi/10.3.1/../../../../arm-none-eabi/lib/thumb/v7e-m/nofp\libstdc++.a(class_type_info.o)
                0x000146e4                __cxxabiv1::__class_type_info::~__class_type_info()
                0x000146e4                __cxxabiv1::__class_type_info::~__class_type_info()
 .text._ZN10__cxxabiv117__class_type_infoD0Ev
                0x000146f8       0x1c c:/gcc-arm-none-eabi-10.3-2021.10/bin/../lib/gcc/arm-none-eabi/10.3.1/../../../../arm-none-eabi/lib/thumb/v7e-m/nofp\libstdc++.a(class_type_info.o)
                0x000146f8                __cxxabiv1::__class_type_info::~__class_type_info()
 .text._ZNK10__cxxabiv117__class_type_info12__do_dyncastEiNS0_10__sub_kindEPKS0_PKvS3_S5_RNS0_16__dyncast_resultE
                0x00014714       0x44 c:/gcc-arm-none-eabi-10.3-2021.10/bin/../lib/gcc/arm-none-eabi/10.3.1/../../../../arm-none-eabi/lib/thumb/v7e-m/nofp\libstdc++.a(class_type_info.o)
                0x00014714                __cxxabiv1::__class_type_info::__do_dyncast(int, __cxxabiv1::__class_type_info::__sub_kind, __cxxabiv1::__class_type_info const*, void const*, __cxxabiv1::__class_type_info const*, void const*, __cxxabiv1::__class_type_info::__dyncast_result&) const
 .text._ZNK10__cxxabiv117__class_type_info11__do_upcastEPKS0_PKvRNS0_15__upcast_resultE
                0x00014758       0x1c c:/gcc-arm-none-eabi-10.3-2021.10/bin/../lib/gcc/arm-none-eabi/10.3.1/../../../../arm-none-eabi/lib/thumb/v7e-m/nofp\libstdc++.a(class_type_info.o)
                0x00014758                __cxxabiv1::__class_type_info::__do_upcast(__cxxabiv1::__class_type_info const*, void const*, __cxxabiv1::__class_type_info::__upcast_result&) const
 .text._ZNK10__cxxabiv117__class_type_info10__do_catchEPKSt9type_infoPPvj
                0x00014774       0x2c c:/gcc-arm-none-eabi-10.3-2021.10/bin/../lib/gcc/arm-none-eabi/10.3.1/../../../../arm-none-eabi/lib/thumb/v7e-m/nofp\libstdc++.a(class_type_info.o)
                0x00014774                __cxxabiv1::__class_type_info::__do_catch(std::type_info const*, void**, unsigned int) const
 .text          0x000147a0     0x5fa4 c:/gcc-arm-none-eabi-10.3-2021.10/bin/../lib/gcc/arm-none-eabi/10.3.1/../../../../arm-none-eabi/lib/thumb/v7e-m/nofp\libstdc++.a(cp-demangle.o)
                0x0001a65c                __cxa_demangle
                0x0001a720                __gcclibcxx_demangle_callback
 .text.__cxa_end_cleanup
                0x0001a744        0xc c:/gcc-arm-none-eabi-10.3-2021.10/bin/../lib/gcc/arm-none-eabi/10.3.1/../../../../arm-none-eabi/lib/thumb/v7e-m/nofp\libstdc++.a(eh_arm.o)
                0x0001a744                __cxa_end_cleanup
 .text.__cxa_type_match
                0x0001a750       0xb4 c:/gcc-arm-none-eabi-10.3-2021.10/bin/../lib/gcc/arm-none-eabi/10.3.1/../../../../arm-none-eabi/lib/thumb/v7e-m/nofp\libstdc++.a(eh_arm.o)
                0x0001a750                __cxa_type_match
 .text.__cxa_begin_cleanup
                0x0001a804       0x64 c:/gcc-arm-none-eabi-10.3-2021.10/bin/../lib/gcc/arm-none-eabi/10.3.1/../../../../arm-none-eabi/lib/thumb/v7e-m/nofp\libstdc++.a(eh_arm.o)
                0x0001a804                __cxa_begin_cleanup
 .text.__gnu_end_cleanup
                0x0001a868       0x70 c:/gcc-arm-none-eabi-10.3-2021.10/bin/../lib/gcc/arm-none-eabi/10.3.1/../../../../arm-none-eabi/lib/thumb/v7e-m/nofp\libstdc++.a(eh_arm.o)
                0x0001a868                __gnu_end_cleanup
 .text._ZN10__cxxabiv1L24__is_gxx_exception_classEPc
                0x0001a8d8       0x3c c:/gcc-arm-none-eabi-10.3-2021.10/bin/../lib/gcc/arm-none-eabi/10.3.1/../../../../arm-none-eabi/lib/thumb/v7e-m/nofp\libstdc++.a(eh_call.o)
 .text.__cxa_call_terminate
                0x0001a914       0x20 c:/gcc-arm-none-eabi-10.3-2021.10/bin/../lib/gcc/arm-none-eabi/10.3.1/../../../../arm-none-eabi/lib/thumb/v7e-m/nofp\libstdc++.a(eh_call.o)
                0x0001a914                __cxa_call_terminate
 .text.unlikely.__cxa_call_unexpected
                0x0001a934       0xe4 c:/gcc-arm-none-eabi-10.3-2021.10/bin/../lib/gcc/arm-none-eabi/10.3.1/../../../../arm-none-eabi/lib/thumb/v7e-m/nofp\libstdc++.a(eh_call.o)
                0x0001a934                __cxa_call_unexpected
 .text.__cxa_begin_catch
                0x0001aa18       0x7c c:/gcc-arm-none-eabi-10.3-2021.10/bin/../lib/gcc/arm-none-eabi/10.3.1/../../../../arm-none-eabi/lib/thumb/v7e-m/nofp\libstdc++.a(eh_catch.o)
                0x0001aa18                __cxa_begin_catch
 .text.__cxa_end_catch
                0x0001aa94       0x8c c:/gcc-arm-none-eabi-10.3-2021.10/bin/../lib/gcc/arm-none-eabi/10.3.1/../../../../arm-none-eabi/lib/thumb/v7e-m/nofp\libstdc++.a(eh_catch.o)
                0x0001aa94                __cxa_end_catch
 .text.__cxa_get_globals_fast
                0x0001ab20        0x8 c:/gcc-arm-none-eabi-10.3-2021.10/bin/../lib/gcc/arm-none-eabi/10.3.1/../../../../arm-none-eabi/lib/thumb/v7e-m/nofp\libstdc++.a(eh_globals.o)
                0x0001ab20                __cxa_get_globals_fast
 .text.__cxa_get_globals
                0x0001ab28        0x8 c:/gcc-arm-none-eabi-10.3-2021.10/bin/../lib/gcc/arm-none-eabi/10.3.1/../../../../arm-none-eabi/lib/thumb/v7e-m/nofp\libstdc++.a(eh_globals.o)
                0x0001ab28                __cxa_get_globals
 .text._ZL28read_encoded_value_with_basehjPKhPj
                0x0001ab30       0xc0 c:/gcc-arm-none-eabi-10.3-2021.10/bin/../lib/gcc/arm-none-eabi/10.3.1/../../../../arm-none-eabi/lib/thumb/v7e-m/nofp\libstdc++.a(eh_personality.o)
 .text._ZL21base_of_encoded_valuehP15_Unwind_Context
                0x0001abf0       0x48 c:/gcc-arm-none-eabi-10.3-2021.10/bin/../lib/gcc/arm-none-eabi/10.3.1/../../../../arm-none-eabi/lib/thumb/v7e-m/nofp\libstdc++.a(eh_personality.o)
 .text._ZL17parse_lsda_headerP15_Unwind_ContextPKhP16lsda_header_info
                0x0001ac38       0x94 c:/gcc-arm-none-eabi-10.3-2021.10/bin/../lib/gcc/arm-none-eabi/10.3.1/../../../../arm-none-eabi/lib/thumb/v7e-m/nofp\libstdc++.a(eh_personality.o)
 .text.__gxx_personality_v0
                0x0001accc      0x4a8 c:/gcc-arm-none-eabi-10.3-2021.10/bin/../lib/gcc/arm-none-eabi/10.3.1/../../../../arm-none-eabi/lib/thumb/v7e-m/nofp\libstdc++.a(eh_personality.o)
                0x0001accc                __gxx_personality_v0
 .text.__cxa_current_exception_type
                0x0001b174       0x1c c:/gcc-arm-none-eabi-10.3-2021.10/bin/../lib/gcc/arm-none-eabi/10.3.1/../../../../arm-none-eabi/lib/thumb/v7e-m/nofp\libstdc++.a(eh_type.o)
                0x0001b174                __cxa_current_exception_type
 .text          0x0001b190      0x378 c:/gcc-arm-none-eabi-10.3-2021.10/bin/../lib/gcc/arm-none-eabi/10.3.1/thumb/v7e-m/nofp\libgcc.a(_arm_addsubdf3.o)
                0x0001b190                __aeabi_drsub
                0x0001b198                __aeabi_dsub
                0x0001b198                __subdf3
                0x0001b19c                __aeabi_dadd
                0x0001b19c                __adddf3
                0x0001b414                __floatunsidf
                0x0001b414                __aeabi_ui2d
                0x0001b434                __floatsidf
                0x0001b434                __aeabi_i2d
                0x0001b458                __aeabi_f2d
                0x0001b458                __extendsfdf2
                0x0001b49c                __floatundidf
                0x0001b49c                __aeabi_ul2d
                0x0001b4ac                __floatdidf
                0x0001b4ac                __aeabi_l2d
 .text          0x0001b508      0x424 c:/gcc-arm-none-eabi-10.3-2021.10/bin/../lib/gcc/arm-none-eabi/10.3.1/thumb/v7e-m/nofp\libgcc.a(_arm_muldivdf3.o)
                0x0001b508                __aeabi_dmul
                0x0001b508                __muldf3
                0x0001b75c                __divdf3
                0x0001b75c                __aeabi_ddiv
 .text          0x0001b92c      0x110 c:/gcc-arm-none-eabi-10.3-2021.10/bin/../lib/gcc/arm-none-eabi/10.3.1/thumb/v7e-m/nofp\libgcc.a(_arm_cmpdf2.o)
                0x0001b92c                __gtdf2
                0x0001b92c                __gedf2
                0x0001b934                __ltdf2
                0x0001b934                __ledf2
                0x0001b93c                __nedf2
                0x0001b93c                __eqdf2
                0x0001b93c                __cmpdf2
                0x0001b9b8                __aeabi_cdrcmple
                0x0001b9c8                __aeabi_cdcmpeq
                0x0001b9c8                __aeabi_cdcmple
                0x0001b9d8                __aeabi_dcmpeq
                0x0001b9ec                __aeabi_dcmplt
                0x0001ba00                __aeabi_dcmple
                0x0001ba14                __aeabi_dcmpge
                0x0001ba28                __aeabi_dcmpgt
 .text          0x0001ba3c       0x50 c:/gcc-arm-none-eabi-10.3-2021.10/bin/../lib/gcc/arm-none-eabi/10.3.1/thumb/v7e-m/nofp\libgcc.a(_arm_fixdfsi.o)
                0x0001ba3c                __aeabi_d2iz
                0x0001ba3c                __fixdfsi
 .text          0x0001ba8c       0x40 c:/gcc-arm-none-eabi-10.3-2021.10/bin/../lib/gcc/arm-none-eabi/10.3.1/thumb/v7e-m/nofp\libgcc.a(_arm_fixunsdfsi.o)
                0x0001ba8c                __aeabi_d2uiz
                0x0001ba8c                __fixunsdfsi
 .text          0x0001bacc       0xa0 c:/gcc-arm-none-eabi-10.3-2021.10/bin/../lib/gcc/arm-none-eabi/10.3.1/thumb/v7e-m/nofp\libgcc.a(_arm_truncdfsf2.o)
                0x0001bacc                __truncdfsf2
                0x0001bacc                __aeabi_d2f
 .text          0x0001bb6c       0xec c:/gcc-arm-none-eabi-10.3-2021.10/bin/../lib/gcc/arm-none-eabi/10.3.1/thumb/v7e-m/nofp\libgcc.a(_arm_cmpsf2.o)
                0x0001bb6c                __gesf2
                0x0001bb6c                __gtsf2
                0x0001bb74                __lesf2
                0x0001bb74                __ltsf2
                0x0001bb7c                __nesf2
                0x0001bb7c                __eqsf2
                0x0001bb7c                __cmpsf2
                0x0001bbdc                __aeabi_cfrcmple
                0x0001bbe4                __aeabi_cfcmpeq
                0x0001bbe4                __aeabi_cfcmple
                0x0001bbf4                __aeabi_fcmpeq
                0x0001bc08                __aeabi_fcmplt
                0x0001bc1c                __aeabi_fcmple
                0x0001bc30                __aeabi_fcmpge
                0x0001bc44                __aeabi_fcmpgt
 .text          0x0001bc58      0x9d8 c:/gcc-arm-none-eabi-10.3-2021.10/bin/../lib/gcc/arm-none-eabi/10.3.1/thumb/v7e-m/nofp\libgcc.a(unwind-arm.o)
                0x0001bf00                _Unwind_GetCFA
                0x0001bf04                __gnu_Unwind_RaiseException
                0x0001bf6c                __gnu_Unwind_ForcedUnwind
                0x0001bf7c                __gnu_Unwind_Resume
                0x0001bfc0                __gnu_Unwind_Resume_or_Rethrow
                0x0001bfd0                _Unwind_Complete
                0x0001bfd4                _Unwind_DeleteException
                0x0001bfe0                _Unwind_VRS_Get
                0x0001c02c                _Unwind_VRS_Set
                0x0001c074                __gnu_Unwind_Backtrace
                0x0001c3a0                __aeabi_unwind_cpp_pr0
                0x0001c3a4                __aeabi_unwind_cpp_pr1
                0x0001c3a8                __aeabi_unwind_cpp_pr2
                0x0001c3ac                _Unwind_VRS_Pop
 .text          0x0001c630      0x1ac c:/gcc-arm-none-eabi-10.3-2021.10/bin/../lib/gcc/arm-none-eabi/10.3.1/thumb/v7e-m/nofp\libgcc.a(libunwind.o)
                0x0001c630                __restore_core_regs
                0x0001c630                restore_core_regs
                0x0001c648                __gnu_Unwind_Restore_VFP
                0x0001c650                __gnu_Unwind_Save_VFP
                0x0001c658                __gnu_Unwind_Restore_VFP_D
                0x0001c660                __gnu_Unwind_Save_VFP_D
                0x0001c668                __gnu_Unwind_Restore_VFP_D_16_to_31
                0x0001c670                __gnu_Unwind_Save_VFP_D_16_to_31
                0x0001c678                __gnu_Unwind_Restore_WMMXD
                0x0001c6bc                __gnu_Unwind_Save_WMMXD
                0x0001c700                __gnu_Unwind_Restore_WMMXC
                0x0001c714                __gnu_Unwind_Save_WMMXC
                0x0001c728                ___Unwind_RaiseException
                0x0001c728                _Unwind_RaiseException
                0x0001c74c                _Unwind_Resume
                0x0001c74c                ___Unwind_Resume
                0x0001c770                _Unwind_Resume_or_Rethrow
                0x0001c770                ___Unwind_Resume_or_Rethrow
                0x0001c794                _Unwind_ForcedUnwind
                0x0001c794                ___Unwind_ForcedUnwind
                0x0001c7b8                ___Unwind_Backtrace
                0x0001c7b8                _Unwind_Backtrace
 .text          0x0001c7dc      0x350 c:/gcc-arm-none-eabi-10.3-2021.10/bin/../lib/gcc/arm-none-eabi/10.3.1/thumb/v7e-m/nofp\libgcc.a(pr-support.o)
                0x0001c834                __gnu_unwind_execute
                0x0001cae0                __gnu_unwind_frame
                0x0001cb0c                _Unwind_GetRegionStart
                0x0001cb18                _Unwind_GetLanguageSpecificData
 .text.unlikely
                0x0001cb2c        0xc c:/gcc-arm-none-eabi-10.3-2021.10/bin/../lib/gcc/arm-none-eabi/10.3.1/thumb/v7e-m/nofp\libgcc.a(pr-support.o)
                0x0001cb2c                _Unwind_GetDataRelBase
                0x0001cb32                _Unwind_GetTextRelBase
 .text.abort    0x0001cb38       0x10 c:/gcc-arm-none-eabi-10.3-2021.10/bin/../lib/gcc/arm-none-eabi/10.3.1/../../../../arm-none-eabi/lib/thumb/v7e-m/nofp\libg.a(lib_a-abort.o)
                0x0001cb38                abort
 .text.fputc    0x0001cb48       0x58 c:/gcc-arm-none-eabi-10.3-2021.10/bin/../lib/gcc/arm-none-eabi/10.3.1/../../../../arm-none-eabi/lib/thumb/v7e-m/nofp\libg.a(lib_a-fputc.o)
                0x0001cb48                fputc
 .text._fputs_r
                0x0001cba0       0x88 c:/gcc-arm-none-eabi-10.3-2021.10/bin/../lib/gcc/arm-none-eabi/10.3.1/../../../../arm-none-eabi/lib/thumb/v7e-m/nofp\libg.a(lib_a-fputs.o)
                0x0001cba0                _fputs_r
 .text.fputs    0x0001cc28       0x18 c:/gcc-arm-none-eabi-10.3-2021.10/bin/../lib/gcc/arm-none-eabi/10.3.1/../../../../arm-none-eabi/lib/thumb/v7e-m/nofp\libg.a(lib_a-fputs.o)
                0x0001cc28                fputs
 .text.__sfvwrite_r
                0x0001cc40      0x2e8 c:/gcc-arm-none-eabi-10.3-2021.10/bin/../lib/gcc/arm-none-eabi/10.3.1/../../../../arm-none-eabi/lib/thumb/v7e-m/nofp\libg.a(lib_a-fvwrite.o)
                0x0001cc40                __sfvwrite_r
 .text._fwrite_r
                0x0001cf28       0xa8 c:/gcc-arm-none-eabi-10.3-2021.10/bin/../lib/gcc/arm-none-eabi/10.3.1/../../../../arm-none-eabi/lib/thumb/v7e-m/nofp\libg.a(lib_a-fwrite.o)
                0x0001cf28                _fwrite_r
 .text.fwrite   0x0001cfd0       0x20 c:/gcc-arm-none-eabi-10.3-2021.10/bin/../lib/gcc/arm-none-eabi/10.3.1/../../../../arm-none-eabi/lib/thumb/v7e-m/nofp\libg.a(lib_a-fwrite.o)
                0x0001cfd0                fwrite
 .text.__libc_init_array
                0x0001cff0       0x48 c:/gcc-arm-none-eabi-10.3-2021.10/bin/../lib/gcc/arm-none-eabi/10.3.1/../../../../arm-none-eabi/lib/thumb/v7e-m/nofp\libg.a(lib_a-init.o)
                0x0001cff0                __libc_init_array
 .text.__retarget_lock_init_recursive
                0x0001d038        0x4 c:/gcc-arm-none-eabi-10.3-2021.10/bin/../lib/gcc/arm-none-eabi/10.3.1/../../../../arm-none-eabi/lib/thumb/v7e-m/nofp\libg.a(lib_a-lock.o)
                0x0001d038                __retarget_lock_init_recursive
 .text.__retarget_lock_close_recursive
                0x0001d03c        0x4 c:/gcc-arm-none-eabi-10.3-2021.10/bin/../lib/gcc/arm-none-eabi/10.3.1/../../../../arm-none-eabi/lib/thumb/v7e-m/nofp\libg.a(lib_a-lock.o)
                0x0001d03c                __retarget_lock_close_recursive
 .text.__retarget_lock_acquire_recursive
                0x0001d040        0x4 c:/gcc-arm-none-eabi-10.3-2021.10/bin/../lib/gcc/arm-none-eabi/10.3.1/../../../../arm-none-eabi/lib/thumb/v7e-m/nofp\libg.a(lib_a-lock.o)
                0x0001d040                __retarget_lock_acquire_recursive
 .text.__retarget_lock_release_recursive
                0x0001d044        0x4 c:/gcc-arm-none-eabi-10.3-2021.10/bin/../lib/gcc/arm-none-eabi/10.3.1/../../../../arm-none-eabi/lib/thumb/v7e-m/nofp\libg.a(lib_a-lock.o)
                0x0001d044                __retarget_lock_release_recursive
 .text.malloc   0x0001d048       0x10 c:/gcc-arm-none-eabi-10.3-2021.10/bin/../lib/gcc/arm-none-eabi/10.3.1/../../../../arm-none-eabi/lib/thumb/v7e-m/nofp\libg.a(lib_a-malloc.o)
                0x0001d048                malloc
 .text.free     0x0001d058       0x10 c:/gcc-arm-none-eabi-10.3-2021.10/bin/../lib/gcc/arm-none-eabi/10.3.1/../../../../arm-none-eabi/lib/thumb/v7e-m/nofp\libg.a(lib_a-malloc.o)
                0x0001d058                free
 .text._malloc_r
                0x0001d068      0x560 c:/gcc-arm-none-eabi-10.3-2021.10/bin/../lib/gcc/arm-none-eabi/10.3.1/../../../../arm-none-eabi/lib/thumb/v7e-m/nofp\libg.a(lib_a-mallocr.o)
                0x0001d068                _malloc_r
 *fill*         0x0001d5c8        0x8 
 .text          0x0001d5d0       0xa0 c:/gcc-arm-none-eabi-10.3-2021.10/bin/../lib/gcc/arm-none-eabi/10.3.1/../../../../arm-none-eabi/lib/thumb/v7e-m/nofp\libg.a(lib_a-memchr.o)
                0x0001d5d0                memchr
 .text.memcmp   0x0001d670       0x68 c:/gcc-arm-none-eabi-10.3-2021.10/bin/../lib/gcc/arm-none-eabi/10.3.1/../../../../arm-none-eabi/lib/thumb/v7e-m/nofp\libg.a(lib_a-memcmp.o)
                0x0001d670                memcmp
 .text          0x0001d6d8      0x134 c:/gcc-arm-none-eabi-10.3-2021.10/bin/../lib/gcc/arm-none-eabi/10.3.1/../../../../arm-none-eabi/lib/thumb/v7e-m/nofp\libg.a(lib_a-memcpy.o)
                0x0001d6d8                memcpy
 .text.memmove  0x0001d80c       0xf8 c:/gcc-arm-none-eabi-10.3-2021.10/bin/../lib/gcc/arm-none-eabi/10.3.1/../../../../arm-none-eabi/lib/thumb/v7e-m/nofp\libg.a(lib_a-memmove.o)
                0x0001d80c                memmove
 .text.memset   0x0001d904       0xa4 c:/gcc-arm-none-eabi-10.3-2021.10/bin/../lib/gcc/arm-none-eabi/10.3.1/../../../../arm-none-eabi/lib/thumb/v7e-m/nofp\libg.a(lib_a-memset.o)
                0x0001d904                memset
 .text.__malloc_lock
                0x0001d9a8        0xc c:/gcc-arm-none-eabi-10.3-2021.10/bin/../lib/gcc/arm-none-eabi/10.3.1/../../../../arm-none-eabi/lib/thumb/v7e-m/nofp\libg.a(lib_a-mlock.o)
                0x0001d9a8                __malloc_lock
 .text.__malloc_unlock
                0x0001d9b4        0xc c:/gcc-arm-none-eabi-10.3-2021.10/bin/../lib/gcc/arm-none-eabi/10.3.1/../../../../arm-none-eabi/lib/thumb/v7e-m/nofp\libg.a(lib_a-mlock.o)
                0x0001d9b4                __malloc_unlock
 .text._putc_r  0x0001d9c0       0x74 c:/gcc-arm-none-eabi-10.3-2021.10/bin/../lib/gcc/arm-none-eabi/10.3.1/../../../../arm-none-eabi/lib/thumb/v7e-m/nofp\libg.a(lib_a-putc.o)
                0x0001d9c0                _putc_r
 .text.realloc  0x0001da34       0x18 c:/gcc-arm-none-eabi-10.3-2021.10/bin/../lib/gcc/arm-none-eabi/10.3.1/../../../../arm-none-eabi/lib/thumb/v7e-m/nofp\libg.a(lib_a-realloc.o)
                0x0001da34                realloc
 .text._realloc_r
                0x0001da4c      0x3d8 c:/gcc-arm-none-eabi-10.3-2021.10/bin/../lib/gcc/arm-none-eabi/10.3.1/../../../../arm-none-eabi/lib/thumb/v7e-m/nofp\libg.a(lib_a-reallocr.o)
                0x0001da4c                _realloc_r
 .text._sbrk_r  0x0001de24       0x24 c:/gcc-arm-none-eabi-10.3-2021.10/bin/../lib/gcc/arm-none-eabi/10.3.1/../../../../arm-none-eabi/lib/thumb/v7e-m/nofp\libg.a(lib_a-sbrkr.o)
                0x0001de24                _sbrk_r
 .text.raise    0x0001de48       0x5c c:/gcc-arm-none-eabi-10.3-2021.10/bin/../lib/gcc/arm-none-eabi/10.3.1/../../../../arm-none-eabi/lib/thumb/v7e-m/nofp\libg.a(lib_a-signal.o)
                0x0001de48                raise
 .text._kill_r  0x0001dea4       0x2c c:/gcc-arm-none-eabi-10.3-2021.10/bin/../lib/gcc/arm-none-eabi/10.3.1/../../../../arm-none-eabi/lib/thumb/v7e-m/nofp\libg.a(lib_a-signalr.o)
                0x0001dea4                _kill_r
 .text._getpid_r
                0x0001ded0        0x4 c:/gcc-arm-none-eabi-10.3-2021.10/bin/../lib/gcc/arm-none-eabi/10.3.1/../../../../arm-none-eabi/lib/thumb/v7e-m/nofp\libg.a(lib_a-signalr.o)
                0x0001ded0                _getpid_r
 .text.sprintf  0x0001ded4       0x40 c:/gcc-arm-none-eabi-10.3-2021.10/bin/../lib/gcc/arm-none-eabi/10.3.1/../../../../arm-none-eabi/lib/thumb/v7e-m/nofp\libg.a(lib_a-sprintf.o)
                0x0001ded4                sprintf
 *fill*         0x0001df14        0xc 
 .text          0x0001df20      0x2dc c:/gcc-arm-none-eabi-10.3-2021.10/bin/../lib/gcc/arm-none-eabi/10.3.1/../../../../arm-none-eabi/lib/thumb/v7e-m/nofp\libg.a(lib_a-strcmp.o)
                0x0001df28                strcmp
 *fill*         0x0001e1fc        0x4 
 .text          0x0001e200       0xdc c:/gcc-arm-none-eabi-10.3-2021.10/bin/../lib/gcc/arm-none-eabi/10.3.1/../../../../arm-none-eabi/lib/thumb/v7e-m/nofp\libg.a(lib_a-strlen.o)
                0x0001e200                strlen
 .text.strncmp  0x0001e2dc       0x80 c:/gcc-arm-none-eabi-10.3-2021.10/bin/../lib/gcc/arm-none-eabi/10.3.1/../../../../arm-none-eabi/lib/thumb/v7e-m/nofp\libg.a(lib_a-strncmp.o)
                0x0001e2dc                strncmp
 .text._svfprintf_r
                0x0001e35c     0x1a3c c:/gcc-arm-none-eabi-10.3-2021.10/bin/../lib/gcc/arm-none-eabi/10.3.1/../../../../arm-none-eabi/lib/thumb/v7e-m/nofp\libg.a(lib_a-svfprintf.o)
                0x0001e35c                _svfprintf_r
 .text.__swbuf_r
                0x0001fd98       0xb0 c:/gcc-arm-none-eabi-10.3-2021.10/bin/../lib/gcc/arm-none-eabi/10.3.1/../../../../arm-none-eabi/lib/thumb/v7e-m/nofp\libg.a(lib_a-wbuf.o)
                0x0001fd98                __swbuf_r
 .text._write_r
                0x0001fe48       0x2c c:/gcc-arm-none-eabi-10.3-2021.10/bin/../lib/gcc/arm-none-eabi/10.3.1/../../../../arm-none-eabi/lib/thumb/v7e-m/nofp\libg.a(lib_a-writer.o)
                0x0001fe48                _write_r
 .text.__swsetup_r
                0x0001fe74       0xd4 c:/gcc-arm-none-eabi-10.3-2021.10/bin/../lib/gcc/arm-none-eabi/10.3.1/../../../../arm-none-eabi/lib/thumb/v7e-m/nofp\libg.a(lib_a-wsetup.o)
                0x0001fe74                __swsetup_r
 .text.startup.register_fini
                0x0001ff48       0x14 c:/gcc-arm-none-eabi-10.3-2021.10/bin/../lib/gcc/arm-none-eabi/10.3.1/../../../../arm-none-eabi/lib/thumb/v7e-m/nofp\libg.a(lib_a-__call_atexit.o)
 .text.atexit   0x0001ff5c        0xc c:/gcc-arm-none-eabi-10.3-2021.10/bin/../lib/gcc/arm-none-eabi/10.3.1/../../../../arm-none-eabi/lib/thumb/v7e-m/nofp\libg.a(lib_a-atexit.o)
                0x0001ff5c                atexit
 .text.quorem   0x0001ff68      0x124 c:/gcc-arm-none-eabi-10.3-2021.10/bin/../lib/gcc/arm-none-eabi/10.3.1/../../../../arm-none-eabi/lib/thumb/v7e-m/nofp\libg.a(lib_a-dtoa.o)
 *fill*         0x0002008c        0x4 
 .text._dtoa_r  0x00020090      0xec4 c:/gcc-arm-none-eabi-10.3-2021.10/bin/../lib/gcc/arm-none-eabi/10.3.1/../../../../arm-none-eabi/lib/thumb/v7e-m/nofp\libg.a(lib_a-dtoa.o)
                0x00020090                _dtoa_r
 .text.__sflush_r
                0x00020f54      0x120 c:/gcc-arm-none-eabi-10.3-2021.10/bin/../lib/gcc/arm-none-eabi/10.3.1/../../../../arm-none-eabi/lib/thumb/v7e-m/nofp\libg.a(lib_a-fflush.o)
                0x00020f54                __sflush_r
 .text._fflush_r
                0x00021074       0x5c c:/gcc-arm-none-eabi-10.3-2021.10/bin/../lib/gcc/arm-none-eabi/10.3.1/../../../../arm-none-eabi/lib/thumb/v7e-m/nofp\libg.a(lib_a-fflush.o)
                0x00021074                _fflush_r
 .text._cleanup_r
                0x000210d0        0xc c:/gcc-arm-none-eabi-10.3-2021.10/bin/../lib/gcc/arm-none-eabi/10.3.1/../../../../arm-none-eabi/lib/thumb/v7e-m/nofp\libg.a(lib_a-findfp.o)
                0x000210d0                _cleanup_r
 .text.__sinit  0x000210dc      0x10c c:/gcc-arm-none-eabi-10.3-2021.10/bin/../lib/gcc/arm-none-eabi/10.3.1/../../../../arm-none-eabi/lib/thumb/v7e-m/nofp\libg.a(lib_a-findfp.o)
                0x000210dc                __sinit
 .text.__sfp_lock_acquire
                0x000211e8        0xc c:/gcc-arm-none-eabi-10.3-2021.10/bin/../lib/gcc/arm-none-eabi/10.3.1/../../../../arm-none-eabi/lib/thumb/v7e-m/nofp\libg.a(lib_a-findfp.o)
                0x000211e8                __sfp_lock_acquire
 .text.__sfp_lock_release
                0x000211f4        0xc c:/gcc-arm-none-eabi-10.3-2021.10/bin/../lib/gcc/arm-none-eabi/10.3.1/../../../../arm-none-eabi/lib/thumb/v7e-m/nofp\libg.a(lib_a-findfp.o)
                0x000211f4                __sfp_lock_release
 .text.__libc_fini_array
                0x00021200       0x2c c:/gcc-arm-none-eabi-10.3-2021.10/bin/../lib/gcc/arm-none-eabi/10.3.1/../../../../arm-none-eabi/lib/thumb/v7e-m/nofp\libg.a(lib_a-fini.o)
                0x00021200                __libc_fini_array
 .text._malloc_trim_r
                0x0002122c       0xa0 c:/gcc-arm-none-eabi-10.3-2021.10/bin/../lib/gcc/arm-none-eabi/10.3.1/../../../../arm-none-eabi/lib/thumb/v7e-m/nofp\libg.a(lib_a-freer.o)
                0x0002122c                _malloc_trim_r
 .text._free_r  0x000212cc      0x20c c:/gcc-arm-none-eabi-10.3-2021.10/bin/../lib/gcc/arm-none-eabi/10.3.1/../../../../arm-none-eabi/lib/thumb/v7e-m/nofp\libg.a(lib_a-freer.o)
                0x000212cc                _free_r
 .text._fwalk_reent
                0x000214d8       0x48 c:/gcc-arm-none-eabi-10.3-2021.10/bin/../lib/gcc/arm-none-eabi/10.3.1/../../../../arm-none-eabi/lib/thumb/v7e-m/nofp\libg.a(lib_a-fwalk.o)
                0x000214d8                _fwalk_reent
 .text._localeconv_r
                0x00021520        0x8 c:/gcc-arm-none-eabi-10.3-2021.10/bin/../lib/gcc/arm-none-eabi/10.3.1/../../../../arm-none-eabi/lib/thumb/v7e-m/nofp\libg.a(lib_a-localeconv.o)
                0x00021520                _localeconv_r
 .text.__smakebuf_r
                0x00021528       0xe0 c:/gcc-arm-none-eabi-10.3-2021.10/bin/../lib/gcc/arm-none-eabi/10.3.1/../../../../arm-none-eabi/lib/thumb/v7e-m/nofp\libg.a(lib_a-makebuf.o)
                0x00021528                __smakebuf_r
 .text._Balloc  0x00021608       0x4c c:/gcc-arm-none-eabi-10.3-2021.10/bin/../lib/gcc/arm-none-eabi/10.3.1/../../../../arm-none-eabi/lib/thumb/v7e-m/nofp\libg.a(lib_a-mprec.o)
                0x00021608                _Balloc
 .text._Bfree   0x00021654       0x14 c:/gcc-arm-none-eabi-10.3-2021.10/bin/../lib/gcc/arm-none-eabi/10.3.1/../../../../arm-none-eabi/lib/thumb/v7e-m/nofp\libg.a(lib_a-mprec.o)
                0x00021654                _Bfree
 .text.__multadd
                0x00021668       0xa0 c:/gcc-arm-none-eabi-10.3-2021.10/bin/../lib/gcc/arm-none-eabi/10.3.1/../../../../arm-none-eabi/lib/thumb/v7e-m/nofp\libg.a(lib_a-mprec.o)
                0x00021668                __multadd
 .text.__hi0bits
                0x00021708       0x40 c:/gcc-arm-none-eabi-10.3-2021.10/bin/../lib/gcc/arm-none-eabi/10.3.1/../../../../arm-none-eabi/lib/thumb/v7e-m/nofp\libg.a(lib_a-mprec.o)
                0x00021708                __hi0bits
 .text.__lo0bits
                0x00021748       0x5c c:/gcc-arm-none-eabi-10.3-2021.10/bin/../lib/gcc/arm-none-eabi/10.3.1/../../../../arm-none-eabi/lib/thumb/v7e-m/nofp\libg.a(lib_a-mprec.o)
                0x00021748                __lo0bits
 .text.__i2b    0x000217a4       0x5c c:/gcc-arm-none-eabi-10.3-2021.10/bin/../lib/gcc/arm-none-eabi/10.3.1/../../../../arm-none-eabi/lib/thumb/v7e-m/nofp\libg.a(lib_a-mprec.o)
                0x000217a4                __i2b
 .text.__multiply
                0x00021800      0x15c c:/gcc-arm-none-eabi-10.3-2021.10/bin/../lib/gcc/arm-none-eabi/10.3.1/../../../../arm-none-eabi/lib/thumb/v7e-m/nofp\libg.a(lib_a-mprec.o)
                0x00021800                __multiply
 .text.__pow5mult
                0x0002195c       0xc0 c:/gcc-arm-none-eabi-10.3-2021.10/bin/../lib/gcc/arm-none-eabi/10.3.1/../../../../arm-none-eabi/lib/thumb/v7e-m/nofp\libg.a(lib_a-mprec.o)
                0x0002195c                __pow5mult
 .text.__lshift
                0x00021a1c       0xf0 c:/gcc-arm-none-eabi-10.3-2021.10/bin/../lib/gcc/arm-none-eabi/10.3.1/../../../../arm-none-eabi/lib/thumb/v7e-m/nofp\libg.a(lib_a-mprec.o)
                0x00021a1c                __lshift
 .text.__mcmp   0x00021b0c       0x40 c:/gcc-arm-none-eabi-10.3-2021.10/bin/../lib/gcc/arm-none-eabi/10.3.1/../../../../arm-none-eabi/lib/thumb/v7e-m/nofp\libg.a(lib_a-mprec.o)
                0x00021b0c                __mcmp
 .text.__mdiff  0x00021b4c      0x14c c:/gcc-arm-none-eabi-10.3-2021.10/bin/../lib/gcc/arm-none-eabi/10.3.1/../../../../arm-none-eabi/lib/thumb/v7e-m/nofp\libg.a(lib_a-mprec.o)
                0x00021b4c                __mdiff
 .text.__d2b    0x00021c98       0xc4 c:/gcc-arm-none-eabi-10.3-2021.10/bin/../lib/gcc/arm-none-eabi/10.3.1/../../../../arm-none-eabi/lib/thumb/v7e-m/nofp\libg.a(lib_a-mprec.o)
                0x00021c98                __d2b
 .text.frexp    0x00021d5c       0x70 c:/gcc-arm-none-eabi-10.3-2021.10/bin/../lib/gcc/arm-none-eabi/10.3.1/../../../../arm-none-eabi/lib/thumb/v7e-m/nofp\libg.a(lib_a-s_frexp.o)
                0x00021d5c                frexp
 .text.__sread  0x00021dcc       0x24 c:/gcc-arm-none-eabi-10.3-2021.10/bin/../lib/gcc/arm-none-eabi/10.3.1/../../../../arm-none-eabi/lib/thumb/v7e-m/nofp\libg.a(lib_a-stdio.o)
                0x00021dcc                __sread
 .text.__swrite
                0x00021df0       0x40 c:/gcc-arm-none-eabi-10.3-2021.10/bin/../lib/gcc/arm-none-eabi/10.3.1/../../../../arm-none-eabi/lib/thumb/v7e-m/nofp\libg.a(lib_a-stdio.o)
                0x00021df0                __swrite
 .text.__sseek  0x00021e30       0x20 c:/gcc-arm-none-eabi-10.3-2021.10/bin/../lib/gcc/arm-none-eabi/10.3.1/../../../../arm-none-eabi/lib/thumb/v7e-m/nofp\libg.a(lib_a-stdio.o)
                0x00021e30                __sseek
 .text.__sclose
                0x00021e50        0x8 c:/gcc-arm-none-eabi-10.3-2021.10/bin/../lib/gcc/arm-none-eabi/10.3.1/../../../../arm-none-eabi/lib/thumb/v7e-m/nofp\libg.a(lib_a-stdio.o)
                0x00021e50                __sclose
 .text.strncpy  0x00021e58       0x64 c:/gcc-arm-none-eabi-10.3-2021.10/bin/../lib/gcc/arm-none-eabi/10.3.1/../../../../arm-none-eabi/lib/thumb/v7e-m/nofp\libg.a(lib_a-strncpy.o)
                0x00021e58                strncpy
 .text.__ssprint_r
                0x00021ebc       0xf8 c:/gcc-arm-none-eabi-10.3-2021.10/bin/../lib/gcc/arm-none-eabi/10.3.1/../../../../arm-none-eabi/lib/thumb/v7e-m/nofp\libg.a(lib_a-svfiprintf.o)
                0x00021ebc                __ssprint_r
 .text.__register_exitproc
                0x00021fb4       0x8c c:/gcc-arm-none-eabi-10.3-2021.10/bin/../lib/gcc/arm-none-eabi/10.3.1/../../../../arm-none-eabi/lib/thumb/v7e-m/nofp\libg.a(lib_a-__atexit.o)
                0x00021fb4                __register_exitproc
 .text.__assert_func
                0x00022040       0x40 c:/gcc-arm-none-eabi-10.3-2021.10/bin/../lib/gcc/arm-none-eabi/10.3.1/../../../../arm-none-eabi/lib/thumb/v7e-m/nofp\libg.a(lib_a-assert.o)
                0x00022040                __assert_func
 .text._calloc_r
                0x00022080       0x78 c:/gcc-arm-none-eabi-10.3-2021.10/bin/../lib/gcc/arm-none-eabi/10.3.1/../../../../arm-none-eabi/lib/thumb/v7e-m/nofp\libg.a(lib_a-callocr.o)
                0x00022080                _calloc_r
 .text._close_r
                0x000220f8       0x24 c:/gcc-arm-none-eabi-10.3-2021.10/bin/../lib/gcc/arm-none-eabi/10.3.1/../../../../arm-none-eabi/lib/thumb/v7e-m/nofp\libg.a(lib_a-closer.o)
                0x000220f8                _close_r
 .text.__errno  0x0002211c        0xc c:/gcc-arm-none-eabi-10.3-2021.10/bin/../lib/gcc/arm-none-eabi/10.3.1/../../../../arm-none-eabi/lib/thumb/v7e-m/nofp\libg.a(lib_a-errno.o)
                0x0002211c                __errno
 .text._fclose_r
                0x00022128       0xcc c:/gcc-arm-none-eabi-10.3-2021.10/bin/../lib/gcc/arm-none-eabi/10.3.1/../../../../arm-none-eabi/lib/thumb/v7e-m/nofp\libg.a(lib_a-fclose.o)
                0x00022128                _fclose_r
 .text.fiprintf
                0x000221f4       0x28 c:/gcc-arm-none-eabi-10.3-2021.10/bin/../lib/gcc/arm-none-eabi/10.3.1/../../../../arm-none-eabi/lib/thumb/v7e-m/nofp\libg.a(lib_a-fiprintf.o)
                0x000221f4                fiprintf
 .text._fstat_r
                0x0002221c       0x2c c:/gcc-arm-none-eabi-10.3-2021.10/bin/../lib/gcc/arm-none-eabi/10.3.1/../../../../arm-none-eabi/lib/thumb/v7e-m/nofp\libg.a(lib_a-fstatr.o)
                0x0002221c                _fstat_r
 .text._isatty_r
                0x00022248       0x24 c:/gcc-arm-none-eabi-10.3-2021.10/bin/../lib/gcc/arm-none-eabi/10.3.1/../../../../arm-none-eabi/lib/thumb/v7e-m/nofp\libg.a(lib_a-isattyr.o)
                0x00022248                _isatty_r
 .text.__locale_mb_cur_max
                0x0002226c        0xc c:/gcc-arm-none-eabi-10.3-2021.10/bin/../lib/gcc/arm-none-eabi/10.3.1/../../../../arm-none-eabi/lib/thumb/v7e-m/nofp\libg.a(lib_a-locale.o)
                0x0002226c                __locale_mb_cur_max
 .text._lseek_r