Archive member included to satisfy reference by file (symbol)

c:/gcc-arm-none-eabi-10.3-2021.10/bin/../lib/gcc/arm-none-eabi/10.3.1/../../../../arm-none-eabi/lib/thumb/v7e-m/nofp\libstdc++.a(atexit_arm.o)
                              ../main.o (__aeabi_atexit)
c:/gcc-arm-none-eabi-10.3-2021.10/bin/../lib/gcc/arm-none-eabi/10.3.1/../../../../arm-none-eabi/lib/thumb/v7e-m/nofp\libstdc++.a(del_ops.o)
                              Libraries/FEHIO.o (operator delete(void*, unsigned int))
c:/gcc-arm-none-eabi-10.3-2021.10/bin/../lib/gcc/arm-none-eabi/10.3.1/../../../../arm-none-eabi/lib/thumb/v7e-m/nofp\libstdc++.a(new_op.o)
                              Libraries/FEHIO.o (operator new(unsigned int))
c:/gcc-arm-none-eabi-10.3-2021.10/bin/../lib/gcc/arm-none-eabi/10.3.1/../../../../arm-none-eabi/lib/thumb/v7e-m/nofp\libstdc++.a(bad_alloc.o)
                              c:/gcc-arm-none-eabi-10.3-2021.10/bin/../lib/gcc/arm-none-eabi/10.3.1/../../../../arm-none-eabi/lib/thumb/v7e-m/nofp\libstdc++.a(new_op.o) (std::bad_alloc::~bad_alloc())
c:/gcc-arm-none-eabi-10.3-2021.10/bin/../lib/gcc/arm-none-eabi/10.3.1/../../../../arm-none-eabi/lib/thumb/v7e-m/nofp\libstdc++.a(del_op.o)
                              c:/gcc-arm-none-eabi-10.3-2021.10/bin/../lib/gcc/arm-none-eabi/10.3.1/../../../../arm-none-eabi/lib/thumb/v7e-m/nofp\libstdc++.a(del_ops.o) (operator delete(void*))
c:/gcc-arm-none-eabi-10.3-2021.10/bin/../lib/gcc/arm-none-eabi/10.3.1/../../../../arm-none-eabi/lib/thumb/v7e-m/nofp\libstdc++.a(eh_alloc.o)
                              c:/gcc-arm-none-eabi-10.3-2021.10/bin/../lib/gcc/arm-none-eabi/10.3.1/../../../../arm-none-eabi/lib/thumb/v7e-m/nofp\libstdc++.a(new_op.o) (__cxa_allocate_exception)
c:/gcc-arm-none-eabi-10.3-2021.10/bin/../lib/gcc/arm-none-eabi/10.3.1/../../../../arm-none-eabi/lib/thumb/v7e-m/nofp\libstdc++.a(eh_exception.o)
                              c:/gcc-arm-none-eabi-10.3-2021.10/bin/../lib/gcc/arm-none-eabi/10.3.1/../../../../arm-none-eabi/lib/thumb/v7e-m/nofp\libstdc++.a(bad_alloc.o) (std::exception::~exception())
c:/gcc-arm-none-eabi-10.3-2021.10/bin/../lib/gcc/arm-none-eabi/10.3.1/../../../../arm-none-eabi/lib/thumb/v7e-m/nofp\libstdc++.a(eh_terminate.o)
                              c:/gcc-arm-none-eabi-10.3-2021.10/bin/../lib/gcc/arm-none-eabi/10.3.1/../../../../arm-none-eabi/lib/thumb/v7e-m/nofp\libstdc++.a(eh_alloc.o) (std::terminate())
c:/gcc-arm-none-eabi-10.3-2021.10/bin/../lib/gcc/arm-none-eabi/10.3.1/../../../../arm-none-eabi/lib/thumb/v7e-m/nofp\libstdc++.a(eh_throw.o)
                              c:/gcc-arm-none-eabi-10.3-2021.10/bin/../lib/gcc/arm-none-eabi/10.3.1/../../../../arm-none-eabi/lib/thumb/v7e-m/nofp\libstdc++.a(new_op.o) (__cxa_throw)
c:/gcc-arm-none-eabi-10.3-2021.10/bin/../lib/gcc/arm-none-eabi/10.3.1/../../../../arm-none-eabi/lib/thumb/v7e-m/nofp\libstdc++.a(eh_unex_handler.o)
                              c:/gcc-arm-none-eabi-10.3-2021.10/bin/../lib/gcc/arm-none-eabi/10.3.1/../../../../arm-none-eabi/lib/thumb/v7e-m/nofp\libstdc++.a(eh_terminate.o) (__cxxabiv1::__unexpected_handler)
c:/gcc-arm-none-eabi-10.3-2021.10/bin/../lib/gcc/arm-none-eabi/10.3.1/../../../../arm-none-eabi/lib/thumb/v7e-m/nofp\libstdc++.a(new_handler.o)
                              c:/gcc-arm-none-eabi-10.3-2021.10/bin/../lib/gcc/arm-none-eabi/10.3.1/../../../../arm-none-eabi/lib/thumb/v7e-m/nofp\libstdc++.a(new_op.o) (std::get_new_handler())
c:/gcc-arm-none-eabi-10.3-2021.10/bin/../lib/gcc/arm-none-eabi/10.3.1/../../../../arm-none-eabi/lib/thumb/v7e-m/nofp\libstdc++.a(pure.o)
                              c:/gcc-arm-none-eabi-10.3-2021.10/bin/../lib/gcc/arm-none-eabi/10.3.1/../../../../arm-none-eabi/lib/thumb/v7e-m/nofp\libstdc++.a(eh_exception.o) (__cxa_pure_virtual)
c:/gcc-arm-none-eabi-10.3-2021.10/bin/../lib/gcc/arm-none-eabi/10.3.1/../../../../arm-none-eabi/lib/thumb/v7e-m/nofp\libstdc++.a(si_class_type_info.o)
                              c:/gcc-arm-none-eabi-10.3-2021.10/bin/../lib/gcc/arm-none-eabi/10.3.1/../../../../arm-none-eabi/lib/thumb/v7e-m/nofp\libstdc++.a(bad_alloc.o) (vtable for __cxxabiv1::__si_class_type_info)
c:/gcc-arm-none-eabi-10.3-2021.10/bin/../lib/gcc/arm-none-eabi/10.3.1/../../../../arm-none-eabi/lib/thumb/v7e-m/nofp\libstdc++.a(tinfo.o)
                              c:/gcc-arm-none-eabi-10.3-2021.10/bin/../lib/gcc/arm-none-eabi/10.3.1/../../../../arm-none-eabi/lib/thumb/v7e-m/nofp\libstdc++.a(si_class_type_info.o) (std::type_info::__is_pointer_p() const)
c:/gcc-arm-none-eabi-10.3-2021.10/bin/../lib/gcc/arm-none-eabi/10.3.1/../../../../arm-none-eabi/lib/thumb/v7e-m/nofp\libstdc++.a(vterminate.o)
                              c:/gcc-arm-none-eabi-10.3-2021.10/bin/../lib/gcc/arm-none-eabi/10.3.1/../../../../arm-none-eabi/lib/thumb/v7e-m/nofp\libstdc++.a(eh_terminate.o) (__gnu_cxx::__verbose_terminate_handler())
c:/gcc-arm-none-eabi-10.3-2021.10/bin/../lib/gcc/arm-none-eabi/10.3.1/../../../../arm-none-eabi/lib/thumb/v7e-m/nofp\libstdc++.a(class_type_info.o)
[...]
Memory Configuration

Name             Origin             Length             Attributes
PROGRAM_FLASH    0x0000c000         0x00073c00         xr
SRAM_UPPER       0x20000000         0x00010000         xrw
SRAM_LOWER       0x1fff0000         0x00010000         xrw
*default*        0x00000000         0xffffffff

Linker script and memory map

LOAD c:/gcc-arm-none-eabi-10.3-2021.10/bin/../lib/gcc/arm-none-eabi/10.3.1/thumb/v7e-m/nofp/crti.o
LOAD c:/gcc-arm-none-eabi-10.3-2021.10/bin/../lib/gcc/arm-none-eabi/10.3.1/thumb/v7e-m/nofp/crtbegin.o
LOAD c:/gcc-arm-none-eabi-10.3-2021.10/bin/../lib/gcc/arm-none-eabi/10.3.1/../../../../arm-none-eabi/lib/thumb/v7e-m/nofp/crt0.o
LOAD ../main.o
LOAD Startup/startup_mk60d10.o
LOAD Libraries/FEHMotor.o
LOAD Drivers/mcg.o
LOAD Drivers/i2c.o
LOAD Drivers/spi.o
LOAD Drivers/uart.o
LOAD Drivers/ff.o
LOAD Drivers/SDHC.o
LOAD Drivers/lptmr.o
LOAD FEHProteus.o
LOAD Drivers/FEHPropeller.o
LOAD Libraries/FEHUtility.o
LOAD Libraries/FEHIO.o
LOAD Drivers/adc16.o
LOAD Libraries/FEHBuzzer.o
LOAD Libraries/FEHServo.o
LOAD Libraries/FEHLCD.o
LOAD Libraries/FEHAccel.o
LOAD Libraries/FEHBattery.o
LOAD Drivers/FEHXBee.o
LOAD Libraries/FEHRCS.o
LOAD Libraries/FEHSD.o
LOAD Libraries/FEHRandom.o
LOAD c:/gcc-arm-none-eabi-10.3-2021.10/bin/../lib/gcc/arm-none-eabi/10.3.1/../../../../arm-none-eabi/lib/thumb/v7e-m/nofp\libstdc++.a
LOAD c:/gcc-arm-none-eabi-10.3-2021.10/bin/../lib/gcc/arm-none-eabi/10.3.1/../../../../arm-none-eabi/lib/thumb/v7e-m/nofp\libm.a
START GROUP
LOAD c:/gcc-arm-none-eabi-10.3-2021.10/bin/../lib/gcc/arm-none-eabi/10.3.1/thumb/v7e-m/nofp\libgcc.a
LOAD c:/gcc-arm-none-eabi-10.3-2021.10/bin/../lib/gcc/arm-none-eabi/10.3.1/../../../../arm-none-eabi/lib/thumb/v7e-m/nofp\libg.a
LOAD c:/gcc-arm-none-eabi-10.3-2021.10/bin/../lib/gcc/arm-none-eabi/10.3.1/../../../../arm-none-eabi/lib/thumb/v7e-m/nofp\libc.a
END GROUP
START GROUP
LOAD c:/gcc-arm-none-eabi-10.3-2021.10/bin/../lib/gcc/arm-none-eabi/10.3.1/thumb/v7e-m/nofp\libgcc.a
LOAD c:/gcc-arm-none-eabi-10.3-2021.10/bin/../lib/gcc/arm-none-eabi/10.3.1/../../../../arm-none-eabi/lib/thumb/v7e-m/nofp\libc.a
LOAD c:/gcc-arm-none-eabi-10.3-2021.10/bin/../lib/gcc/arm-none-eabi/10.3.1/../../../../arm-none-eabi/lib/thumb/v7e-m/nofp\libnosys.a
END GROUP
LOAD c:/gcc-arm-none-eabi-10.3-2021.10/bin/../lib/gcc/arm-none-eabi/10.3.1/thumb/v7e-m/nofp/crtend.o
LOAD c:/gcc-arm-none-eabi-10.3-2021.10/bin/../lib/gcc/arm-none-eabi/10.3.1/thumb/v7e-m/nofp/crtn.o
                0x0000c000                __base_PROGRAM_FLASH = 0xc000
                0x0000c000                __base_Flash = 0xc000
                0x0007fc00                __top_PROGRAM_FLASH = 0x7fc00
                0x0007fc00                __top_Flash = 0x7fc00
                0x20000000                __base_SRAM_UPPER = 0x20000000
                0x20000000                __base_RAM = 0x20000000
                0x20010000                __top_SRAM_UPPER = 0x20010000
                0x20010000                __top_RAM = 0x20010000
                0x1fff0000                __base_SRAM_LOWER = 0x1fff0000
                0x1fff0000                __base_RAM2 = 0x1fff0000
                0x20000000                __top_SRAM_LOWER = 0x20000000
                0x20000000                __top_RAM2 = 0x20000000

.text           0x0000c000      0x410
 FILL mask 0xff
                0x0000c000                __vectors_start__ = ABSOLUTE (.)
 *(.isr_vector)
 .isr_vector    0x0000c000      0x1bc Startup/startup_mk60d10.o
                0x0000c000                g_pfnVectors
                0x0000c000                __Vectors
                0x0000c1bc                . = ALIGN (0x4)
                0x0000c1bc                __section_table_start = .
                0x0000c1bc                __data_section_table = .
                0x0000c1bc        0x4 LONG 0x267c8 LOADADDR (.data)
                0x0000c1c0        0x4 LONG 0x20000000 ADDR (.data)
                0x0000c1c4        0x4 LONG 0x16d8 SIZEOF (.data)
                0x0000c1c8        0x4 LONG 0x267c8 LOADADDR (.data_RAM2)
                0x0000c1cc        0x4 LONG 0x1fff0000 ADDR (.data_RAM2)
                0x0000c1d0        0x4 LONG 0x0 SIZEOF (.data_RAM2)
                0x0000c1d4                __data_section_table_end = .
                0x0000c1d4                __bss_section_table = .
                0x0000c1d4        0x4 LONG 0x200016d8 ADDR (.bss)
                0x0000c1d8        0x4 LONG 0x718 SIZEOF (.bss)
                0x0000c1dc        0x4 LONG 0x1fff0000 ADDR (.bss_RAM2)
                0x0000c1e0        0x4 LONG 0x0 SIZEOF (.bss_RAM2)
                0x0000c1e4                __bss_section_table_end = .
                0x0000c1e4                __section_table_end = .
 *(.after_vectors*)
 .after_vectors.init_data
                0x0000c1e4       0x42 Startup/startup_mk60d10.o
                0x0000c1e4                data_init(unsigned int, unsigned int, unsigned int)
 .after_vectors.init_bss
                0x0000c226       0x36 Startup/startup_mk60d10.o
                0x0000c226                bss_init(unsigned int, unsigned int)
 .after_vectors.reset
                0x0000c25c       0xb4 Startup/startup_mk60d10.o
                0x0000c25c                ResetISR
 .after_vectors
                0x0000c310       0x3c Startup/startup_mk60d10.o
                0x0000c310                NMI_Handler
                0x0000c316                HardFault_Handler
                0x0000c31c                MemManage_Handler
                0x0000c322                BusFault_Handler
                0x0000c328                UsageFault_Handler
                0x0000c32e                SVC_Handler
                0x0000c334                DebugMon_Handler
                0x0000c33a                PendSV_Handler
                0x0000c340                SysTick_Handler
                0x0000c346                DMA_Error_DriverIRQHandler
                0x0000c346                LPTMR0_DriverIRQHandler
                0x0000c346                FTM1_DriverIRQHandler
                0x0000c346                FTM2_DriverIRQHandler
                0x0000c346                PIT2_DriverIRQHandler
                0x0000c346                SDHC_DriverIRQHandler
                0x0000c346                I2S0_Tx_DriverIRQHandler
                0x0000c346                TSI0_DriverIRQHandler
                0x0000c346                RTC_Seconds_DriverIRQHandler
                0x0000c346                Reserved109_DriverIRQHandler
                0x0000c346                DMA6_DriverIRQHandler
                0x0000c346                LLWU_DriverIRQHandler
                0x0000c346                MCM_DriverIRQHandler
                0x0000c346                MCG_DriverIRQHandler
                0x0000c346                ENET_1588_Timer_DriverIRQHandler
                0x0000c346                DAC1_DriverIRQHandler
                0x0000c346                SPI1_DriverIRQHandler
                0x0000c346                CMP1_DriverIRQHandler
                0x0000c346                UART5_RX_TX_DriverIRQHandler
                0x0000c346                FTM0_DriverIRQHandler
                0x0000c346                IntDefaultHandler
                0x0000c346                USB0_DriverIRQHandler
                0x0000c346                UART5_ERR_DriverIRQHandler
                0x0000c346                DMA11_DriverIRQHandler
                0x0000c346                DAC0_DriverIRQHandler
                0x0000c346                DMA10_DriverIRQHandler
                0x0000c346                CMP2_DriverIRQHandler
                0x0000c346                UART2_ERR_DriverIRQHandler
                0x0000c346                SPI2_DriverIRQHandler
                0x0000c346                LVD_LVW_DriverIRQHandler
                0x0000c346                RNG_DriverIRQHandler
                0x0000c346                DMA12_DriverIRQHandler
                0x0000c346                DMA4_DriverIRQHandler
                0x0000c346                UART2_RX_TX_DriverIRQHandler
                0x0000c346                USBDCD_DriverIRQHandler
                0x0000c346                UART3_ERR_DriverIRQHandler
                0x0000c346                DMA3_DriverIRQHandler
                0x0000c346                DMA8_DriverIRQHandler
                0x0000c346                DMA9_DriverIRQHandler
                0x0000c346                UART0_ERR_DriverIRQHandler
                0x0000c346                CMT_DriverIRQHandler
                0x0000c346                ADC1_DriverIRQHandler
                0x0000c346                DMA14_DriverIRQHandler
                0x0000c346                PIT3_DriverIRQHandler
                0x0000c346                PIT1_DriverIRQHandler
                0x0000c346                WDOG_EWM_DriverIRQHandler
                0x0000c346                PDB0_DriverIRQHandler
                0x0000c346                Reserved95_DriverIRQHandler
                0x0000c346                RTC_DriverIRQHandler
                0x0000c346                I2S0_Rx_DriverIRQHandler
                0x0000c346                Read_Collision_DriverIRQHandler
                0x0000c346                SWI_DriverIRQHandler
                0x0000c346                UART4_RX_TX_DriverIRQHandler
                0x0000c346                UART4_ERR_DriverIRQHandler
                0x0000c346                DMA0_DriverIRQHandler
                0x0000c346                UART0_LON_DriverIRQHandler
                0x0000c346                Reserved102_DriverIRQHandler
                0x0000c346                DMA1_DriverIRQHandler
                0x0000c346                I2C1_DriverIRQHandler
                0x0000c346                UART3_RX_TX_DriverIRQHandler
                0x0000c346                ENET_Receive_DriverIRQHandler
                0x0000c346                DMA13_DriverIRQHandler
                0x0000c346                ENET_Error_DriverIRQHandler
                0x0000c346                DMA15_DriverIRQHandler
                0x0000c346                SPI0_DriverIRQHandler
                0x0000c346                ADC0_DriverIRQHandler
                0x0000c346                FTFL_DriverIRQHandler
                0x0000c346                CMP0_DriverIRQHandler
                0x0000c346                CAN0_DriverIRQHandler
                0x0000c346                Reserved59_DriverIRQHandler
                0x0000c346                DMA5_DriverIRQHandler
                0x0000c346                UART1_ERR_DriverIRQHandler
                0x0000c346                DMA2_DriverIRQHandler
                0x0000c346                ENET_Transmit_DriverIRQHandler
                0x0000c346                I2C0_DriverIRQHandler
                0x0000c346                CAN1_DriverIRQHandler
                0x0000c346                DMA7_DriverIRQHandler
                0x0000c346                UART1_RX_TX_DriverIRQHandler
                0x0000c346                Reserved108_DriverIRQHandler
                0x00000400                . = 0x400
 *fill*         0x0000c34c       0xb4 ff
                0x0000c400                PROVIDE (__FLASH_CONFIG_START__ = .)
 *(.FlashConfig)
 .FlashConfig   0x0000c400       0x10 Startup/startup_mk60d10.o
                0x0000c410                PROVIDE (__FLASH_CONFIG_END__ = .)
                0x00000001                ASSERT (! ((__FLASH_CONFIG_START__ == __FLASH_CONFIG_END__)), Linker Flash Config Support Enabled, but no .FlashConfig section provided within application)

.glue_7         0x0000c410        0x0
 .glue_7        0x0000c410        0x0 linker stubs

.glue_7t        0x0000c410        0x0
 .glue_7t       0x0000c410        0x0 linker stubs

.vfp11_veneer   0x0000c410        0x0
 .vfp11_veneer  0x0000c410        0x0 linker stubs

.v4_bx          0x0000c410        0x0
 .v4_bx         0x0000c410        0x0 linker stubs

.iplt           0x0000c410        0x0
 .iplt          0x0000c410        0x0 c:/gcc-arm-none-eabi-10.3-2021.10/bin/../lib/gcc/arm-none-eabi/10.3.1/thumb/v7e-m/nofp/crtbegin.o

.text           0x0000c440    0x1a108
 *(.text*)
 .text          0x0000c440       0x40 c:/gcc-arm-none-eabi-10.3-2021.10/bin/../lib/gcc/arm-none-eabi/10.3.1/thumb/v7e-m/nofp/crtbegin.o
 .text.main     0x0000c480      0x8dc ../main.o
                0x0000c480                main
 .text._Z9lineEqualfff
                0x0000cd5c       0x4e ../main.o
                0x0000cd5c                lineEqual(float, float, float)
 *fill*         0x0000cdaa        0x6 
 .text._Z11moveForwarddf
                0x0000cdb0       0xc8 ../main.o
                0x0000cdb0                moveForward(double, float)
 .text._Z12moveBackwarddf
                0x0000ce78       0xf0 ../main.o
                0x0000ce78                moveBackward(double, float)
 .text._Z8turnLeftdf
                0x0000cf68       0xa8 ../main.o
                0x0000cf68                turnLeft(double, float)
 .text._Z9turnRightdf
                0x0000d010       0xa8 ../main.o
                0x0000d010                turnRight(double, float)
 .text._Z41__static_initialization_and_destruction_0ii
                0x0000d0b8       0xdc ../main.o
 .text._GLOBAL__sub_I_leftMotor
                0x0000d194       0x10 ../main.o
 .text.PORTD_IRQHandler
                0x0000d1a4       0x50 Startup/startup_mk60d10.o
                0x0000d1a4                PORTD_IRQHandler
 .text._Z15InitPowerButtonv
                0x0000d1f4       0x60 Startup/startup_mk60d10.o
                0x0000d1f4                InitPowerButton()
 .text._ZL11pll_init_blv
                0x0000d254       0xe0 Startup/startup_mk60d10.o
 .text._Z14InitFEHProteusv
                0x0000d334       0xec Startup/startup_mk60d10.o
                0x0000d334                InitFEHProteus()
 .text.DMA0_IRQHandler
                0x0000d420        0xc Startup/startup_mk60d10.o
                0x0000d420                DMA0_IRQHandler
 .text.DMA1_IRQHandler
                0x0000d42c        0xc Startup/startup_mk60d10.o
                0x0000d42c                DMA1_IRQHandler
 .text.DMA2_IRQHandler
                0x0000d438        0xc Startup/startup_mk60d10.o
                0x0000d438                DMA2_IRQHandler
 .text.DMA3_IRQHandler
                0x0000d444        0xc Startup/startup_mk60d10.o
                0x0000d444                DMA3_IRQHandler
 .text.DMA4_IRQHandler
                0x0000d450        0xc Startup/startup_mk60d10.o
                0x0000d450                DMA4_IRQHandler
 .text.DMA5_IRQHandler
                0x0000d45c        0xc Startup/startup_mk60d10.o
                0x0000d45c                DMA5_IRQHandler
 .text.DMA6_IRQHandler
                0x0000d468        0xc Startup/startup_mk60d10.o
                0x0000d468                DMA6_IRQHandler
 .text.DMA7_IRQHandler
                0x0000d474        0xc Startup/startup_mk60d10.o
                0x0000d474                DMA7_IRQHandler
 .text.DMA8_IRQHandler
                0x0000d480        0xc Startup/startup_mk60d10.o
                0x0000d480                DMA8_IRQHandler
 .text.DMA9_IRQHandler
                0x0000d48c        0xc Startup/startup_mk60d10.o
                0x0000d48c                DMA9_IRQHandler
 .text.DMA10_IRQHandler
                0x0000d498        0xc Startup/startup_mk60d10.o
                0x0000d498                DMA10_IRQHandler
 .text.DMA11_IRQHandler
                0x0000d4a4        0xc Startup/startup_mk60d10.o
                0x0000d4a4                DMA11_IRQHandler
 .text.DMA12_IRQHandler
                0x0000d4b0        0xc Startup/startup_mk60d10.o
                0x0000d4b0                DMA12_IRQHandler
 .text.DMA13_IRQHandler
                0x0000d4bc        0xc Startup/startup_mk60d10.o
                0x0000d4bc                DMA13_IRQHandler
 .text.DMA14_IRQHandler
                0x0000d4c8        0xc Startup/startup_mk60d10.o
                0x0000d4c8                DMA14_IRQHandler
 .text.DMA15_IRQHandler
                0x0000d4d4        0xc Startup/startup_mk60d10.o
                0x0000d4d4                DMA15_IRQHandler
 .text.DMA_Error_IRQHandler
                0x0000d4e0        0xc Startup/startup_mk60d10.o
                0x0000d4e0                DMA_Error_IRQHandler
 .text.MCM_IRQHandler
                0x0000d4ec        0xc Startup/startup_mk60d10.o
                0x0000d4ec                MCM_IRQHandler
 .text.FTFL_IRQHandler
                0x0000d4f8        0xc Startup/startup_mk60d10.o
                0x0000d4f8                FTFL_IRQHandler
 .text.Read_Collision_IRQHandler
                0x0000d504        0xc Startup/startup_mk60d10.o
                0x0000d504                Read_Collision_IRQHandler
 .text.LVD_LVW_IRQHandler
                0x0000d510        0xc Startup/startup_mk60d10.o
                0x0000d510                LVD_LVW_IRQHandler
 .text.LLWU_IRQHandler
                0x0000d51c        0xc Startup/startup_mk60d10.o
                0x0000d51c                LLWU_IRQHandler
 .text.WDOG_EWM_IRQHandler
                0x0000d528        0xc Startup/startup_mk60d10.o
                0x0000d528                WDOG_EWM_IRQHandler
 .text.RNG_IRQHandler
                0x0000d534        0xc Startup/startup_mk60d10.o
                0x0000d534                RNG_IRQHandler
 .text.I2C0_IRQHandler
                0x0000d540        0xc Startup/startup_mk60d10.o
                0x0000d540                I2C0_IRQHandler
 .text.I2C1_IRQHandler
                0x0000d54c        0xc Startup/startup_mk60d10.o
                0x0000d54c                I2C1_IRQHandler
 .text.SPI0_IRQHandler
                0x0000d558        0xc Startup/startup_mk60d10.o
                0x0000d558                SPI0_IRQHandler
 .text.SPI1_IRQHandler
                0x0000d564        0xc Startup/startup_mk60d10.o
                0x0000d564                SPI1_IRQHandler
 .text.SPI2_IRQHandler
                0x0000d570        0xc Startup/startup_mk60d10.o
                0x0000d570                SPI2_IRQHandler
 .text.CAN0_ORed_Message_buffer_IRQHandler
                0x0000d57c        0xc Startup/startup_mk60d10.o
                0x0000d57c                CAN0_ORed_Message_buffer_IRQHandler
 .text.CAN0_Bus_Off_IRQHandler
                0x0000d588        0xc Startup/startup_mk60d10.o
                0x0000d588                CAN0_Bus_Off_IRQHandler
 .text.CAN0_Error_IRQHandler
                0x0000d594        0xc Startup/startup_mk60d10.o
                0x0000d594                CAN0_Error_IRQHandler
 .text.CAN0_Tx_Warning_IRQHandler
                0x0000d5a0        0xc Startup/startup_mk60d10.o
                0x0000d5a0                CAN0_Tx_Warning_IRQHandler
 .text.CAN0_Rx_Warning_IRQHandler
                0x0000d5ac        0xc Startup/startup_mk60d10.o
                0x0000d5ac                CAN0_Rx_Warning_IRQHandler
 .text.CAN0_Wake_Up_IRQHandler
                0x0000d5b8        0xc Startup/startup_mk60d10.o
                0x0000d5b8                CAN0_Wake_Up_IRQHandler
 .text.I2S0_Tx_IRQHandler
                0x0000d5c4        0xc Startup/startup_mk60d10.o
                0x0000d5c4                I2S0_Tx_IRQHandler
 .text.I2S0_Rx_IRQHandler
                0x0000d5d0        0xc Startup/startup_mk60d10.o
                0x0000d5d0                I2S0_Rx_IRQHandler
 .text.CAN1_ORed_Message_buffer_IRQHandler
                0x0000d5dc        0xc Startup/startup_mk60d10.o
                0x0000d5dc                CAN1_ORed_Message_buffer_IRQHandler
 .text.CAN1_Bus_Off_IRQHandler
                0x0000d5e8        0xc Startup/startup_mk60d10.o
                0x0000d5e8                CAN1_Bus_Off_IRQHandler
 .text.CAN1_Error_IRQHandler
                0x0000d5f4        0xc Startup/startup_mk60d10.o
                0x0000d5f4                CAN1_Error_IRQHandler
 .text.CAN1_Tx_Warning_IRQHandler
                0x0000d600        0xc Startup/startup_mk60d10.o
                0x0000d600                CAN1_Tx_Warning_IRQHandler
 .text.CAN1_Rx_Warning_IRQHandler
                0x0000d60c        0xc Startup/startup_mk60d10.o
                0x0000d60c                CAN1_Rx_Warning_IRQHandler
 .text.CAN1_Wake_Up_IRQHandler
                0x0000d618        0xc Startup/startup_mk60d10.o
                0x0000d618                CAN1_Wake_Up_IRQHandler
 .text.Reserved59_IRQHandler
                0x0000d624        0xc Startup/startup_mk60d10.o
                0x0000d624                Reserved59_IRQHandler
 .text.UART0_LON_IRQHandler
                0x0000d630        0xc Startup/startup_mk60d10.o
                0x0000d630                UART0_LON_IRQHandler
 .text.UART0_ERR_IRQHandler
                0x0000d63c        0xc Startup/startup_mk60d10.o
                0x0000d63c                UART0_ERR_IRQHandler
 .text.UART1_RX_TX_IRQHandler
                0x0000d648        0xc Startup/startup_mk60d10.o
                0x0000d648                UART1_RX_TX_IRQHandler
 .text.UART1_ERR_IRQHandler
                0x0000d654        0xc Startup/startup_mk60d10.o
                0x0000d654                UART1_ERR_IRQHandler
 .text.UART2_RX_TX_IRQHandler
                0x0000d660        0xc Startup/startup_mk60d10.o
                0x0000d660                UART2_RX_TX_IRQHandler
 .text.UART2_ERR_IRQHandler
                0x0000d66c        0xc Startup/startup_mk60d10.o
                0x0000d66c                UART2_ERR_IRQHandler
 .text.UART3_RX_TX_IRQHandler
                0x0000d678        0xc Startup/startup_mk60d10.o
                0x0000d678                UART3_RX_TX_IRQHandler
 .text.UART3_ERR_IRQHandler
                0x0000d684        0xc Startup/startup_mk60d10.o
                0x0000d684                UART3_ERR_IRQHandler
 .text.UART4_RX_TX_IRQHandler
                0x0000d690        0xc Startup/startup_mk60d10.o
                0x0000d690                UART4_RX_TX_IRQHandler
 .text.UART4_ERR_IRQHandler
                0x0000d69c        0xc Startup/startup_mk60d10.o
                0x0000d69c                UART4_ERR_IRQHandler
 .text.UART5_RX_TX_IRQHandler
                0x0000d6a8        0xc Startup/startup_mk60d10.o
                0x0000d6a8                UART5_RX_TX_IRQHandler
 .text.UART5_ERR_IRQHandler
                0x0000d6b4        0xc Startup/startup_mk60d10.o
                0x0000d6b4                UART5_ERR_IRQHandler
 .text.ADC0_IRQHandler
                0x0000d6c0        0xc Startup/startup_mk60d10.o
                0x0000d6c0                ADC0_IRQHandler
 .text.ADC1_IRQHandler
                0x0000d6cc        0xc Startup/startup_mk60d10.o
                0x0000d6cc                ADC1_IRQHandler
 .text.CMP0_IRQHandler
                0x0000d6d8        0xc Startup/startup_mk60d10.o
                0x0000d6d8                CMP0_IRQHandler
 .text.CMP1_IRQHandler
                0x0000d6e4        0xc Startup/startup_mk60d10.o
                0x0000d6e4                CMP1_IRQHandler
 .text.CMP2_IRQHandler
                0x0000d6f0        0xc Startup/startup_mk60d10.o
                0x0000d6f0                CMP2_IRQHandler
 .text.FTM0_IRQHandler
                0x0000d6fc        0xc Startup/startup_mk60d10.o
                0x0000d6fc                FTM0_IRQHandler
 .text.FTM1_IRQHandler
                0x0000d708        0xc Startup/startup_mk60d10.o
                0x0000d708                FTM1_IRQHandler
 .text.FTM2_IRQHandler
                0x0000d714        0xc Startup/startup_mk60d10.o
                0x0000d714                FTM2_IRQHandler
 .text.CMT_IRQHandler
                0x0000d720        0xc Startup/startup_mk60d10.o
                0x0000d720                CMT_IRQHandler
 .text.RTC_IRQHandler
                0x0000d72c        0xc Startup/startup_mk60d10.o
                0x0000d72c                RTC_IRQHandler
 .text.RTC_Seconds_IRQHandler
                0x0000d738        0xc Startup/startup_mk60d10.o
                0x0000d738                RTC_Seconds_IRQHandler
 .text.PIT1_IRQHandler
                0x0000d744        0xc Startup/startup_mk60d10.o
                0x0000d744                PIT1_IRQHandler
 .text.PIT2_IRQHandler
                0x0000d750        0xc Startup/startup_mk60d10.o
                0x0000d750                PIT2_IRQHandler
 .text.PIT3_IRQHandler
                0x0000d75c        0xc Startup/startup_mk60d10.o
                0x0000d75c                PIT3_IRQHandler
 .text.PDB0_IRQHandler
                0x0000d768        0xc Startup/startup_mk60d10.o
                0x0000d768                PDB0_IRQHandler
 .text.USB0_IRQHandler
                0x0000d774        0xc Startup/startup_mk60d10.o
                0x0000d774                USB0_IRQHandler
 .text.USBDCD_IRQHandler
                0x0000d780        0xc Startup/startup_mk60d10.o
                0x0000d780                USBDCD_IRQHandler
 .text.ENET_1588_Timer_IRQHandler
                0x0000d78c        0xc Startup/startup_mk60d10.o
                0x0000d78c                ENET_1588_Timer_IRQHandler
 .text.ENET_Transmit_IRQHandler
                0x0000d798        0xc Startup/startup_mk60d10.o
                0x0000d798                ENET_Transmit_IRQHandler
 .text.ENET_Receive_IRQHandler
                0x0000d7a4        0xc Startup/startup_mk60d10.o
                0x0000d7a4                ENET_Receive_IRQHandler
 .text.ENET_Error_IRQHandler
                0x0000d7b0        0xc Startup/startup_mk60d10.o
                0x0000d7b0                ENET_Error_IRQHandler
 .text.Reserved95_IRQHandler
                0x0000d7bc        0xc Startup/startup_mk60d10.o
                0x0000d7bc                Reserved95_IRQHandler
 .text.SDHC_IRQHandler
                0x0000d7c8        0xc Startup/startup_mk60d10.o
                0x0000d7c8                SDHC_IRQHandler
 .text.DAC0_IRQHandler
                0x0000d7d4        0xc Startup/startup_mk60d10.o
                0x0000d7d4                DAC0_IRQHandler
 .text.DAC1_IRQHandler
                0x0000d7e0        0xc Startup/startup_mk60d10.o
                0x0000d7e0                DAC1_IRQHandler
 .text.TSI0_IRQHandler
                0x0000d7ec        0xc Startup/startup_mk60d10.o
                0x0000d7ec                TSI0_IRQHandler
 .text.MCG_IRQHandler
                0x0000d7f8        0xc Startup/startup_mk60d10.o
                0x0000d7f8                MCG_IRQHandler
 .text.LPTMR0_IRQHandler
                0x0000d804        0xc Startup/startup_mk60d10.o
                0x0000d804                LPTMR0_IRQHandler
 .text.Reserved102_IRQHandler
                0x0000d810        0xc Startup/startup_mk60d10.o
                0x0000d810                Reserved102_IRQHandler
 .text.Reserved108_IRQHandler
                0x0000d81c        0xc Startup/startup_mk60d10.o
                0x0000d81c                Reserved108_IRQHandler
 .text.Reserved109_IRQHandler
                0x0000d828        0xc Startup/startup_mk60d10.o
                0x0000d828                Reserved109_IRQHandler
 .text.SWI_IRQHandler
                0x0000d834        0xc Startup/startup_mk60d10.o
                0x0000d834                SWI_IRQHandler
 .text._ZN8FEHMotorC2ENS_12FEHMotorPortEf
                0x0000d840       0x7c Libraries/FEHMotor.o
                0x0000d840                FEHMotor::FEHMotor(FEHMotor::FEHMotorPort, float)
                0x0000d840                FEHMotor::FEHMotor(FEHMotor::FEHMotorPort, float)
 .text._ZN8FEHMotor4StopEv
                0x0000d8bc       0x30 Libraries/FEHMotor.o
                0x0000d8bc                FEHMotor::Stop()
 .text._ZN8FEHMotor8SetPowerEi
                0x0000d8ec       0x54 Libraries/FEHMotor.o
                0x0000d8ec                FEHMotor::SetPower(int)
 .text._ZN8FEHMotor10SetPercentEf
                0x0000d940       0xf8 Libraries/FEHMotor.o
                0x0000d940                FEHMotor::SetPercent(float)
 .text._Z21IIC_StartTransmissionhh
                0x0000da38       0x6c Drivers/i2c.o
                0x0000da38                IIC_StartTransmission(unsigned char, unsigned char)
 .text._Z5Pausev
                0x0000daa4       0x24 Drivers/i2c.o
                0x0000daa4                Pause()
 .text._Z21MMA8451QWriteRegisterhh
                0x0000dac8       0x68 Drivers/i2c.o
                0x0000dac8                MMA8451QWriteRegister(unsigned char, unsigned char)
 .text._Z8i2c_Waitv
                0x0000db30       0x6c Drivers/i2c.o
                0x0000db30                i2c_Wait()
 .text._Z12SPI_SendCharh
                0x0000db9c       0x1a Drivers/spi.o
                0x0000db9c                SPI_SendChar(unsigned char)
 .text._Z16SPI_WriteCommandhh
                0x0000dbb6       0x34 Drivers/spi.o
                0x0000dbb6                SPI_WriteCommand(unsigned char, unsigned char)
 *fill*         0x0000dbea        0x2 
 .text._Z13SPI_CS_Assertv
                0x0000dbec       0x1c Drivers/spi.o
                0x0000dbec                SPI_CS_Assert()
 .text._Z15SPI_CS_Deassertv
                0x0000dc08       0x1c Drivers/spi.o
                0x0000dc08                SPI_CS_Deassert()
 .text._Z12SPI_Transferh
                0x0000dc24       0x6c Drivers/spi.o
                0x0000dc24                SPI_Transfer(unsigned char)
 .text._Z8SPI_Initv
                0x0000dc90       0xa0 Drivers/spi.o
                0x0000dc90                SPI_Init()
 .text._Z9uart_initPV11UART_MemMapii
                0x0000dd30      0x174 Drivers/uart.o
                0x0000dd30                uart_init(UART_MemMap volatile*, int, int)
 .text._Z12uart_getcharPV11UART_MemMap
                0x0000dea4       0x32 Drivers/uart.o
                0x0000dea4                uart_getchar(UART_MemMap volatile*)
 .text._Z12uart_putcharPV11UART_MemMapc
                0x0000ded6       0x32 Drivers/uart.o
                0x0000ded6                uart_putchar(UART_MemMap volatile*, char)
 .text._ZL7mem_cpyPvPKvj
                0x0000df08       0x44 Drivers/ff.o
 .text._ZL7mem_setPvij
                0x0000df4c       0x3c Drivers/ff.o
 .text._ZL7mem_cmpPKvS0_j
                0x0000df88       0x56 Drivers/ff.o
 .text._ZL7chk_chrPKci
                0x0000dfde       0x34 Drivers/ff.o
 .text._ZL11move_windowP5FATFSm
                0x0000e012       0xc8 Drivers/ff.o
 .text._ZL4syncP5FATFS
                0x0000e0da      0x14c Drivers/ff.o
 .text._Z10clust2sectP5FATFSm
                0x0000e226       0x3c Drivers/ff.o
                0x0000e226                clust2sect(FATFS*, unsigned long)
 .text._Z7get_fatP5FATFSm
                0x0000e262      0x192 Drivers/ff.o
                0x0000e262                get_fat(FATFS*, unsigned long)
 .text._Z7put_fatP5FATFSmm
                0x0000e3f4      0x20a Drivers/ff.o
                0x0000e3f4                put_fat(FATFS*, unsigned long, unsigned long)
 .text._ZL12remove_chainP5FATFSm
                0x0000e5fe       0x9c Drivers/ff.o
 .text._ZL12create_chainP5FATFSm
                0x0000e69a      0x112 Drivers/ff.o
 .text._ZL10clmt_clustP3FILm
                0x0000e7ac       0x62 Drivers/ff.o
 .text._ZL7dir_sdiP3DIRt
                0x0000e80e      0x100 Drivers/ff.o
 .text._ZL8dir_nextP3DIRi
                0x0000e90e      0x1b6 Drivers/ff.o
 .text._ZL8dir_findP3DIR
                0x0000eac4       0xa0 Drivers/ff.o
 .text._ZL12dir_registerP3DIR
                0x0000eb64       0xae Drivers/ff.o
 *fill*         0x0000ec12        0x2 
 .text._ZL11create_nameP3DIRPPKc
                0x0000ec14      0x1f4 Drivers/ff.o
 .text._ZL11follow_pathP3DIRPKc
                0x0000ee08      0x12c Drivers/ff.o
 .text._ZL8check_fsP5FATFSm
                0x0000ef34       0xd8 Drivers/ff.o
 .text._ZL11chk_mountedPPKcPP5FATFSh
                0x0000f00c      0x534 Drivers/ff.o
 .text._ZL8validateP5FATFSt
                0x0000f540       0x54 Drivers/ff.o
 .text._Z7f_mounthP5FATFS
                0x0000f594       0x54 Drivers/ff.o
                0x0000f594                f_mount(unsigned char, FATFS*)
 .text._Z6f_openP3FILPKch
                0x0000f5e8      0x2de Drivers/ff.o
                0x0000f5e8                f_open(FIL*, char const*, unsigned char)
 .text._Z7f_writeP3FILPKvjPj
                0x0000f8c6      0x33c Drivers/ff.o
                0x0000f8c6                f_write(FIL*, void const*, unsigned int, unsigned int*)
 .text._Z6f_syncP3FIL
                0x0000fc02      0x186 Drivers/ff.o
                0x0000fc02                f_sync(FIL*)
 .text._Z7f_closeP3FIL
                0x0000fd88       0x28 Drivers/ff.o
                0x0000fd88                f_close(FIL*)
 .text._Z7f_lseekP3FILm
                0x0000fdb0      0x4be Drivers/ff.o
                0x0000fdb0                f_lseek(FIL*, unsigned long)
 .text._Z6f_putccP3FIL
                0x0001026e       0x3c Drivers/ff.o
                0x0001026e                f_putc(char, FIL*)
 .text._Z6f_putsPKcP3FIL
                0x000102aa       0x52 Drivers/ff.o
                0x000102aa                f_puts(char const*, FIL*)
 .text._Z5powerii
                0x000102fc       0x3c Drivers/ff.o
                0x000102fc                power(int, int)
 .text._Z8f_printfP3FILPKcSt9__va_list
                0x00010338      0x620 Drivers/ff.o
                0x00010338                f_printf(FIL*, char const*, std::__va_list)
 .text._ZL17SDHC_set_baudratemm
                0x00010958       0xe8 Drivers/SDHC.o
 .text._Z9SDHC_initP17esdhc_info_structPK17esdhc_init_struct
                0x00010a40      0x130 Drivers/SDHC.o
                0x00010a40                SDHC_init(esdhc_info_struct*, esdhc_init_struct const*)
 .text._ZL15SDHC_is_runningv
                0x00010b70       0x24 Drivers/SDHC.o
 .text._ZL16SDHC_status_waitm
                0x00010b94       0x2c Drivers/SDHC.o
 .text._ZL17SDHC_send_commandP20esdhc_command_struct
                0x00010bc0      0x1f8 Drivers/SDHC.o
 .text._Z10SDHC_ioctlmPv
                0x00010db8      0x6f0 Drivers/SDHC.o
                0x00010db8                SDHC_ioctl(unsigned long, void*)
 .text._Z15disk_initializeh
                0x000114a8      0x384 Drivers/SDHC.o
                0x000114a8                disk_initialize(unsigned char)
 .text._ZL14rcvr_datablockPhm
                0x0001182c       0xf0 Drivers/SDHC.o
 .text._Z9disk_readhPhmh
                0x0001191c      0x124 Drivers/SDHC.o
                0x0001191c                disk_read(unsigned char, unsigned char*, unsigned long, unsigned char)
 .text._ZL14xmit_datablockPKhm
                0x00011a40       0xa4 Drivers/SDHC.o
 .text._Z10disk_writehPKhmh
                0x00011ae4      0x198 Drivers/SDHC.o
                0x00011ae4                disk_write(unsigned char, unsigned char const*, unsigned long, unsigned char)
 .text._Z10disk_ioctlhhPv
                0x00011c7c      0x104 Drivers/SDHC.o
                0x00011c7c                disk_ioctl(unsigned char, unsigned char, void*)
 .text._Z11disk_statush
                0x00011d80       0x28 Drivers/SDHC.o
                0x00011d80                disk_status(unsigned char)
 .text._Z13time_delay_msm
                0x00011da8       0x6c Drivers/lptmr.o
                0x00011da8                time_delay_ms(unsigned long)
 .text._Z41__static_initialization_and_destruction_0ii
                0x00011e14       0x2c FEHProteus.o
 .text._GLOBAL__sub_I_Propeller
                0x00011e40       0x10 FEHProteus.o
 .text._ZN12FEHPropellerC2Ev
                0x00011e50       0x1a Drivers/FEHPropeller.o
                0x00011e50                FEHPropeller::FEHPropeller()
                0x00011e50                FEHPropeller::FEHPropeller()
 *fill*         0x00011e6a        0x2 
 .text._ZN12FEHPropeller10InitializeEv
                0x00011e6c       0x74 Drivers/FEHPropeller.o
                0x00011e6c                FEHPropeller::Initialize()
 .text._ZN12FEHPropeller12SetMotorRateEhhh
                0x00011ee0       0x5c Drivers/FEHPropeller.o
                0x00011ee0                FEHPropeller::SetMotorRate(unsigned char, unsigned char, unsigned char)
 .text._ZL5Delaymjj
                0x00011f3c       0x94 Libraries/FEHUtility.o
 .text._Z5Sleepi
                0x00011fd0       0x2c Libraries/FEHUtility.o
                0x00011fd0                Sleep(int)
 .text._Z5Sleepd
                0x00011ffc       0x4c Libraries/FEHUtility.o
                0x00011ffc                Sleep(double)
 .text._ZN15DigitalInputPinC2EN5FEHIO8FEHIOPinE
                0x00012048       0x20 Libraries/FEHIO.o
                0x00012048                DigitalInputPin::DigitalInputPin(FEHIO::FEHIOPin)
                0x00012048                DigitalInputPin::DigitalInputPin(FEHIO::FEHIOPin)
 .text._ZN15DigitalInputPin10InitializeEN5FEHIO8FEHIOPinE
                0x00012068      0x198 Libraries/FEHIO.o
                0x00012068                DigitalInputPin::Initialize(FEHIO::FEHIOPin)
 .text._ZN15DigitalInputPin5ValueEv
                0x00012200      0x108 Libraries/FEHIO.o
                0x00012200                DigitalInputPin::Value()
 .text._Z16PORTB_IRQHandlerv
                0x00012308       0x9c Libraries/FEHIO.o
                0x00012308                PORTB_IRQHandler()
 .text._Z16PORTC_IRQHandlerv
                0x000123a4       0x9c Libraries/FEHIO.o
                0x000123a4                PORTC_IRQHandler()
 .text._Z16PORTA_IRQHandlerv
                0x00012440       0xa0 Libraries/FEHIO.o
                0x00012440                PORTA_IRQHandler()
 .text._Z16PORTE_IRQHandlerv
                0x000124e0       0x98 Libraries/FEHIO.o
                0x000124e0                PORTE_IRQHandler()
 .text._ZN14AnalogInputPinC2EN5FEHIO8FEHIOPinE
                0x00012578       0x1e Libraries/FEHIO.o
                0x00012578                AnalogInputPin::AnalogInputPin(FEHIO::FEHIOPin)
                0x00012578                AnalogInputPin::AnalogInputPin(FEHIO::FEHIOPin)
 *fill*         0x00012596        0x2 
 .text._ZN14AnalogInputPin5ValueEv
                0x00012598      0x120 Libraries/FEHIO.o
                0x00012598                AnalogInputPin::Value()
 .text._ZN13AnalogEncoder12EncoderValueEv
                0x000126b8       0xb0 Libraries/FEHIO.o
                0x000126b8                AnalogEncoder::EncoderValue()
 .text._ZN14AnalogInputPin8InitADCsEv
                0x00012768       0x98 Libraries/FEHIO.o
                0x00012768                AnalogInputPin::InitADCs()
 .text._Z15PIT0_IRQHandlerv
                0x00012800       0x28 Libraries/FEHIO.o
                0x00012800                PIT0_IRQHandler()
 .text._ZN13AnalogEncoder4InitEv
                0x00012828       0x44 Libraries/FEHIO.o
                0x00012828                AnalogEncoder::Init()
 .text._ZN13AnalogEncoder14SetCounterInitEj
                0x0001286c       0x20 Libraries/FEHIO.o
                0x0001286c                AnalogEncoder::SetCounterInit(unsigned int)
 .text._ZN13AnalogEncoderC2EN5FEHIO8FEHIOPinE
                0x0001288c      0x150 Libraries/FEHIO.o
                0x0001288c                AnalogEncoder::AnalogEncoder(FEHIO::FEHIOPin)
                0x0001288c                AnalogEncoder::AnalogEncoder(FEHIO::FEHIOPin)
 *fill*         0x000129dc        0x4 
 .text._ZN13AnalogEncoder13SetThresholdsEff
                0x000129e0       0x8c Libraries/FEHIO.o
                0x000129e0                AnalogEncoder::SetThresholds(float, float)
 .text._ZN13AnalogEncoderD2Ev
                0x00012a6c       0xb4 Libraries/FEHIO.o
                0x00012a6c                AnalogEncoder::~AnalogEncoder()
                0x00012a6c                AnalogEncoder::~AnalogEncoder()
 .text._ZN13AnalogEncoder10ProcessIntEv
                0x00012b20       0x68 Libraries/FEHIO.o
                0x00012b20                AnalogEncoder::ProcessInt()
 .text._ZN13AnalogEncoder14ProcessIntSelfEv
                0x00012b88       0x6e Libraries/FEHIO.o
                0x00012b88                AnalogEncoder::ProcessIntSelf()
 .text._ZN13AnalogEncoder6CountsEv
                0x00012bf6       0x16 Libraries/FEHIO.o
                0x00012bf6                AnalogEncoder::Counts()
 .text._ZN13AnalogEncoder11ResetCountsEv
                0x00012c0c       0x18 Libraries/FEHIO.o
                0x00012c0c                AnalogEncoder::ResetCounts()
 .text._Z7ADC_CalPV10ADC_MemMap
                0x00012c24      0x13e Drivers/adc16.o
                0x00012c24                ADC_Cal(ADC_MemMap volatile*)
 .text._Z14ADC_Config_AltPV10ADC_MemMapP7adc_cfg
                0x00012d62       0x6c Drivers/adc16.o
                0x00012d62                ADC_Config_Alt(ADC_MemMap volatile*, adc_cfg*)
 .text._ZN9FEHBuzzerC2Ev
                0x00012dce       0x14 Libraries/FEHBuzzer.o
                0x00012dce                FEHBuzzer::FEHBuzzer()
                0x00012dce                FEHBuzzer::FEHBuzzer()
 *fill*         0x00012de2        0x2 
 .text._Z41__static_initialization_and_destruction_0ii
                0x00012de4       0x2c Libraries/FEHBuzzer.o
 .text._GLOBAL__sub_I_Buzzer
                0x00012e10       0x10 Libraries/FEHBuzzer.o
 .text._ZN6FEHLCD11_InitializeEv
                0x00012e20      0x410 Libraries/FEHLCD.o
                0x00012e20                FEHLCD::_Initialize()
 .text._ZN6FEHLCDC2Ev
                0x00013230       0x50 Libraries/FEHLCD.o
                0x00013230                FEHLCD::FEHLCD()
                0x00013230                FEHLCD::FEHLCD()
 .text._ZN6FEHLCD10InitializeEv
                0x00013280       0x28 Libraries/FEHLCD.o
                0x00013280                FEHLCD::Initialize()
 .text._ZN6FEHLCD10PrintImageEii
                0x000132a8       0xbc Libraries/FEHLCD.o
                0x000132a8                FEHLCD::PrintImage(int, int)
 .text._ZN6FEHLCD9PrintLogoEii
                0x00013364       0xbc Libraries/FEHLCD.o
                0x00013364                FEHLCD::PrintLogo(int, int)
 .text._ZN6FEHLCD22ConvertFEHColorTo24BitENS_11FEHLCDColorE
                0x00013420       0x78 Libraries/FEHLCD.o
                0x00013420                FEHLCD::ConvertFEHColorTo24Bit(FEHLCD::FEHLCDColor)
 .text._ZN6FEHLCD24Convert24BitColorTo16BitEj
                0x00013498       0x30 Libraries/FEHLCD.o
                0x00013498                FEHLCD::Convert24BitColorTo16Bit(unsigned int)
 .text._ZN6FEHLCD22ConvertRGBColorTo16BitEhhh
                0x000134c8       0x4a Libraries/FEHLCD.o
                0x000134c8                FEHLCD::ConvertRGBColorTo16Bit(unsigned char, unsigned char, unsigned char)
 .text._ZN6FEHLCD5ClearENS_11FEHLCDColorE
                0x00013512       0x28 Libraries/FEHLCD.o
                0x00013512                FEHLCD::Clear(FEHLCD::FEHLCDColor)
 .text._ZN6FEHLCD5ClearEj
                0x0001353a       0x2c Libraries/FEHLCD.o
                0x0001353a                FEHLCD::Clear(unsigned int)
 .text._ZN6FEHLCD5ClearEv
                0x00013566       0x16 Libraries/FEHLCD.o
                0x00013566                FEHLCD::Clear()
 .text._ZN6FEHLCD18SetBackgroundColorENS_11FEHLCDColorE
                0x0001357c       0x28 Libraries/FEHLCD.o
                0x0001357c                FEHLCD::SetBackgroundColor(FEHLCD::FEHLCDColor)
 .text._ZN6FEHLCD18SetBackgroundColorEj
                0x000135a4       0x26 Libraries/FEHLCD.o
                0x000135a4                FEHLCD::SetBackgroundColor(unsigned int)
 .text._ZN6FEHLCD12SetFontColorENS_11FEHLCDColorE
                0x000135ca       0x28 Libraries/FEHLCD.o
                0x000135ca                FEHLCD::SetFontColor(FEHLCD::FEHLCDColor)
 .text._ZN6FEHLCD12SetFontColorEj
                0x000135f2       0x26 Libraries/FEHLCD.o
                0x000135f2                FEHLCD::SetFontColor(unsigned int)
 .text._ZN6FEHLCD7WriteAtEPKcii
                0x00013618       0x46 Libraries/FEHLCD.o
                0x00013618                FEHLCD::WriteAt(char const*, int, int)
 .text._ZN6FEHLCD11TS_SPI_InitEv
                0x0001365e       0x7c Libraries/FEHLCD.o
                0x0001365e                FEHLCD::TS_SPI_Init()
 .text._ZN6FEHLCD5WriteEPKc
                0x000136da       0x4e Libraries/FEHLCD.o
                0x000136da                FEHLCD::Write(char const*)
 .text._ZN6FEHLCD5WriteEi
                0x00013728       0x30 Libraries/FEHLCD.o
                0x00013728                FEHLCD::Write(int)
 .text._ZN6FEHLCD5WriteEf
                0x00013758       0xc0 Libraries/FEHLCD.o
                0x00013758                FEHLCD::Write(float)
 .text._ZN6FEHLCD9WriteLineEPKc
                0x00013818       0x26 Libraries/FEHLCD.o
                0x00013818                FEHLCD::WriteLine(char const*)
 .text._ZN6FEHLCD9WriteLineEf
                0x0001383e       0x26 Libraries/FEHLCD.o
                0x0001383e                FEHLCD::WriteLine(float)
 .text._ZN6FEHLCD10WriteIndexEh
                0x00013864      0x14c Libraries/FEHLCD.o
                0x00013864                FEHLCD::WriteIndex(unsigned char)
 .text._ZN6FEHLCD14WriteParameterEh
                0x000139b0      0x130 Libraries/FEHLCD.o
                0x000139b0                FEHLCD::WriteParameter(unsigned char)
 .text._ZN6FEHLCD6_ClearEv
                0x00013ae0      0x15c Libraries/FEHLCD.o
                0x00013ae0                FEHLCD::_Clear()
 .text._ZN6FEHLCD8NextLineEv
                0x00013c3c       0x2a Libraries/FEHLCD.o
                0x00013c3c                FEHLCD::NextLine()
 .text._ZN6FEHLCD9CheckLineEv
                0x00013c66       0x28 Libraries/FEHLCD.o
                0x00013c66                FEHLCD::CheckLine()
 .text._ZN6FEHLCD8NextCharEv
                0x00013c8e       0x32 Libraries/FEHLCD.o
                0x00013c8e                FEHLCD::NextChar()
 .text._ZN6FEHLCD13SetDrawRegionEiiii
                0x00013cc0       0xfe Libraries/FEHLCD.o
                0x00013cc0                FEHLCD::SetDrawRegion(int, int, int, int)
 .text._ZN6FEHLCD9WriteCharEiic
                0x00013dbe       0x34 Libraries/FEHLCD.o
                0x00013dbe                FEHLCD::WriteChar(int, int, char)
 *fill*         0x00013df2        0x2 
 .text._ZN6FEHLCD11WriteCharAtEiic
                0x00013df4      0x214 Libraries/FEHLCD.o
                0x00013df4                FEHLCD::WriteCharAt(int, int, char)
 .text._ZN6FEHLCD11RepeatColorEv
                0x00014008       0x70 Libraries/FEHLCD.o
                0x00014008                FEHLCD::RepeatColor()
 .text._ZN6FEHLCD10_ForePixelEv
                0x00014078       0xc4 Libraries/FEHLCD.o
                0x00014078                FEHLCD::_ForePixel()
 .text._ZN6FEHLCD10_BackPixelEv
                0x0001413c       0xc4 Libraries/FEHLCD.o
                0x0001413c                FEHLCD::_BackPixel()
 .text._ZN6FEHLCD22SetRegisterColorValuesEv
                0x00014200      0x336 Libraries/FEHLCD.o
                0x00014200                FEHLCD::SetRegisterColorValues()
 *fill*         0x00014536        0x2 
 .text._Z41__static_initialization_and_destruction_0ii
                0x00014538       0x2c Libraries/FEHLCD.o
 .text._GLOBAL__sub_I_image
                0x00014564       0x10 Libraries/FEHLCD.o
 .text._ZN8FEHAccelC2Ev
                0x00014574       0x70 Libraries/FEHAccel.o
                0x00014574                FEHAccel::FEHAccel()
                0x00014574                FEHAccel::FEHAccel()
 .text._Z41__static_initialization_and_destruction_0ii
                0x000145e4       0x2c Libraries/FEHAccel.o
 .text._GLOBAL__sub_I_Accel
                0x00014610       0x10 Libraries/FEHAccel.o
 .text._ZN10FEHBatteryC2EN5FEHIO8FEHIOPinE
                0x00014620       0x22 Libraries/FEHBattery.o
                0x00014620                FEHBattery::FEHBattery(FEHIO::FEHIOPin)
                0x00014620                FEHBattery::FEHBattery(FEHIO::FEHIOPin)
 *fill*         0x00014642        0x2 
 .text._Z41__static_initialization_and_destruction_0ii
                0x00014644       0x30 Libraries/FEHBattery.o
 .text._GLOBAL__sub_I_Battery
                0x00014674       0x10 Libraries/FEHBattery.o
 .text._ZN7FEHXBeeC2Ev
                0x00014684       0x1a Drivers/FEHXBee.o
                0x00014684                FEHXBee::FEHXBee()
                0x00014684                FEHXBee::FEHXBee()
 *fill*         0x0001469e        0x2 
 .text._ZN7FEHXBee17SetPacketCallBackEPFvPhhE
                0x000146a0       0x20 Drivers/FEHXBee.o
                0x000146a0                FEHXBee::SetPacketCallBack(void (*)(unsigned char*, unsigned char))
 .text._Z22UART0_RX_TX_IRQHandlerv
                0x000146c0       0xec Drivers/FEHXBee.o
                0x000146c0                UART0_RX_TX_IRQHandler()
 .text._ZN6FEHRCSC2Ev
                0x000147ac       0x74 Libraries/FEHRCS.o
                0x000147ac                FEHRCS::FEHRCS()
                0x000147ac                FEHRCS::FEHRCS()
 .text._Z14RCSDataProcessPhh
                0x00014820       0xa0 Libraries/FEHRCS.o
                0x00014820                RCSDataProcess(unsigned char*, unsigned char)
 .text._Z41__static_initialization_and_destruction_0ii
                0x000148c0       0x2c Libraries/FEHRCS.o
 .text._GLOBAL__sub_I_RCS
                0x000148ec       0x10 Libraries/FEHRCS.o
 .text._ZN7FEHFileC2Ev
                0x000148fc       0x2c Libraries/FEHSD.o
                0x000148fc                FEHFile::FEHFile()
                0x000148fc                FEHFile::FEHFile()
 .text._ZN5FEHSDC2Ev
                0x00014928       0x24 Libraries/FEHSD.o
                0x00014928                FEHSD::FEHSD()
                0x00014928                FEHSD::FEHSD()
 .text._ZN5FEHSD5FOpenEPKcS1_
                0x0001494c      0x1c4 Libraries/FEHSD.o
                0x0001494c                FEHSD::FOpen(char const*, char const*)
 .text._ZN5FEHSD6FCloseEP7FEHFile
                0x00014b10       0xb4 Libraries/FEHSD.o
                0x00014b10                FEHSD::FClose(FEHFile*)
 .text._ZN5FEHSD9FCloseAllEv
                0x00014bc4       0x6c Libraries/FEHSD.o
                0x00014bc4                FEHSD::FCloseAll()
 .text._ZN5FEHSD7FPrintfEP7FEHFilePKcz
                0x00014c30       0x58 Libraries/FEHSD.o
                0x00014c30                FEHSD::FPrintf(FEHFile*, char const*, ...)
 .text._ZN5FEHSD10InitializeEv
                0x00014c88       0xe4 Libraries/FEHSD.o
                0x00014c88                FEHSD::Initialize()
 .text._Z41__static_initialization_and_destruction_0ii
                0x00014d6c       0x2c Libraries/FEHSD.o
 .text._GLOBAL__sub_I_SD
                0x00014d98       0x10 Libraries/FEHSD.o
 .text._ZN9FEHRandom10InitializeEv
                0x00014da8       0x3c Libraries/FEHRandom.o
                0x00014da8                FEHRandom::Initialize()
 .text.__aeabi_atexit
                0x00014de4        0xc c:/gcc-arm-none-eabi-10.3-2021.10/bin/../lib/gcc/arm-none-eabi/10.3.1/../../../../arm-none-eabi/lib/thumb/v7e-m/nofp\libstdc++.a(atexit_arm.o)
                0x00014de4                __aeabi_atexit
 .text._ZdlPvj  0x00014df0        0x4 c:/gcc-arm-none-eabi-10.3-2021.10/bin/../lib/gcc/arm-none-eabi/10.3.1/../../../../arm-none-eabi/lib/thumb/v7e-m/nofp\libstdc++.a(del_ops.o)
                0x00014df0                operator delete(void*, unsigned int)
 .text._Znwj    0x00014df4       0x3c c:/gcc-arm-none-eabi-10.3-2021.10/bin/../lib/gcc/arm-none-eabi/10.3.1/../../../../arm-none-eabi/lib/thumb/v7e-m/nofp\libstdc++.a(new_op.o)
                0x00014df4                operator new(unsigned int)
 .text._ZNKSt9bad_alloc4whatEv
                0x00014e30        0x8 c:/gcc-arm-none-eabi-10.3-2021.10/bin/../lib/gcc/arm-none-eabi/10.3.1/../../../../arm-none-eabi/lib/thumb/v7e-m/nofp\libstdc++.a(bad_alloc.o)
                0x00014e30                std::bad_alloc::what() const
 .text._ZNSt9bad_allocD2Ev
                0x00014e38       0x14 c:/gcc-arm-none-eabi-10.3-2021.10/bin/../lib/gcc/arm-none-eabi/10.3.1/../../../../arm-none-eabi/lib/thumb/v7e-m/nofp\libstdc++.a(bad_alloc.o)
                0x00014e38                std::bad_alloc::~bad_alloc()
                0x00014e38                std::bad_alloc::~bad_alloc()
 .text._ZNSt9bad_allocD0Ev
                0x00014e4c       0x1c c:/gcc-arm-none-eabi-10.3-2021.10/bin/../lib/gcc/arm-none-eabi/10.3.1/../../../../arm-none-eabi/lib/thumb/v7e-m/nofp\libstdc++.a(bad_alloc.o)
                0x00014e4c                std::bad_alloc::~bad_alloc()
 .text._ZdlPv   0x00014e68        0x4 c:/gcc-arm-none-eabi-10.3-2021.10/bin/../lib/gcc/arm-none-eabi/10.3.1/../../../../arm-none-eabi/lib/thumb/v7e-m/nofp\libstdc++.a(del_op.o)
                0x00014e68                operator delete(void*)
 .text._ZN12_GLOBAL__N_14pool4freeEPv.constprop.0
                0x00014e6c       0x88 c:/gcc-arm-none-eabi-10.3-2021.10/bin/../lib/gcc/arm-none-eabi/10.3.1/../../../../arm-none-eabi/lib/thumb/v7e-m/nofp\libstdc++.a(eh_alloc.o)
 .text._ZN12_GLOBAL__N_14pool8allocateEj.constprop.0
                0x00014ef4       0x5c c:/gcc-arm-none-eabi-10.3-2021.10/bin/../lib/gcc/arm-none-eabi/10.3.1/../../../../arm-none-eabi/lib/thumb/v7e-m/nofp\libstdc++.a(eh_alloc.o)
 .text.__cxa_allocate_exception
                0x00014f50       0x30 c:/gcc-arm-none-eabi-10.3-2021.10/bin/../lib/gcc/arm-none-eabi/10.3.1/../../../../arm-none-eabi/lib/thumb/v7e-m/nofp\libstdc++.a(eh_alloc.o)
                0x00014f50                __cxa_allocate_exception
 .text.__cxa_free_exception
                0x00014f80       0x20 c:/gcc-arm-none-eabi-10.3-2021.10/bin/../lib/gcc/arm-none-eabi/10.3.1/../../../../arm-none-eabi/lib/thumb/v7e-m/nofp\libstdc++.a(eh_alloc.o)
                0x00014f80                __cxa_free_exception
 .text.startup._GLOBAL__sub_I__ZN9__gnu_cxx9__freeresEv
                0x00014fa0       0x28 c:/gcc-arm-none-eabi-10.3-2021.10/bin/../lib/gcc/arm-none-eabi/10.3.1/../../../../arm-none-eabi/lib/thumb/v7e-m/nofp\libstdc++.a(eh_alloc.o)
 .text._ZNSt9exceptionD2Ev
                0x00014fc8        0x4 c:/gcc-arm-none-eabi-10.3-2021.10/bin/../lib/gcc/arm-none-eabi/10.3.1/../../../../arm-none-eabi/lib/thumb/v7e-m/nofp\libstdc++.a(eh_exception.o)
                0x00014fc8                std::exception::~exception()
                0x00014fc8                std::exception::~exception()
 .text._ZNSt13bad_exceptionD2Ev
                0x00014fcc        0x4 c:/gcc-arm-none-eabi-10.3-2021.10/bin/../lib/gcc/arm-none-eabi/10.3.1/../../../../arm-none-eabi/lib/thumb/v7e-m/nofp\libstdc++.a(eh_exception.o)
                0x00014fcc                std::bad_exception::~bad_exception()
                0x00014fcc                std::bad_exception::~bad_exception()
 .text._ZNKSt13bad_exception4whatEv
                0x00014fd0        0x8 c:/gcc-arm-none-eabi-10.3-2021.10/bin/../lib/gcc/arm-none-eabi/10.3.1/../../../../arm-none-eabi/lib/thumb/v7e-m/nofp\libstdc++.a(eh_exception.o)
                0x00014fd0                std::bad_exception::what() const
                0x00014fd0                transaction clone for std::bad_exception::what() const
 .text._ZNSt13bad_exceptionD0Ev
                0x00014fd8       0x10 c:/gcc-arm-none-eabi-10.3-2021.10/bin/../lib/gcc/arm-none-eabi/10.3.1/../../../../arm-none-eabi/lib/thumb/v7e-m/nofp\libstdc++.a(eh_exception.o)
                0x00014fd8                std::bad_exception::~bad_exception()
 .text._ZN10__cxxabiv111__terminateEPFvvE
                0x00014fe8       0x28 c:/gcc-arm-none-eabi-10.3-2021.10/bin/../lib/gcc/arm-none-eabi/10.3.1/../../../../arm-none-eabi/lib/thumb/v7e-m/nofp\libstdc++.a(eh_terminate.o)
                0x00014fe8                __cxxabiv1::__terminate(void (*)())
 .text._ZSt9terminatev
                0x00015010       0x14 c:/gcc-arm-none-eabi-10.3-2021.10/bin/../lib/gcc/arm-none-eabi/10.3.1/../../../../arm-none-eabi/lib/thumb/v7e-m/nofp\libstdc++.a(eh_terminate.o)
                0x00015010                std::terminate()
 .text._ZN10__cxxabiv112__unexpectedEPFvvE
                0x00015024        0x8 c:/gcc-arm-none-eabi-10.3-2021.10/bin/../lib/gcc/arm-none-eabi/10.3.1/../../../../arm-none-eabi/lib/thumb/v7e-m/nofp\libstdc++.a(eh_terminate.o)
                0x00015024                __cxxabiv1::__unexpected(void (*)())
 .text._ZSt10unexpectedv
                0x0001502c       0x14 c:/gcc-arm-none-eabi-10.3-2021.10/bin/../lib/gcc/arm-none-eabi/10.3.1/../../../../arm-none-eabi/lib/thumb/v7e-m/nofp\libstdc++.a(eh_terminate.o)
                0x0001502c                std::unexpected()
 .text._ZSt13get_terminatev
                0x00015040       0x10 c:/gcc-arm-none-eabi-10.3-2021.10/bin/../lib/gcc/arm-none-eabi/10.3.1/../../../../arm-none-eabi/lib/thumb/v7e-m/nofp\libstdc++.a(eh_terminate.o)
                0x00015040                std::get_terminate()
 .text._ZSt14get_unexpectedv
                0x00015050       0x10 c:/gcc-arm-none-eabi-10.3-2021.10/bin/../lib/gcc/arm-none-eabi/10.3.1/../../../../arm-none-eabi/lib/thumb/v7e-m/nofp\libstdc++.a(eh_terminate.o)
                0x00015050                std::get_unexpected()
 .text._ZL23__gxx_exception_cleanup19_Unwind_Reason_CodeP21_Unwind_Control_Block
                0x00015060       0x44 c:/gcc-arm-none-eabi-10.3-2021.10/bin/../lib/gcc/arm-none-eabi/10.3.1/../../../../arm-none-eabi/lib/thumb/v7e-m/nofp\libstdc++.a(eh_throw.o)
 .text.__cxa_init_primary_exception
                0x000150a4       0x58 c:/gcc-arm-none-eabi-10.3-2021.10/bin/../lib/gcc/arm-none-eabi/10.3.1/../../../../arm-none-eabi/lib/thumb/v7e-m/nofp\libstdc++.a(eh_throw.o)
                0x000150a4                __cxa_init_primary_exception
 .text.__cxa_throw
                0x000150fc       0x34 c:/gcc-arm-none-eabi-10.3-2021.10/bin/../lib/gcc/arm-none-eabi/10.3.1/../../../../arm-none-eabi/lib/thumb/v7e-m/nofp\libstdc++.a(eh_throw.o)
                0x000150fc                __cxa_throw
 .text.__cxa_rethrow
                0x00015130       0x70 c:/gcc-arm-none-eabi-10.3-2021.10/bin/../lib/gcc/arm-none-eabi/10.3.1/../../../../arm-none-eabi/lib/thumb/v7e-m/nofp\libstdc++.a(eh_throw.o)
                0x00015130                __cxa_rethrow
 .text._ZSt15get_new_handlerv
                0x000151a0       0x10 c:/gcc-arm-none-eabi-10.3-2021.10/bin/../lib/gcc/arm-none-eabi/10.3.1/../../../../arm-none-eabi/lib/thumb/v7e-m/nofp\libstdc++.a(new_handler.o)
                0x000151a0                std::get_new_handler()
 .text._ZN10__cxxabiv120__si_class_type_infoD2Ev
                0x000151b0       0x14 c:/gcc-arm-none-eabi-10.3-2021.10/bin/../lib/gcc/arm-none-eabi/10.3.1/../../../../arm-none-eabi/lib/thumb/v7e-m/nofp\libstdc++.a(si_class_type_info.o)
                0x000151b0                __cxxabiv1::__si_class_type_info::~__si_class_type_info()
                0x000151b0                __cxxabiv1::__si_class_type_info::~__si_class_type_info()
 .text._ZN10__cxxabiv120__si_class_type_infoD0Ev
                0x000151c4       0x1c c:/gcc-arm-none-eabi-10.3-2021.10/bin/../lib/gcc/arm-none-eabi/10.3.1/../../../../arm-none-eabi/lib/thumb/v7e-m/nofp\libstdc++.a(si_class_type_info.o)
                0x000151c4                __cxxabiv1::__si_class_type_info::~__si_class_type_info()
 .text._ZNK10__cxxabiv120__si_class_type_info20__do_find_public_srcEiPKvPKNS_17__class_type_infoES2_
                0x000151e0       0x3c c:/gcc-arm-none-eabi-10.3-2021.10/bin/../lib/gcc/arm-none-eabi/10.3.1/../../../../arm-none-eabi/lib/thumb/v7e-m/nofp\libstdc++.a(si_class_type_info.o)
                0x000151e0                __cxxabiv1::__si_class_type_info::__do_find_public_src(int, void const*, __cxxabiv1::__class_type_info const*, void const*) const
 .text._ZNK10__cxxabiv120__si_class_type_info12__do_dyncastEiNS_17__class_type_info10__sub_kindEPKS1_PKvS4_S6_RNS1_16__dyncast_resultE
                0x0001521c       0x84 c:/gcc-arm-none-eabi-10.3-2021.10/bin/../lib/gcc/arm-none-eabi/10.3.1/../../../../arm-none-eabi/lib/thumb/v7e-m/nofp\libstdc++.a(si_class_type_info.o)
                0x0001521c                __cxxabiv1::__si_class_type_info::__do_dyncast(int, __cxxabiv1::__class_type_info::__sub_kind, __cxxabiv1::__class_type_info const*, void const*, __cxxabiv1::__class_type_info const*, void const*, __cxxabiv1::__class_type_info::__dyncast_result&) const
 .text._ZNK10__cxxabiv120__si_class_type_info11__do_upcastEPKNS_17__class_type_infoEPKvRNS1_15__upcast_resultE
                0x000152a0       0x2c c:/gcc-arm-none-eabi-10.3-2021.10/bin/../lib/gcc/arm-none-eabi/10.3.1/../../../../arm-none-eabi/lib/thumb/v7e-m/nofp\libstdc++.a(si_class_type_info.o)
                0x000152a0                __cxxabiv1::__si_class_type_info::__do_upcast(__cxxabiv1::__class_type_info const*, void const*, __cxxabiv1::__class_type_info::__upcast_result&) const
 .text._ZNSt9type_infoD2Ev
                0x000152cc        0x4 c:/gcc-arm-none-eabi-10.3-2021.10/bin/../lib/gcc/arm-none-eabi/10.3.1/../../../../arm-none-eabi/lib/thumb/v7e-m/nofp\libstdc++.a(tinfo.o)
                0x000152cc                std::type_info::~type_info()
                0x000152cc                std::type_info::~type_info()
 .text._ZNKSt9type_info14__is_pointer_pEv
                0x000152d0        0x4 c:/gcc-arm-none-eabi-10.3-2021.10/bin/../lib/gcc/arm-none-eabi/10.3.1/../../../../arm-none-eabi/lib/thumb/v7e-m/nofp\libstdc++.a(tinfo.o)
                0x000152d0                std::type_info::__is_pointer_p() const
                0x000152d0                std::type_info::__is_function_p() const
 .text._ZNKSt9type_infoeqERKS_
                0x000152d4       0x2c c:/gcc-arm-none-eabi-10.3-2021.10/bin/../lib/gcc/arm-none-eabi/10.3.1/../../../../arm-none-eabi/lib/thumb/v7e-m/nofp\libstdc++.a(tinfo.o)
                0x000152d4                std::type_info::operator==(std::type_info const&) const
 .text._ZN9__gnu_cxx27__verbose_terminate_handlerEv
                0x00015300      0x10c c:/gcc-arm-none-eabi-10.3-2021.10/bin/../lib/gcc/arm-none-eabi/10.3.1/../../../../arm-none-eabi/lib/thumb/v7e-m/nofp\libstdc++.a(vterminate.o)
                0x00015300                __gnu_cxx::__verbose_terminate_handler()
 .text._ZNK10__cxxabiv117__class_type_info11__do_upcastEPKS0_PPv
                0x0001540c       0x34 c:/gcc-arm-none-eabi-10.3-2021.10/bin/../lib/gcc/arm-none-eabi/10.3.1/../../../../arm-none-eabi/lib/thumb/v7e-m/nofp\libstdc++.a(class_type_info.o)
                0x0001540c                __cxxabiv1::__class_type_info::__do_upcast(__cxxabiv1::__class_type_info const*, void**) const
 .text._ZNK10__cxxabiv117__class_type_info20__do_find_public_srcEiPKvPKS0_S2_
                0x00015440        0xc c:/gcc-arm-none-eabi-10.3-2021.10/bin/../lib/gcc/arm-none-eabi/10.3.1/../../../../arm-none-eabi/lib/thumb/v7e-m/nofp\libstdc++.a(class_type_info.o)
                0x00015440                __cxxabiv1::__class_type_info::__do_find_public_src(int, void const*, __cxxabiv1::__class_type_info const*, void const*) const
 .text._ZN10__cxxabiv117__class_type_infoD2Ev
                0x0001544c       0x14 c:/gcc-arm-none-eabi-10.3-2021.10/bin/../lib/gcc/arm-none-eabi/10.3.1/../../../../arm-none-eabi/lib/thumb/v7e-m/nofp\libstdc++.a(class_type_info.o)
                0x0001544c                __cxxabiv1::__class_type_info::~__class_type_info()
                0x0001544c                __cxxabiv1::__class_type_info::~__class_type_info()
 .text._ZN10__cxxabiv117__class_type_infoD0Ev
                0x00015460       0x1c c:/gcc-arm-none-eabi-10.3-2021.10/bin/../lib/gcc/arm-none-eabi/10.3.1/../../../../arm-none-eabi/lib/thumb/v7e-m/nofp\libstdc++.a(class_type_info.o)
                0x00015460                __cxxabiv1::__class_type_info::~__class_type_info()
 .text._ZNK10__cxxabiv117__class_type_info12__do_dyncastEiNS0_10__sub_kindEPKS0_PKvS3_S5_RNS0_16__dyncast_resultE
                0x0001547c       0x44 c:/gcc-arm-none-eabi-10.3-2021.10/bin/../lib/gcc/arm-none-eabi/10.3.1/../../../../arm-none-eabi/lib/thumb/v7e-m/nofp\libstdc++.a(class_type_info.o)
                0x0001547c                __cxxabiv1::__class_type_info::__do_dyncast(int, __cxxabiv1::__class_type_info::__sub_kind, __cxxabiv1::__class_type_info const*, void const*, __cxxabiv1::__class_type_info const*, void const*, __cxxabiv1::__class_type_info::__dyncast_result&) const
 .text._ZNK10__cxxabiv117__class_type_info11__do_upcastEPKS0_PKvRNS0_15__upcast_resultE
                0x000154c0       0x1c c:/gcc-arm-none-eabi-10.3-2021.10/bin/../lib/gcc/arm-none-eabi/10.3.1/../../../../arm-none-eabi/lib/thumb/v7e-m/nofp\libstdc++.a(class_type_info.o)
                0x000154c0                __cxxabiv1::__class_type_info::__do_upcast(__cxxabiv1::__class_type_info const*, void const*, __cxxabiv1::__class_type_info::__upcast_result&) const
 .text._ZNK10__cxxabiv117__class_type_info10__do_catchEPKSt9type_infoPPvj
                0x000154dc       0x2c c:/gcc-arm-none-eabi-10.3-2021.10/bin/../lib/gcc/arm-none-eabi/10.3.1/../../../../arm-none-eabi/lib/thumb/v7e-m/nofp\libstdc++.a(class_type_info.o)
                0x000154dc                __cxxabiv1::__class_type_info::__do_catch(std::type_info const*, void**, unsigned int) const
 .text          0x00015508     0x5fa4 c:/gcc-arm-none-eabi-10.3-2021.10/bin/../lib/gcc/arm-none-eabi/10.3.1/../../../../arm-none-eabi/lib/thumb/v7e-m/nofp\libstdc++.a(cp-demangle.o)
                0x0001b3c4                __cxa_demangle
                0x0001b488                __gcclibcxx_demangle_callback
 .text.__cxa_end_cleanup
                0x0001b4ac        0xc c:/gcc-arm-none-eabi-10.3-2021.10/bin/../lib/gcc/arm-none-eabi/10.3.1/../../../../arm-none-eabi/lib/thumb/v7e-m/nofp\libstdc++.a(eh_arm.o)
                0x0001b4ac                __cxa_end_cleanup
 .text.__cxa_type_match
                0x0001b4b8       0xb4 c:/gcc-arm-none-eabi-10.3-2021.10/bin/../lib/gcc/arm-none-eabi/10.3.1/../../../../arm-none-eabi/lib/thumb/v7e-m/nofp\libstdc++.a(eh_arm.o)
                0x0001b4b8                __cxa_type_match
 .text.__cxa_begin_cleanup
                0x0001b56c       0x64 c:/gcc-arm-none-eabi-10.3-2021.10/bin/../lib/gcc/arm-none-eabi/10.3.1/../../../../arm-none-eabi/lib/thumb/v7e-m/nofp\libstdc++.a(eh_arm.o)
                0x0001b56c                __cxa_begin_cleanup
 .text.__gnu_end_cleanup
                0x0001b5d0       0x70 c:/gcc-arm-none-eabi-10.3-2021.10/bin/../lib/gcc/arm-none-eabi/10.3.1/../../../../arm-none-eabi/lib/thumb/v7e-m/nofp\libstdc++.a(eh_arm.o)
                0x0001b5d0                __gnu_end_cleanup
 .text._ZN10__cxxabiv1L24__is_gxx_exception_classEPc
                0x0001b640       0x3c c:/gcc-arm-none-eabi-10.3-2021.10/bin/../lib/gcc/arm-none-eabi/10.3.1/../../../../arm-none-eabi/lib/thumb/v7e-m/nofp\libstdc++.a(eh_call.o)
 .text.__cxa_call_terminate
                0x0001b67c       0x20 c:/gcc-arm-none-eabi-10.3-2021.10/bin/../lib/gcc/arm-none-eabi/10.3.1/../../../../arm-none-eabi/lib/thumb/v7e-m/nofp\libstdc++.a(eh_call.o)
                0x0001b67c                __cxa_call_terminate
 .text.unlikely.__cxa_call_unexpected
                0x0001b69c       0xe4 c:/gcc-arm-none-eabi-10.3-2021.10/bin/../lib/gcc/arm-none-eabi/10.3.1/../../../../arm-none-eabi/lib/thumb/v7e-m/nofp\libstdc++.a(eh_call.o)
                0x0001b69c                __cxa_call_unexpected
 .text.__cxa_begin_catch
                0x0001b780       0x7c c:/gcc-arm-none-eabi-10.3-2021.10/bin/../lib/gcc/arm-none-eabi/10.3.1/../../../../arm-none-eabi/lib/thumb/v7e-m/nofp\libstdc++.a(eh_catch.o)
                0x0001b780                __cxa_begin_catch
 .text.__cxa_end_catch
                0x0001b7fc       0x8c c:/gcc-arm-none-eabi-10.3-2021.10/bin/../lib/gcc/arm-none-eabi/10.3.1/../../../../arm-none-eabi/lib/thumb/v7e-m/nofp\libstdc++.a(eh_catch.o)
                0x0001b7fc                __cxa_end_catch
 .text.__cxa_get_globals_fast
                0x0001b888        0x8 c:/gcc-arm-none-eabi-10.3-2021.10/bin/../lib/gcc/arm-none-eabi/10.3.1/../../../../arm-none-eabi/lib/thumb/v7e-m/nofp\libstdc++.a(eh_globals.o)
                0x0001b888                __cxa_get_globals_fast
 .text.__cxa_get_globals
                0x0001b890        0x8 c:/gcc-arm-none-eabi-10.3-2021.10/bin/../lib/gcc/arm-none-eabi/10.3.1/../../../../arm-none-eabi/lib/thumb/v7e-m/nofp\libstdc++.a(eh_globals.o)
                0x0001b890                __cxa_get_globals
 .text._ZL28read_encoded_value_with_basehjPKhPj
                0x0001b898       0xc0 c:/gcc-arm-none-eabi-10.3-2021.10/bin/../lib/gcc/arm-none-eabi/10.3.1/../../../../arm-none-eabi/lib/thumb/v7e-m/nofp\libstdc++.a(eh_personality.o)
 .text._ZL21base_of_encoded_valuehP15_Unwind_Context
                0x0001b958       0x48 c:/gcc-arm-none-eabi-10.3-2021.10/bin/../lib/gcc/arm-none-eabi/10.3.1/../../../../arm-none-eabi/lib/thumb/v7e-m/nofp\libstdc++.a(eh_personality.o)
 .text._ZL17parse_lsda_headerP15_Unwind_ContextPKhP16lsda_header_info
                0x0001b9a0       0x94 c:/gcc-arm-none-eabi-10.3-2021.10/bin/../lib/gcc/arm-none-eabi/10.3.1/../../../../arm-none-eabi/lib/thumb/v7e-m/nofp\libstdc++.a(eh_personality.o)
 .text.__gxx_personality_v0
                0x0001ba34      0x4a8 c:/gcc-arm-none-eabi-10.3-2021.10/bin/../lib/gcc/arm-none-eabi/10.3.1/../../../../arm-none-eabi/lib/thumb/v7e-m/nofp\libstdc++.a(eh_personality.o)
                0x0001ba34                __gxx_personality_v0
 .text.__cxa_current_exception_type
                0x0001bedc       0x1c c:/gcc-arm-none-eabi-10.3-2021.10/bin/../lib/gcc/arm-none-eabi/10.3.1/../../../../arm-none-eabi/lib/thumb/v7e-m/nofp\libstdc++.a(eh_type.o)
                0x0001bedc                __cxa_current_exception_type
 .text          0x0001bef8      0x378 c:/gcc-arm-none-eabi-10.3-2021.10/bin/../lib/gcc/arm-none-eabi/10.3.1/thumb/v7e-m/nofp\libgcc.a(_arm_addsubdf3.o)
                0x0001bef8                __aeabi_drsub
                0x0001bf00                __aeabi_dsub
                0x0001bf00                __subdf3
                0x0001bf04                __aeabi_dadd
                0x0001bf04                __adddf3
                0x0001c17c                __floatunsidf
                0x0001c17c                __aeabi_ui2d
                0x0001c19c                __floatsidf
                0x0001c19c                __aeabi_i2d
                0x0001c1c0                __aeabi_f2d
                0x0001c1c0                __extendsfdf2
                0x0001c204                __floatundidf
                0x0001c204                __aeabi_ul2d
                0x0001c214                __floatdidf
                0x0001c214                __aeabi_l2d
 .text          0x0001c270      0x424 c:/gcc-arm-none-eabi-10.3-2021.10/bin/../lib/gcc/arm-none-eabi/10.3.1/thumb/v7e-m/nofp\libgcc.a(_arm_muldivdf3.o)
                0x0001c270                __aeabi_dmul
                0x0001c270                __muldf3
                0x0001c4c4                __divdf3
                0x0001c4c4                __aeabi_ddiv
 .text          0x0001c694      0x110 c:/gcc-arm-none-eabi-10.3-2021.10/bin/../lib/gcc/arm-none-eabi/10.3.1/thumb/v7e-m/nofp\libgcc.a(_arm_cmpdf2.o)
                0x0001c694                __gtdf2
                0x0001c694                __gedf2
                0x0001c69c                __ltdf2
                0x0001c69c                __ledf2
                0x0001c6a4                __nedf2
                0x0001c6a4                __eqdf2
                0x0001c6a4                __cmpdf2
                0x0001c720                __aeabi_cdrcmple
                0x0001c730                __aeabi_cdcmpeq
                0x0001c730                __aeabi_cdcmple
                0x0001c740                __aeabi_dcmpeq
                0x0001c754                __aeabi_dcmplt
                0x0001c768                __aeabi_dcmple
                0x0001c77c                __aeabi_dcmpge
                0x0001c790                __aeabi_dcmpgt
 .text          0x0001c7a4       0x50 c:/gcc-arm-none-eabi-10.3-2021.10/bin/../lib/gcc/arm-none-eabi/10.3.1/thumb/v7e-m/nofp\libgcc.a(_arm_fixdfsi.o)
                0x0001c7a4                __aeabi_d2iz
                0x0001c7a4                __fixdfsi
 .text          0x0001c7f4       0x40 c:/gcc-arm-none-eabi-10.3-2021.10/bin/../lib/gcc/arm-none-eabi/10.3.1/thumb/v7e-m/nofp\libgcc.a(_arm_fixunsdfsi.o)
                0x0001c7f4                __aeabi_d2uiz
                0x0001c7f4                __fixunsdfsi
 .text          0x0001c834       0xa0 c:/gcc-arm-none-eabi-10.3-2021.10/bin/../lib/gcc/arm-none-eabi/10.3.1/thumb/v7e-m/nofp\libgcc.a(_arm_truncdfsf2.o)
                0x0001c834                __truncdfsf2
                0x0001c834                __aeabi_d2f
 .text          0x0001c8d4      0x21c c:/gcc-arm-none-eabi-10.3-2021.10/bin/../lib/gcc/arm-none-eabi/10.3.1/thumb/v7e-m/nofp\libgcc.a(_arm_addsubsf3.o)
                0x0001c8d4                __aeabi_frsub
                0x0001c8dc                __subsf3
                0x0001c8dc                __aeabi_fsub
                0x0001c8e0                __aeabi_fadd
                0x0001c8e0                __addsf3
                0x0001ca40                __aeabi_ui2f
                0x0001ca40                __floatunsisf
                0x0001ca48                __aeabi_i2f
                0x0001ca48                __floatsisf
                0x0001ca64                __aeabi_ul2f
                0x0001ca64                __floatundisf
                0x0001ca74                __aeabi_l2f
                0x0001ca74                __floatdisf
 .text          0x0001caf0      0x2a0 c:/gcc-arm-none-eabi-10.3-2021.10/bin/../lib/gcc/arm-none-eabi/10.3.1/thumb/v7e-m/nofp\libgcc.a(_arm_muldivsf3.o)
                0x0001caf0                __mulsf3
                0x0001caf0                __aeabi_fmul
                0x0001cc58                __aeabi_fdiv
                0x0001cc58                __divsf3
 .text          0x0001cd90       0xec c:/gcc-arm-none-eabi-10.3-2021.10/bin/../lib/gcc/arm-none-eabi/10.3.1/thumb/v7e-m/nofp\libgcc.a(_arm_cmpsf2.o)
                0x0001cd90                __gesf2
                0x0001cd90                __gtsf2
                0x0001cd98                __lesf2
                0x0001cd98                __ltsf2
                0x0001cda0                __nesf2
                0x0001cda0                __eqsf2
                0x0001cda0                __cmpsf2
                0x0001ce00                __aeabi_cfrcmple
                0x0001ce08                __aeabi_cfcmpeq
                0x0001ce08                __aeabi_cfcmple
                0x0001ce18                __aeabi_fcmpeq
                0x0001ce2c                __aeabi_fcmplt
                0x0001ce40                __aeabi_fcmple
                0x0001ce54                __aeabi_fcmpge
                0x0001ce68                __aeabi_fcmpgt
 .text          0x0001ce7c       0x4c c:/gcc-arm-none-eabi-10.3-2021.10/bin/../lib/gcc/arm-none-eabi/10.3.1/thumb/v7e-m/nofp\libgcc.a(_arm_fixsfsi.o)
                0x0001ce7c                __aeabi_f2iz
                0x0001ce7c                __fixsfsi
 .text          0x0001cec8      0x9d8 c:/gcc-arm-none-eabi-10.3-2021.10/bin/../lib/gcc/arm-none-eabi/10.3.1/thumb/v7e-m/nofp\libgcc.a(unwind-arm.o)
                0x0001d170                _Unwind_GetCFA
                0x0001d174                __gnu_Unwind_RaiseException
                0x0001d1dc                __gnu_Unwind_ForcedUnwind
                0x0001d1ec                __gnu_Unwind_Resume
                0x0001d230                __gnu_Unwind_Resume_or_Rethrow
                0x0001d240                _Unwind_Complete
                0x0001d244                _Unwind_DeleteException
                0x0001d250                _Unwind_VRS_Get
                0x0001d29c                _Unwind_VRS_Set
                0x0001d2e4                __gnu_Unwind_Backtrace
                0x0001d610                __aeabi_unwind_cpp_pr0
                0x0001d614                __aeabi_unwind_cpp_pr1
                0x0001d618                __aeabi_unwind_cpp_pr2
                0x0001d61c                _Unwind_VRS_Pop
 .text          0x0001d8a0      0x1ac c:/gcc-arm-none-eabi-10.3-2021.10/bin/../lib/gcc/arm-none-eabi/10.3.1/thumb/v7e-m/nofp\libgcc.a(libunwind.o)
                0x0001d8a0                __restore_core_regs
                0x0001d8a0                restore_core_regs
                0x0001d8b8                __gnu_Unwind_Restore_VFP
                0x0001d8c0                __gnu_Unwind_Save_VFP
                0x0001d8c8                __gnu_Unwind_Restore_VFP_D
                0x0001d8d0                __gnu_Unwind_Save_VFP_D
                0x0001d8d8                __gnu_Unwind_Restore_VFP_D_16_to_31
                0x0001d8e0                __gnu_Unwind_Save_VFP_D_16_to_31
                0x0001d8e8                __gnu_Unwind_Restore_WMMXD
                0x0001d92c                __gnu_Unwind_Save_WMMXD
                0x0001d970                __gnu_Unwind_Restore_WMMXC
                0x0001d984                __gnu_Unwind_Save_WMMXC
                0x0001d998                ___Unwind_RaiseException
                0x0001d998                _Unwind_RaiseException
                0x0001d9bc                _Unwind_Resume
                0x0001d9bc                ___Unwind_Resume
                0x0001d9e0                _Unwind_Resume_or_Rethrow
                0x0001d9e0                ___Unwind_Resume_or_Rethrow
                0x0001da04                _Unwind_ForcedUnwind
                0x0001da04                ___Unwind_ForcedUnwind
                0x0001da28                ___Unwind_Backtrace
                0x0001da28                _Unwind_Backtrace
 .text          0x0001da4c      0x350 c:/gcc-arm-none-eabi-10.3-2021.10/bin/../lib/gcc/arm-none-eabi/10.3.1/thumb/v7e-m/nofp\libgcc.a(pr-support.o)
                0x0001daa4                __gnu_unwind_execute
                0x0001dd50                __gnu_unwind_frame
                0x0001dd7c                _Unwind_GetRegionStart
                0x0001dd88                _Unwind_GetLanguageSpecificData
 .text.unlikely
                0x0001dd9c        0xc c:/gcc-arm-none-eabi-10.3-2021.10/bin/../lib/gcc/arm-none-eabi/10.3.1/thumb/v7e-m/nofp\libgcc.a(pr-support.o)
                0x0001dd9c                _Unwind_GetDataRelBase
                0x0001dda2                _Unwind_GetTextRelBase
 .text.abort    0x0001dda8       0x10 c:/gcc-arm-none-eabi-10.3-2021.10/bin/../lib/gcc/arm-none-eabi/10.3.1/../../../../arm-none-eabi/lib/thumb/v7e-m/nofp\libg.a(lib_a-abort.o)
                0x0001dda8                abort
 .text.__cxa_atexit
                0x0001ddb8        0xc c:/gcc-arm-none-eabi-10.3-2021.10/bin/../lib/gcc/arm-none-eabi/10.3.1/../../../../arm-none-eabi/lib/thumb/v7e-m/nofp\libg.a(lib_a-cxa_atexit.o)
                0x0001ddb8                __cxa_atexit
 .text.fputc    0x0001ddc4       0x58 c:/gcc-arm-none-eabi-10.3-2021.10/bin/../lib/gcc/arm-none-eabi/10.3.1/../../../../arm-none-eabi/lib/thumb/v7e-m/nofp\libg.a(lib_a-fputc.o)
                0x0001ddc4                fputc
 .text._fputs_r
                0x0001de1c       0x88 c:/gcc-arm-none-eabi-10.3-2021.10/bin/../lib/gcc/arm-none-eabi/10.3.1/../../../../arm-none-eabi/lib/thumb/v7e-m/nofp\libg.a(lib_a-fputs.o)
                0x0001de1c                _fputs_r
 .text.fputs    0x0001dea4       0x18 c:/gcc-arm-none-eabi-10.3-2021.10/bin/../lib/gcc/arm-none-eabi/10.3.1/../../../../arm-none-eabi/lib/thumb/v7e-m/nofp\libg.a(lib_a-fputs.o)
                0x0001dea4                fputs
 .text.__sfvwrite_r
                0x0001debc      0x2e8 c:/gcc-arm-none-eabi-10.3-2021.10/bin/../lib/gcc/arm-none-eabi/10.3.1/../../../../arm-none-eabi/lib/thumb/v7e-m/nofp\libg.a(lib_a-fvwrite.o)
                0x0001debc                __sfvwrite_r
 .text._fwrite_r
                0x0001e1a4       0xa8 c:/gcc-arm-none-eabi-10.3-2021.10/bin/../lib/gcc/arm-none-eabi/10.3.1/../../../../arm-none-eabi/lib/thumb/v7e-m/nofp\libg.a(lib_a-fwrite.o)
                0x0001e1a4                _fwrite_r
 .text.fwrite   0x0001e24c       0x20 c:/gcc-arm-none-eabi-10.3-2021.10/bin/../lib/gcc/arm-none-eabi/10.3.1/../../../../arm-none-eabi/lib/thumb/v7e-m/nofp\libg.a(lib_a-fwrite.o)
                0x0001e24c                fwrite
 .text.__libc_init_array
                0x0001e26c       0x48 c:/gcc-arm-none-eabi-10.3-2021.10/bin/../lib/gcc/arm-none-eabi/10.3.1/../../../../arm-none-eabi/lib/thumb/v7e-m/nofp\libg.a(lib_a-init.o)
                0x0001e26c                __libc_init_array
 .text.__retarget_lock_init_recursive
                0x0001e2b4        0x4 c:/gcc-arm-none-eabi-10.3-2021.10/bin/../lib/gcc/arm-none-eabi/10.3.1/../../../../arm-none-eabi/lib/thumb/v7e-m/nofp\libg.a(lib_a-lock.o)
                0x0001e2b4                __retarget_lock_init_recursive
 .text.__retarget_lock_close_recursive
                0x0001e2b8        0x4 c:/gcc-arm-none-eabi-10.3-2021.10/bin/../lib/gcc/arm-none-eabi/10.3.1/../../../../arm-none-eabi/lib/thumb/v7e-m/nofp\libg.a(lib_a-lock.o)
                0x0001e2b8                __retarget_lock_close_recursive
 .text.__retarget_lock_acquire_recursive
                0x0001e2bc        0x4 c:/gcc-arm-none-eabi-10.3-2021.10/bin/../lib/gcc/arm-none-eabi/10.3.1/../../../../arm-none-eabi/lib/thumb/v7e-m/nofp\libg.a(lib_a-lock.o)
                0x0001e2bc                __retarget_lock_acquire_recursive
 .text.__retarget_lock_release_recursive
                0x0001e2c0        0x4 c:/gcc-arm-none-eabi-10.3-2021.10/bin/../lib/gcc/arm-none-eabi/10.3.1/../../../../arm-none-eabi/lib/thumb/v7e-m/nofp\libg.a(lib_a-lock.o)
                0x0001e2c0                __retarget_lock_release_recursive
 .text.malloc   0x0001e2c4       0x10 c:/gcc-arm-none-eabi-10.3-2021.10/bin/../lib/gcc/arm-none-eabi/10.3.1/../../../../arm-none-eabi/lib/thumb/v7e-m/nofp\libg.a(lib_a-malloc.o)
                0x0001e2c4                malloc
 .text.free     0x0001e2d4       0x10 c:/gcc-arm-none-eabi-10.3-2021.10/bin/../lib/gcc/arm-none-eabi/10.3.1/../../../../arm-none-eabi/lib/thumb/v7e-m/nofp\libg.a(lib_a-malloc.o)
                0x0001e2d4                free
 .text._malloc_r
                0x0001e2e4      0x560 c:/gcc-arm-none-eabi-10.3-2021.10/bin/../lib/gcc/arm-none-eabi/10.3.1/../../../../arm-none-eabi/lib/thumb/v7e-m/nofp\libg.a(lib_a-mallocr.o)
                0x0001e2e4                _malloc_r
 *fill*         0x0001e844        0xc 
 .text          0x0001e850       0xa0 c:/gcc-arm-none-eabi-10.3-2021.10/bin/../lib/gcc/arm-none-eabi/10.3.1/../../../../arm-none-eabi/lib/thumb/v7e-m/nofp\libg.a(lib_a-memchr.o)
                0x0001e850                memchr
 .text.memcmp   0x0001e8f0       0x68 c:/gcc-arm-none-eabi-10.3-2021.10/bin/../lib/gcc/arm-none-eabi/10.3.1/../../../../arm-none-eabi/lib/thumb/v7e-m/nofp\libg.a(lib_a-memcmp.o)
                0x0001e8f0                memcmp
 .text          0x0001e958      0x134 c:/gcc-arm-none-eabi-10.3-2021.10/bin/../lib/gcc/arm-none-eabi/10.3.1/../../../../arm-none-eabi/lib/thumb/v7e-m/nofp\libg.a(lib_a-memcpy.o)
                0x0001e958                memcpy
 .text.memmove  0x0001ea8c       0xf8 c:/gcc-arm-none-eabi-10.3-2021.10/bin/../lib/gcc/arm-none-eabi/10.3.1/../../../../arm-none-eabi/lib/thumb/v7e-m/nofp\libg.a(lib_a-memmove.o)
                0x0001ea8c                memmove
 .text.memset   0x0001eb84       0xa4 c:/gcc-arm-none-eabi-10.3-2021.10/bin/../lib/gcc/arm-none-eabi/10.3.1/../../../../arm-none-eabi/lib/thumb/v7e-m/nofp\libg.a(lib_a-memset.o)
                0x0001eb84                memset
 .text.__malloc_lock
                0x0001ec28        0xc c:/gcc-arm-none-eabi-10.3-2021.10/bin/../lib/gcc/arm-none-eabi/10.3.1/../../../../arm-none-eabi/lib/thumb/v7e-m/nofp\libg.a(lib_a-mlock.o)
                0x0001ec28                __malloc_lock
 .text.__malloc_unlock
                0x0001ec34        0xc c:/gcc-arm-none-eabi-10.3-2021.10/bin/../lib/gcc/arm-none-eabi/10.3.1/../../../../arm-none-eabi/lib/thumb/v7e-m/nofp\libg.a(lib_a-mlock.o)
                0x0001ec34                __malloc_unlock
 .text._putc_r  0x0001ec40       0x74 c:/gcc-arm-none-eabi-10.3-2021.10/bin/../lib/gcc/arm-none-eabi/10.3.1/../../../../arm-none-eabi/lib/thumb/v7e-m/nofp\libg.a(lib_a-putc.o)
                0x0001ec40                _putc_r
 .text.realloc  0x0001ecb4       0x18 c:/gcc-arm-none-eabi-10.3-2021.10/bin/../lib/gcc/arm-none-eabi/10.3.1/../../../../arm-none-eabi/lib/thumb/v7e-m/nofp\libg.a(lib_a-realloc.o)
                0x0001ecb4                realloc
 .text._realloc_r
                0x0001eccc      0x3d8 c:/gcc-arm-none-eabi-10.3-2021.10/bin/../lib/gcc/arm-none-eabi/10.3.1/../../../../arm-none-eabi/lib/thumb/v7e-m/nofp\libg.a(lib_a-reallocr.o)
                0x0001eccc                _realloc_r
 .text._sbrk_r  0x0001f0a4       0x24 c:/gcc-arm-none-eabi-10.3-2021.10/bin/../lib/gcc/arm-none-eabi/10.3.1/../../../../arm-none-eabi/lib/thumb/v7e-m/nofp\libg.a(lib_a-sbrkr.o)
                0x0001f0a4                _sbrk_r
 .text.raise    0x0001f0c8       0x5c c:/gcc-arm-none-eabi-10.3-2021.10/bin/../lib/gcc/arm-none-eabi/10.3.1/../../../../arm-none-eabi/lib/thumb/v7e-m/nofp\libg.a(lib_a-signal.o)
                0x0001f0c8                raise
 .text._kill_r  0x0001f124       0x2c c:/gcc-arm-none-eabi-10.3-2021.10/bin/../lib/gcc/arm-none-eabi/10.3.1/../../../../arm-none-eabi/lib/thumb/v7e-m/nofp\libg.a(lib_a-signalr.o)
                0x0001f124                _kill_r
 .text._getpid_r
                0x0001f150        0x4 c:/gcc-arm-none-eabi-10.3-2021.10/bin/../lib/gcc/arm-none-eabi/10.3.1/../../../../arm-none-eabi/lib/thumb/v7e-m/nofp\libg.a(lib_a-signalr.o)
                0x0001f150                _getpid_r
 .text.sprintf  0x0001f154       0x40 c:/gcc-arm-none-eabi-10.3-2021.10/bin/../lib/gcc/arm-none-eabi/10.3.1/../../../../arm-none-eabi/lib/thumb/v7e-m/nofp\libg.a(lib_a-sprintf.o)
                0x0001f154                sprintf
 *fill*         0x0001f194        0xc 
 .text          0x0001f1a0      0x2dc c:/gcc-arm-none-eabi-10.3-2021.10/bin/../lib/gcc/arm-none-eabi/10.3.1/../../../../arm-none-eabi/lib/thumb/v7e-m/nofp\libg.a(lib_a-strcmp.o)
                0x0001f1a8                strcmp
 *fill*         0x0001f47c        0x4 
 .text          0x0001f480       0xdc c:/gcc-arm-none-eabi-10.3-2021.10/bin/../lib/gcc/arm-none-eabi/10.3.1/../../../../arm-none-eabi/lib/thumb/v7e-m/nofp\libg.a(lib_a-strlen.o)
                0x0001f480                strlen
 .text.strncmp  0x0001f55c       0x80 c:/gcc-arm-none-eabi-10.3-2021.10/bin/../lib/gcc/arm-none-eabi/10.3.1/../../../../arm-none-eabi/lib/thumb/v7e-m/nofp\libg.a(lib_a-strncmp.o)
                0x0001f55c                strncmp
 .text._svfprintf_r
                0x0001f5dc     0x1a3c c:/gcc-arm-none-eabi-10.3-2021.10/bin/../lib/gcc/arm-none-eabi/10.3.1/../../../../arm-none-eabi/lib/thumb/v7e-m/nofp\libg.a(lib_a-svfprintf.o)
                0x0001f5dc                _svfprintf_r
 .text.__swbuf_r
                0x00021018       0xb0 c:/gcc-arm-none-eabi-10.3-2021.10/bin/../lib/gcc/arm-none-eabi/10.3.1/../../../../arm-none-eabi/lib/thumb/v7e-m/nofp\libg.a(lib_a-wbuf.o)
                0x00021018                __swbuf_r
 .text._write_r
                0x000210c8       0x2c c:/gcc-arm-none-eabi-10.3-2021.10/bin/../lib/gcc/arm-none-eabi/10.3.1/../../../../arm-none-eabi/lib/thumb/v7e-m/nofp\libg.a(lib_a-writer.o)
                0x000210c8                _write_r
 .text.__swsetup_r
                0x000210f4       0xd4 c:/gcc-arm-none-eabi-10.3-2021.10/bin/../lib/gcc/arm-none-eabi/10.3.1/../../../../arm-none-eabi/lib/thumb/v7e-m/nofp\libg.a(lib_a-wsetup.o)
                0x000210f4                __swsetup_r
 .text.__register_exitproc
                0x000211c8       0x8c c:/gcc-arm-none-eabi-10.3-2021.10/bin/../lib/gcc/arm-none-eabi/10.3.1/../../../../arm-none-eabi/lib/thumb/v7e-m/nofp\libg.a(lib_a-__atexit.o)
                0x000211c8                __register_exitproc
 .text.startup.register_fini
                0x00021254       0x14 c:/gcc-arm-none-eabi-10.3-2021.10/bin/../lib/gcc/arm-none-eabi/10.3.1/../../../../arm-none-eabi/lib/thumb/v7e-m/nofp\libg.a(lib_a-__call_atexit.o)
 .text.atexit   0x00021268        0xc c:/gcc-arm-none-eabi-10.3-2021.10/bin/../lib/gcc/arm-none-eabi/10.3.1/../../../../arm-none-eabi/lib/thumb/v7e-m/nofp\libg.a(lib_a-atexit.o)
                0x00021268                atexit
 .text.quorem   0x00021274      0x124 c:/gcc-arm-none-eabi-10.3-2021.10/bin/../lib/gcc/arm-none-eabi/10.3.1/../../../../arm-none-eabi/lib/thumb/v7e-m/nofp\libg.a(lib_a-dtoa.o)
 .text._dtoa_r  0x00021398      0xec4 c:/gcc-arm-none-eabi-10.3-2021.10/bin/../lib/gcc/arm-none-eabi/10.3.1/../../../../arm-none-eabi/lib/thumb/v7e-m/nofp\libg.a(lib_a-dtoa.o)
                0x00021398                _dtoa_r
 .text.__sflush_r
                0x0002225c      0x120 c:/gcc-arm-none-eabi-10.3-2021.10/bin/../lib/gcc/arm-none-eabi/10.3.1/../../../../arm-none-eabi/lib/thumb/v7e-m/nofp\libg.a(lib_a-fflush.o)
                0x0002225c                __sflush_r
 .text._fflush_r
                0x0002237c       0x5c c:/gcc-arm-none-eabi-10.3-2021.10/bin/../lib/gcc/arm-none-eabi/10.3.1/../../../../arm-none-eabi/lib/thumb/v7e-m/nofp\libg.a(lib_a-fflush.o)
                0x0002237c                _fflush_r
 .text._cleanup_r
                0x000223d8        0xc c:/gcc-arm-none-eabi-10.3-2021.10/bin/../lib/gcc/arm-none-eabi/10.3.1/../../../../arm-none-eabi/lib/thumb/v7e-m/nofp\libg.a(lib_a-findfp.o)
                0x000223d8                _cleanup_r
 .text.__sinit  0x000223e4      0x10c c:/gcc-arm-none-eabi-10.3-2021.10/bin/../lib/gcc/arm-none-eabi/10.3.1/../../../../arm-none-eabi/lib/thumb/v7e-m/nofp\libg.a(lib_a-findfp.o)
                0x000223e4                __sinit
 .text.__sfp_lock_acquire
                0x000224f0        0xc c:/gcc-arm-none-eabi-10.3-2021.10/bin/../lib/gcc/arm-none-eabi/10.3.1/../../../../arm-none-eabi/lib/thumb/v7e-m/nofp\libg.a(lib_a-findfp.o)
                0x000224f0                __sfp_lock_acquire
 .text.__sfp_lock_release
                0x000224fc        0xc c:/gcc-arm-none-eabi-10.3-2021.10/bin/../lib/gcc/arm-none-eabi/10.3.1/../../../../arm-none-eabi/lib/thumb/v7e-m/nofp\libg.a(lib_a-findfp.o)
                0x000224fc                __sfp_lock_release
 .text.__libc_fini_array
                0x00022508       0x2c c:/gcc-arm-none-eabi-10.3-2021.10/bin/../lib/gcc/arm-none-eabi/10.3.1/../../../../arm-none-eabi/lib/thumb/v7e-m/nofp\libg.a(lib_a-fini.o)
                0x00022508                __libc_fini_array
 .text._malloc_trim_r
                0x00022534       0xa0 c:/gcc-arm-none-eabi-10.3-2021.10/bin/../lib/gcc/arm-none-eabi/10.3.1/../../../../arm-none-eabi/lib/thumb/v7e-m/nofp\libg.a(lib_a-freer.o)
                0x00022534                _malloc_trim_r
 .text._free_r  0x000225d4      0x20c c:/gcc-arm-none-eabi-10.3-2021.10/bin/../lib/gcc/arm-none-eabi/10.3.1/../../../../arm-none-eabi/lib/thumb/v7e-m/nofp\libg.a(lib_a-freer.o)
                0x000225d4                _free_r
 .text._fwalk_reent
                0x000227e0       0x48 c:/gcc-arm-none-eabi-10.3-2021.10/bin/../lib/gcc/arm-none-eabi/10.3.1/../../../../arm-none-eabi/lib/thumb/v7e-m/nofp\libg.a(lib_a-fwalk.o)
                0x000227e0                _fwalk_reent
 .text._localeconv_r
                0x00022828        0x8 c:/gcc-arm-none-eabi-10.3-2021.10/bin/../lib/gcc/arm-none-eabi/10.3.1/../../../../arm-none-eabi/lib/thumb/v7e-m/nofp\libg.a(lib_a-localeconv.o)
                0x00022828                _localeconv_r
 .text.__smakebuf_r
                0x00022830       0xe0 c:/gcc-arm-none-eabi-10.3-2021.10/bin/../lib/gcc/arm-none-eabi/10.3.1/../../../../arm-none-eabi/lib/thumb/v7e-m/nofp\libg.a(lib_a-makebuf.o)
                0x00022830                __smakebuf_r
 .text._Balloc  0x00022910       0x4c c:/gcc-arm-none-eabi-10.3-2021.10/bin/../lib/gcc/arm-none-eabi/10.3.1/../../../../arm-none-eabi/lib/thumb/v7e-m/nofp\libg.a(lib_a-mprec.o)
                0x00022910                _Balloc
 .text._Bfree   0x0002295c       0x14 c:/gcc-arm-none-eabi-10.3-2021.10/bin/../lib/gcc/arm-none-eabi/10.3.1/../../../../arm-none-eabi/lib/thumb/v7e-m/nofp\libg.a(lib_a-mprec.o)
                0x0002295c                _Bfree
 .text.__multadd
                0x00022970       0xa0 c:/gcc-arm-none-eabi-10.3-2021.10/bin/../lib/gcc/arm-none-eabi/10.3.1/../../../../arm-none-eabi/lib/thumb/v7e-m/nofp\libg.a(lib_a-mprec.o)
                0x00022970                __multadd
 .text.__hi0bits
                0x00022a10       0x40 c:/gcc-arm-none-eabi-10.3-2021.10/bin/../lib/gcc/arm-none-eabi/10.3.1/../../../../arm-none-eabi/lib/thumb/v7e-m/nofp\libg.a(lib_a-mprec.o)
                0x00022a10                __hi0bits
 .text.__lo0bits
                0x00022a50       0x5c c:/gcc-arm-none-eabi-10.3-2021.10/bin/../lib/gcc/arm-none-eabi/10.3.1/../../../../arm-none-eabi/lib/thumb/v7e-m/nofp\libg.a(lib_a-mprec.o)
                0x00022a50                __lo0bits
 .text.__i2b    0x00022aac       0x5c c:/gcc-arm-none-eabi-10.3-2021.10/bin/../lib/gcc/arm-none-eabi/10.3.1/../../../../arm-none-eabi/lib/thumb/v7e-m/nofp\libg.a(lib_a-mprec.o)
                0x00022aac                __i2b
 .text.__multiply
                0x00022b08      0x15c c:/gcc-arm-none-eabi-10.3-2021.10/bin/../lib/gcc/arm-none-eabi/10.3.1/../../../../arm-none-eabi/lib/thumb/v7e-m/nofp\libg.a(lib_a-mprec.o)
                0x00022b08                __multiply
 .text.__pow5mult
                0x00022c64       0xc0 c:/gcc-arm-none-eabi-10.3-2021.10/bin/../lib/gcc/arm-none-eabi/10.3.1/../../../../arm-none-eabi/lib/thumb/v7e-m/nofp\libg.a(lib_a-mprec.o)
                0x00022c64                __pow5mult
 .text.__lshift
                0x00022d24       0xf0 c:/gcc-arm-none-eabi-10.3-2021.10/bin/../lib/gcc/arm-none-eabi/10.3.1/../../../../arm-none-eabi/lib/thumb/v7e-m/nofp\libg.a(lib_a-mprec.o)
                0x00022d24                __lshift
 .text.__mcmp   0x00022e14       0x40 c:/gcc-arm-none-eabi-10.3-2021.10/bin/../lib/gcc/arm-none-eabi/10.3.1/../../../../arm-none-eabi/lib/thumb/v7e-m/nofp\libg.a(lib_a-mprec.o)
                0x00022e14                __mcmp
 .text.__mdiff  0x00022e54      0x14c c:/gcc-arm-none-eabi-10.3-2021.10/bin/../lib/gcc/arm-none-eabi/10.3.1/../../../../arm-none-eabi/lib/thumb/v7e-m/nofp\libg.a(lib_a-mprec.o)
                0x00022e54                __mdiff
 .text.__d2b    0x00022fa0       0xc4 c:/gcc-arm-none-eabi-10.3-2021.10/bin/../lib/gcc/arm-none-eabi/10.3.1/../../../../arm-none-eabi/lib/thumb/v7e-m/nofp\libg.a(lib_a-mprec.o)
                0x00022fa0                __d2b