Archive member included to satisfy reference by file (symbol)

c:/gcc-arm-none-eabi-10.3-2021.10/bin/../lib/gcc/arm-none-eabi/10.3.1/../../../../arm-none-eabi/lib/thumb/v7e-m/nofp\libstdc++.a(atexit_arm.o)
                              ../main.o (__aeabi_atexit)
c:/gcc-arm-none-eabi-10.3-2021.10/bin/../lib/gcc/arm-none-eabi/10.3.1/../../../../arm-none-eabi/lib/thumb/v7e-m/nofp\libstdc++.a(del_ops.o)
                              Libraries/FEHIO.o (operator delete(void*, unsigned int))
c:/gcc-arm-none-eabi-10.3-2021.10/bin/../lib/gcc/arm-none-eabi/10.3.1/../../../../arm-none-eabi/lib/thumb/v7e-m/nofp\libstdc++.a(new_op.o)
                              Libraries/FEHIO.o (operator new(unsigned int))
c:/gcc-arm-none-eabi-10.3-2021.10/bin/../lib/gcc/arm-none-eabi/10.3.1/../../../../arm-none-eabi/lib/thumb/v7e-m/nofp\libstdc++.a(bad_alloc.o)
                              c:/gcc-arm-none-eabi-10.3-2021.10/bin/../lib/gcc/arm-none-eabi/10.3.1/../../../../arm-none-eabi/lib/thumb/v7e-m/nofp\libstdc++.a(new_op.o) (std::bad_alloc::~bad_alloc())
c:/gcc-arm-none-eabi-10.3-2021.10/bin/../lib/gcc/arm-none-eabi/10.3.1/../../../../arm-none-eabi/lib/thumb/v7e-m/nofp\libstdc++.a(del_op.o)
                              c:/gcc-arm-none-eabi-10.3-2021.10/bin/../lib/gcc/arm-none-eabi/10.3.1/../../../../arm-none-eabi/lib/thumb/v7e-m/nofp\libstdc++.a(del_ops.o) (operator delete(void*))
c:/gcc-arm-none-eabi-10.3-2021.10/bin/../lib/gcc/arm-none-eabi/10.3.1/../../../../arm-none-eabi/lib/thumb/v7e-m/nofp\libstdc++.a(eh_alloc.o)
                              c:/gcc-arm-none-eabi-10.3-2021.10/bin/../lib/gcc/arm-none-eabi/10.3.1/../../../../arm-none-eabi/lib/thumb/v7e-m/nofp\libstdc++.a(new_op.o) (__cxa_allocate_exception)
c:/gcc-arm-none-eabi-10.3-2021.10/bin/../lib/gcc/arm-none-eabi/10.3.1/../../../../arm-none-eabi/lib/thumb/v7e-m/nofp\libstdc++.a(eh_exception.o)
                              c:/gcc-arm-none-eabi-10.3-2021.10/bin/../lib/gcc/arm-none-eabi/10.3.1/../../../../arm-none-eabi/lib/thumb/v7e-m/nofp\libstdc++.a(bad_alloc.o) (std::exception::~exception())
c:/gcc-arm-none-eabi-10.3-2021.10/bin/../lib/gcc/arm-none-eabi/10.3.1/../../../../arm-none-eabi/lib/thumb/v7e-m/nofp\libstdc++.a(eh_terminate.o)
                              c:/gcc-arm-none-eabi-10.3-2021.10/bin/../lib/gcc/arm-none-eabi/10.3.1/../../../../arm-none-eabi/lib/thumb/v7e-m/nofp\libstdc++.a(eh_alloc.o) (std::terminate())
c:/gcc-arm-none-eabi-10.3-2021.10/bin/../lib/gcc/arm-none-eabi/10.3.1/../../../../arm-none-eabi/lib/thumb/v7e-m/nofp\libstdc++.a(eh_throw.o)
                              c:/gcc-arm-none-eabi-10.3-2021.10/bin/../lib/gcc/arm-none-eabi/10.3.1/../../../../arm-none-eabi/lib/thumb/v7e-m/nofp\libstdc++.a(new_op.o) (__cxa_throw)
c:/gcc-arm-none-eabi-10.3-2021.10/bin/../lib/gcc/arm-none-eabi/10.3.1/../../../../arm-none-eabi/lib/thumb/v7e-m/nofp\libstdc++.a(eh_unex_handler.o)
                              c:/gcc-arm-none-eabi-10.3-2021.10/bin/../lib/gcc/arm-none-eabi/10.3.1/../../../../arm-none-eabi/lib/thumb/v7e-m/nofp\libstdc++.a(eh_terminate.o) (__cxxabiv1::__unexpected_handler)
c:/gcc-arm-none-eabi-10.3-2021.10/bin/../lib/gcc/arm-none-eabi/10.3.1/../../../../arm-none-eabi/lib/thumb/v7e-m/nofp\libstdc++.a(new_handler.o)
                              c:/gcc-arm-none-eabi-10.3-2021.10/bin/../lib/gcc/arm-none-eabi/10.3.1/../../../../arm-none-eabi/lib/thumb/v7e-m/nofp\libstdc++.a(new_op.o) (std::get_new_handler())
c:/gcc-arm-none-eabi-10.3-2021.10/bin/../lib/gcc/arm-none-eabi/10.3.1/../../../../arm-none-eabi/lib/thumb/v7e-m/nofp\libstdc++.a(pure.o)
                              c:/gcc-arm-none-eabi-10.3-2021.10/bin/../lib/gcc/arm-none-eabi/10.3.1/../../../../arm-none-eabi/lib/thumb/v7e-m/nofp\libstdc++.a(eh_exception.o) (__cxa_pure_virtual)
c:/gcc-arm-none-eabi-10.3-2021.10/bin/../lib/gcc/arm-none-eabi/10.3.1/../../../../arm-none-eabi/lib/thumb/v7e-m/nofp\libstdc++.a(si_class_type_info.o)
                              c:/gcc-arm-none-eabi-10.3-2021.10/bin/../lib/gcc/arm-none-eabi/10.3.1/../../../../arm-none-eabi/lib/thumb/v7e-m/nofp\libstdc++.a(bad_alloc.o) (vtable for __cxxabiv1::__si_class_type_info)
c:/gcc-arm-none-eabi-10.3-2021.10/bin/../lib/gcc/arm-none-eabi/10.3.1/../../../../arm-none-eabi/lib/thumb/v7e-m/nofp\libstdc++.a(tinfo.o)
                              c:/gcc-arm-none-eabi-10.3-2021.10/bin/../lib/gcc/arm-none-eabi/10.3.1/../../../../arm-none-eabi/lib/thumb/v7e-m/nofp\libstdc++.a(si_class_type_info.o) (std::type_info::__is_pointer_p() const)
c:/gcc-arm-none-eabi-10.3-2021.10/bin/../lib/gcc/arm-none-eabi/10.3.1/../../../../arm-none-eabi/lib/thumb/v7e-m/nofp\libstdc++.a(vterminate.o)
                              c:/gcc-arm-none-eabi-10.3-2021.10/bin/../lib/gcc/arm-none-eabi/10.3.1/../../../../arm-none-eabi/lib/thumb/v7e-m/nofp\libstdc++.a(eh_terminate.o) (__gnu_cxx::__verbose_terminate_handler())
c:/gcc-arm-none-eabi-10.3-2021.10/bin/../lib/gcc/arm-none-eabi/10.3.1/../../../../arm-none-eabi/lib/thumb/v7e-m/nofp\libstdc++.a(class_type_info.o)
[...]
Memory Configuration

Name             Origin             Length             Attributes
PROGRAM_FLASH    0x0000c000         0x00073c00         xr
SRAM_UPPER       0x20000000         0x00010000         xrw
SRAM_LOWER       0x1fff0000         0x00010000         xrw
*default*        0x00000000         0xffffffff

Linker script and memory map

LOAD c:/gcc-arm-none-eabi-10.3-2021.10/bin/../lib/gcc/arm-none-eabi/10.3.1/thumb/v7e-m/nofp/crti.o
LOAD c:/gcc-arm-none-eabi-10.3-2021.10/bin/../lib/gcc/arm-none-eabi/10.3.1/thumb/v7e-m/nofp/crtbegin.o
LOAD c:/gcc-arm-none-eabi-10.3-2021.10/bin/../lib/gcc/arm-none-eabi/10.3.1/../../../../arm-none-eabi/lib/thumb/v7e-m/nofp/crt0.o
LOAD ../main.o
LOAD ../CdSensor.o
LOAD ../LineFollower.o
LOAD ../DriveMotor.o
LOAD ../ForkLift.o
LOAD Startup/startup_mk60d10.o
LOAD Libraries/FEHMotor.o
LOAD Drivers/mcg.o
LOAD Drivers/i2c.o
LOAD Drivers/spi.o
LOAD Drivers/uart.o
LOAD Drivers/ff.o
LOAD Drivers/SDHC.o
LOAD Drivers/lptmr.o
LOAD FEHProteus.o
LOAD Drivers/FEHPropeller.o
LOAD Libraries/FEHUtility.o
LOAD Libraries/FEHIO.o
LOAD Drivers/adc16.o
LOAD Libraries/FEHBuzzer.o
LOAD Libraries/FEHServo.o
LOAD Libraries/FEHLCD.o
LOAD Libraries/FEHAccel.o
LOAD Libraries/FEHBattery.o
LOAD Drivers/FEHXBee.o
LOAD Libraries/FEHRCS.o
LOAD Libraries/FEHSD.o
LOAD Libraries/FEHRandom.o
LOAD c:/gcc-arm-none-eabi-10.3-2021.10/bin/../lib/gcc/arm-none-eabi/10.3.1/../../../../arm-none-eabi/lib/thumb/v7e-m/nofp\libstdc++.a
LOAD c:/gcc-arm-none-eabi-10.3-2021.10/bin/../lib/gcc/arm-none-eabi/10.3.1/../../../../arm-none-eabi/lib/thumb/v7e-m/nofp\libm.a
START GROUP
LOAD c:/gcc-arm-none-eabi-10.3-2021.10/bin/../lib/gcc/arm-none-eabi/10.3.1/thumb/v7e-m/nofp\libgcc.a
LOAD c:/gcc-arm-none-eabi-10.3-2021.10/bin/../lib/gcc/arm-none-eabi/10.3.1/../../../../arm-none-eabi/lib/thumb/v7e-m/nofp\libg.a
LOAD c:/gcc-arm-none-eabi-10.3-2021.10/bin/../lib/gcc/arm-none-eabi/10.3.1/../../../../arm-none-eabi/lib/thumb/v7e-m/nofp\libc.a
END GROUP
START GROUP
LOAD c:/gcc-arm-none-eabi-10.3-2021.10/bin/../lib/gcc/arm-none-eabi/10.3.1/thumb/v7e-m/nofp\libgcc.a
LOAD c:/gcc-arm-none-eabi-10.3-2021.10/bin/../lib/gcc/arm-none-eabi/10.3.1/../../../../arm-none-eabi/lib/thumb/v7e-m/nofp\libc.a
LOAD c:/gcc-arm-none-eabi-10.3-2021.10/bin/../lib/gcc/arm-none-eabi/10.3.1/../../../../arm-none-eabi/lib/thumb/v7e-m/nofp\libnosys.a
END GROUP
LOAD c:/gcc-arm-none-eabi-10.3-2021.10/bin/../lib/gcc/arm-none-eabi/10.3.1/thumb/v7e-m/nofp/crtend.o
LOAD c:/gcc-arm-none-eabi-10.3-2021.10/bin/../lib/gcc/arm-none-eabi/10.3.1/thumb/v7e-m/nofp/crtn.o
                0x0000c000                __base_PROGRAM_FLASH = 0xc000
                0x0000c000                __base_Flash = 0xc000
                0x0007fc00                __top_PROGRAM_FLASH = 0x7fc00
                0x0007fc00                __top_Flash = 0x7fc00
                0x20000000                __base_SRAM_UPPER = 0x20000000
                0x20000000                __base_RAM = 0x20000000
                0x20010000                __top_SRAM_UPPER = 0x20010000
                0x20010000                __top_RAM = 0x20010000
                0x1fff0000                __base_SRAM_LOWER = 0x1fff0000
                0x1fff0000                __base_RAM2 = 0x1fff0000
                0x20000000                __top_SRAM_LOWER = 0x20000000
                0x20000000                __top_RAM2 = 0x20000000

.text           0x0000c000      0x410
 FILL mask 0xff
                0x0000c000                __vectors_start__ = ABSOLUTE (.)
 *(.isr_vector)
 .isr_vector    0x0000c000      0x1bc Startup/startup_mk60d10.o
                0x0000c000                g_pfnVectors
                0x0000c000                __Vectors
                0x0000c1bc                . = ALIGN (0x4)
                0x0000c1bc                __section_table_start = .
                0x0000c1bc                __data_section_table = .
                0x0000c1bc        0x4 LONG 0x25c88 LOADADDR (.data)
                0x0000c1c0        0x4 LONG 0x20000000 ADDR (.data)
                0x0000c1c4        0x4 LONG 0x16e0 SIZEOF (.data)
                0x0000c1c8        0x4 LONG 0x25c88 LOADADDR (.data_RAM2)
                0x0000c1cc        0x4 LONG 0x1fff0000 ADDR (.data_RAM2)
                0x0000c1d0        0x4 LONG 0x0 SIZEOF (.data_RAM2)
                0x0000c1d4                __data_section_table_end = .
                0x0000c1d4                __bss_section_table = .
                0x0000c1d4        0x4 LONG 0x200016e0 ADDR (.bss)
                0x0000c1d8        0x4 LONG 0x534 SIZEOF (.bss)
                0x0000c1dc        0x4 LONG 0x1fff0000 ADDR (.bss_RAM2)
                0x0000c1e0        0x4 LONG 0x0 SIZEOF (.bss_RAM2)
                0x0000c1e4                __bss_section_table_end = .
                0x0000c1e4                __section_table_end = .
 *(.after_vectors*)
 .after_vectors.init_data
                0x0000c1e4       0x42 Startup/startup_mk60d10.o
                0x0000c1e4                data_init(unsigned int, unsigned int, unsigned int)
 .after_vectors.init_bss
                0x0000c226       0x36 Startup/startup_mk60d10.o
                0x0000c226                bss_init(unsigned int, unsigned int)
 .after_vectors.reset
                0x0000c25c       0xb4 Startup/startup_mk60d10.o
                0x0000c25c                ResetISR
 .after_vectors
                0x0000c310       0x3c Startup/startup_mk60d10.o
                0x0000c310                NMI_Handler
                0x0000c316                HardFault_Handler
                0x0000c31c                MemManage_Handler
                0x0000c322                BusFault_Handler
                0x0000c328                UsageFault_Handler
                0x0000c32e                SVC_Handler
                0x0000c334                DebugMon_Handler
                0x0000c33a                PendSV_Handler
                0x0000c340                SysTick_Handler
                0x0000c346                DMA_Error_DriverIRQHandler
                0x0000c346                LPTMR0_DriverIRQHandler
                0x0000c346                FTM1_DriverIRQHandler
                0x0000c346                FTM2_DriverIRQHandler
                0x0000c346                PIT2_DriverIRQHandler
                0x0000c346                SDHC_DriverIRQHandler
                0x0000c346                I2S0_Tx_DriverIRQHandler
                0x0000c346                TSI0_DriverIRQHandler
                0x0000c346                RTC_Seconds_DriverIRQHandler
                0x0000c346                Reserved109_DriverIRQHandler
                0x0000c346                DMA6_DriverIRQHandler
                0x0000c346                LLWU_DriverIRQHandler
                0x0000c346                MCM_DriverIRQHandler
                0x0000c346                MCG_DriverIRQHandler
                0x0000c346                ENET_1588_Timer_DriverIRQHandler
                0x0000c346                DAC1_DriverIRQHandler
                0x0000c346                SPI1_DriverIRQHandler
                0x0000c346                CMP1_DriverIRQHandler
                0x0000c346                UART5_RX_TX_DriverIRQHandler
                0x0000c346                FTM0_DriverIRQHandler
                0x0000c346                IntDefaultHandler
                0x0000c346                USB0_DriverIRQHandler
                0x0000c346                UART5_ERR_DriverIRQHandler
                0x0000c346                DMA11_DriverIRQHandler
                0x0000c346                DAC0_DriverIRQHandler
                0x0000c346                DMA10_DriverIRQHandler
                0x0000c346                CMP2_DriverIRQHandler
                0x0000c346                UART2_ERR_DriverIRQHandler
                0x0000c346                SPI2_DriverIRQHandler
                0x0000c346                LVD_LVW_DriverIRQHandler
                0x0000c346                RNG_DriverIRQHandler
                0x0000c346                DMA12_DriverIRQHandler
                0x0000c346                DMA4_DriverIRQHandler
                0x0000c346                UART2_RX_TX_DriverIRQHandler
                0x0000c346                USBDCD_DriverIRQHandler
                0x0000c346                UART3_ERR_DriverIRQHandler
                0x0000c346                DMA3_DriverIRQHandler
                0x0000c346                DMA8_DriverIRQHandler
                0x0000c346                DMA9_DriverIRQHandler
                0x0000c346                UART0_ERR_DriverIRQHandler
                0x0000c346                CMT_DriverIRQHandler
                0x0000c346                ADC1_DriverIRQHandler
                0x0000c346                DMA14_DriverIRQHandler
                0x0000c346                PIT3_DriverIRQHandler
                0x0000c346                PIT1_DriverIRQHandler
                0x0000c346                WDOG_EWM_DriverIRQHandler
                0x0000c346                PDB0_DriverIRQHandler
                0x0000c346                Reserved95_DriverIRQHandler
                0x0000c346                RTC_DriverIRQHandler
                0x0000c346                I2S0_Rx_DriverIRQHandler
                0x0000c346                Read_Collision_DriverIRQHandler
                0x0000c346                SWI_DriverIRQHandler
                0x0000c346                UART4_RX_TX_DriverIRQHandler
                0x0000c346                UART4_ERR_DriverIRQHandler
                0x0000c346                DMA0_DriverIRQHandler
                0x0000c346                UART0_LON_DriverIRQHandler
                0x0000c346                Reserved102_DriverIRQHandler
                0x0000c346                DMA1_DriverIRQHandler
                0x0000c346                I2C1_DriverIRQHandler
                0x0000c346                UART3_RX_TX_DriverIRQHandler
                0x0000c346                ENET_Receive_DriverIRQHandler
                0x0000c346                DMA13_DriverIRQHandler
                0x0000c346                ENET_Error_DriverIRQHandler
                0x0000c346                DMA15_DriverIRQHandler
                0x0000c346                SPI0_DriverIRQHandler
                0x0000c346                ADC0_DriverIRQHandler
                0x0000c346                FTFL_DriverIRQHandler
                0x0000c346                CMP0_DriverIRQHandler
                0x0000c346                CAN0_DriverIRQHandler
                0x0000c346                Reserved59_DriverIRQHandler
                0x0000c346                DMA5_DriverIRQHandler
                0x0000c346                UART1_ERR_DriverIRQHandler
                0x0000c346                DMA2_DriverIRQHandler
                0x0000c346                ENET_Transmit_DriverIRQHandler
                0x0000c346                I2C0_DriverIRQHandler
                0x0000c346                CAN1_DriverIRQHandler
                0x0000c346                DMA7_DriverIRQHandler
                0x0000c346                UART1_RX_TX_DriverIRQHandler
                0x0000c346                Reserved108_DriverIRQHandler
                0x00000400                . = 0x400
 *fill*         0x0000c34c       0xb4 ff
                0x0000c400                PROVIDE (__FLASH_CONFIG_START__ = .)
 *(.FlashConfig)
 .FlashConfig   0x0000c400       0x10 Startup/startup_mk60d10.o
                0x0000c410                PROVIDE (__FLASH_CONFIG_END__ = .)
                0x00000001                ASSERT (! ((__FLASH_CONFIG_START__ == __FLASH_CONFIG_END__)), Linker Flash Config Support Enabled, but no .FlashConfig section provided within application)

.glue_7         0x0000c410        0x0
 .glue_7        0x0000c410        0x0 linker stubs

.glue_7t        0x0000c410        0x0
 .glue_7t       0x0000c410        0x0 linker stubs

.vfp11_veneer   0x0000c410        0x0
 .vfp11_veneer  0x0000c410        0x0 linker stubs

.v4_bx          0x0000c410        0x0
 .v4_bx         0x0000c410        0x0 linker stubs

.iplt           0x0000c410        0x0
 .iplt          0x0000c410        0x0 c:/gcc-arm-none-eabi-10.3-2021.10/bin/../lib/gcc/arm-none-eabi/10.3.1/thumb/v7e-m/nofp/crtbegin.o

.text           0x0000c440    0x195c8
 *(.text*)
 .text          0x0000c440       0x40 c:/gcc-arm-none-eabi-10.3-2021.10/bin/../lib/gcc/arm-none-eabi/10.3.1/thumb/v7e-m/nofp/crtbegin.o
 .text._ZN8CdSensorCI214AnalogInputPinEN5FEHIO8FEHIOPinE
                0x0000c480       0x22 ../main.o
                0x0000c480                CdSensor::AnalogInputPin(FEHIO::FEHIOPin)
                0x0000c480                CdSensor::AnalogInputPin(FEHIO::FEHIOPin)
 *fill*         0x0000c4a2        0x6 
 .text.main     0x0000c4a8      0x5a0 ../main.o
                0x0000c4a8                main
 .text._Z5Driveff
                0x0000ca48       0x34 ../main.o
                0x0000ca48                Drive(float, float)
 .text._Z4Turnff4Side
                0x0000ca7c       0x58 ../main.o
                0x0000ca7c                Turn(float, float, Side)
 *fill*         0x0000cad4        0x4 
 .text._Z10LineFollowN6FEHLCD11FEHLCDColorE
                0x0000cad8      0x14c ../main.o
                0x0000cad8                LineFollow(FEHLCD::FEHLCDColor)
 .text._Z41__static_initialization_and_destruction_0ii
                0x0000cc24       0xcc ../main.o
 .text._GLOBAL__sub_I_lf_left
                0x0000ccf0       0x10 ../main.o
 .text._ZN8CdSensor6notRedEv
                0x0000cd00       0x60 ../CdSensor.o
                0x0000cd00                CdSensor::notRed()
 .text._ZN12LineFollowerC2EN5FEHIO8FEHIOPinE4Side
                0x0000cd60       0x2c ../LineFollower.o
                0x0000cd60                LineFollower::LineFollower(FEHIO::FEHIOPin, Side)
                0x0000cd60                LineFollower::LineFollower(FEHIO::FEHIOPin, Side)
 *fill*         0x0000cd8c        0x4 
 .text._ZN12LineFollower7onWhiteEv
                0x0000cd90      0x118 ../LineFollower.o
                0x0000cd90                LineFollower::onWhite()
 .text._ZN12LineFollower8onYellowEv
                0x0000cea8      0x100 ../LineFollower.o
                0x0000cea8                LineFollower::onYellow()
 .text._ZN12LineFollower7onColorEN6FEHLCD11FEHLCDColorE
                0x0000cfa8       0x32 ../LineFollower.o
                0x0000cfa8                LineFollower::onColor(FEHLCD::FEHLCDColor)
 .text._ZN10DriveMotorC2EN8FEHMotor12FEHMotorPortEf
                0x0000cfda       0x2c ../DriveMotor.o
                0x0000cfda                DriveMotor::DriveMotor(FEHMotor::FEHMotorPort, float)
                0x0000cfda                DriveMotor::DriveMotor(FEHMotor::FEHMotorPort, float)
 .text._ZN10DriveMotorC2Ev
                0x0000d006       0x20 ../DriveMotor.o
                0x0000d006                DriveMotor::DriveMotor()
                0x0000d006                DriveMotor::DriveMotor()
 .text._ZN10DriveMotor10SetPercentEf
                0x0000d026       0x22 ../DriveMotor.o
                0x0000d026                DriveMotor::SetPercent(float)
 .text._ZN10DriveMotor4StopEv
                0x0000d048       0x20 ../DriveMotor.o
                0x0000d048                DriveMotor::Stop()
 .text._ZN10DriveMotor12resetPIDVarsEv
                0x0000d068       0x3c ../DriveMotor.o
                0x0000d068                DriveMotor::resetPIDVars()
 *fill*         0x0000d0a4        0x4 
 .text._ZN10DriveMotor9adjustPIDEfi
                0x0000d0a8      0x114 ../DriveMotor.o
                0x0000d0a8                DriveMotor::adjustPID(float, int)
 .text._ZN10DriveTrainC2ER10DriveMotorS1_
                0x0000d1bc       0x5a ../DriveMotor.o
                0x0000d1bc                DriveTrain::DriveTrain(DriveMotor&, DriveMotor&)
                0x0000d1bc                DriveTrain::DriveTrain(DriveMotor&, DriveMotor&)
 .text._ZN10DriveTrain12resetPIDVarsEv
                0x0000d216       0x22 ../DriveMotor.o
                0x0000d216                DriveTrain::resetPIDVars()
 .text._ZN10DriveTrain5DriveEfR13AnalogEncoderS1_
                0x0000d238      0x13c ../DriveMotor.o
                0x0000d238                DriveTrain::Drive(float, AnalogEncoder&, AnalogEncoder&)
 *fill*         0x0000d374        0x4 
 .text._ZN10DriveTrain4TurnEfR13AnalogEncoderS1_
                0x0000d378      0x1e0 ../DriveMotor.o
                0x0000d378                DriveTrain::Turn(float, AnalogEncoder&, AnalogEncoder&)
 .text._ZN10DriveTrain8setSpeedEf
                0x0000d558       0x1a ../DriveMotor.o
                0x0000d558                DriveTrain::setSpeed(float)
 *fill*         0x0000d572        0x2 
 .text._ZN8ForkLiftC2EN8FEHMotor12FEHMotorPortEf
                0x0000d574       0x54 ../ForkLift.o
                0x0000d574                ForkLift::ForkLift(FEHMotor::FEHMotorPort, float)
                0x0000d574                ForkLift::ForkLift(FEHMotor::FEHMotorPort, float)
 .text._ZN8ForkLift13setButtonPinsEN5FEHIO8FEHIOPinES1_S1_
                0x0000d5c8       0x5e ../ForkLift.o
                0x0000d5c8                ForkLift::setButtonPins(FEHIO::FEHIOPin, FEHIO::FEHIOPin, FEHIO::FEHIOPin)
 .text._ZN8ForkLift2upEv
                0x0000d626       0x38 ../ForkLift.o
                0x0000d626                ForkLift::up()
 .text._ZN8ForkLift4downEv
                0x0000d65e       0x3c ../ForkLift.o
                0x0000d65e                ForkLift::down()
 .text._ZN8ForkLift8toBottomEv
                0x0000d69a       0x46 ../ForkLift.o
                0x0000d69a                ForkLift::toBottom()
 .text._ZN8ForkLift4StopEv
                0x0000d6e0       0x18 ../ForkLift.o
                0x0000d6e0                ForkLift::Stop()
 .text._ZN8ForkLift5frontEv
                0x0000d6f8       0x1c ../ForkLift.o
                0x0000d6f8                ForkLift::front()
 .text.PORTD_IRQHandler
                0x0000d714       0x50 Startup/startup_mk60d10.o
                0x0000d714                PORTD_IRQHandler
 .text._Z15InitPowerButtonv
                0x0000d764       0x60 Startup/startup_mk60d10.o
                0x0000d764                InitPowerButton()
 .text._ZL11pll_init_blv
                0x0000d7c4       0xe0 Startup/startup_mk60d10.o
 .text._Z14InitFEHProteusv
                0x0000d8a4       0xec Startup/startup_mk60d10.o
                0x0000d8a4                InitFEHProteus()
 .text.DMA0_IRQHandler
                0x0000d990        0xc Startup/startup_mk60d10.o
                0x0000d990                DMA0_IRQHandler
 .text.DMA1_IRQHandler
                0x0000d99c        0xc Startup/startup_mk60d10.o
                0x0000d99c                DMA1_IRQHandler
 .text.DMA2_IRQHandler
                0x0000d9a8        0xc Startup/startup_mk60d10.o
                0x0000d9a8                DMA2_IRQHandler
 .text.DMA3_IRQHandler
                0x0000d9b4        0xc Startup/startup_mk60d10.o
                0x0000d9b4                DMA3_IRQHandler
 .text.DMA4_IRQHandler
                0x0000d9c0        0xc Startup/startup_mk60d10.o
                0x0000d9c0                DMA4_IRQHandler
 .text.DMA5_IRQHandler
                0x0000d9cc        0xc Startup/startup_mk60d10.o
                0x0000d9cc                DMA5_IRQHandler
 .text.DMA6_IRQHandler
                0x0000d9d8        0xc Startup/startup_mk60d10.o
                0x0000d9d8                DMA6_IRQHandler
 .text.DMA7_IRQHandler
                0x0000d9e4        0xc Startup/startup_mk60d10.o
                0x0000d9e4                DMA7_IRQHandler
 .text.DMA8_IRQHandler
                0x0000d9f0        0xc Startup/startup_mk60d10.o
                0x0000d9f0                DMA8_IRQHandler
 .text.DMA9_IRQHandler
                0x0000d9fc        0xc Startup/startup_mk60d10.o
                0x0000d9fc                DMA9_IRQHandler
 .text.DMA10_IRQHandler
                0x0000da08        0xc Startup/startup_mk60d10.o
                0x0000da08                DMA10_IRQHandler
 .text.DMA11_IRQHandler
                0x0000da14        0xc Startup/startup_mk60d10.o
                0x0000da14                DMA11_IRQHandler
 .text.DMA12_IRQHandler
                0x0000da20        0xc Startup/startup_mk60d10.o
                0x0000da20                DMA12_IRQHandler
 .text.DMA13_IRQHandler
                0x0000da2c        0xc Startup/startup_mk60d10.o
                0x0000da2c                DMA13_IRQHandler
 .text.DMA14_IRQHandler
                0x0000da38        0xc Startup/startup_mk60d10.o
                0x0000da38                DMA14_IRQHandler
 .text.DMA15_IRQHandler
                0x0000da44        0xc Startup/startup_mk60d10.o
                0x0000da44                DMA15_IRQHandler
 .text.DMA_Error_IRQHandler
                0x0000da50        0xc Startup/startup_mk60d10.o
                0x0000da50                DMA_Error_IRQHandler
 .text.MCM_IRQHandler
                0x0000da5c        0xc Startup/startup_mk60d10.o
                0x0000da5c                MCM_IRQHandler
 .text.FTFL_IRQHandler
                0x0000da68        0xc Startup/startup_mk60d10.o
                0x0000da68                FTFL_IRQHandler
 .text.Read_Collision_IRQHandler
                0x0000da74        0xc Startup/startup_mk60d10.o
                0x0000da74                Read_Collision_IRQHandler
 .text.LVD_LVW_IRQHandler
                0x0000da80        0xc Startup/startup_mk60d10.o
                0x0000da80                LVD_LVW_IRQHandler
 .text.LLWU_IRQHandler
                0x0000da8c        0xc Startup/startup_mk60d10.o
                0x0000da8c                LLWU_IRQHandler
 .text.WDOG_EWM_IRQHandler
                0x0000da98        0xc Startup/startup_mk60d10.o
                0x0000da98                WDOG_EWM_IRQHandler
 .text.RNG_IRQHandler
                0x0000daa4        0xc Startup/startup_mk60d10.o
                0x0000daa4                RNG_IRQHandler
 .text.I2C0_IRQHandler
                0x0000dab0        0xc Startup/startup_mk60d10.o
                0x0000dab0                I2C0_IRQHandler
 .text.I2C1_IRQHandler
                0x0000dabc        0xc Startup/startup_mk60d10.o
                0x0000dabc                I2C1_IRQHandler
 .text.SPI0_IRQHandler
                0x0000dac8        0xc Startup/startup_mk60d10.o
                0x0000dac8                SPI0_IRQHandler
 .text.SPI1_IRQHandler
                0x0000dad4        0xc Startup/startup_mk60d10.o
                0x0000dad4                SPI1_IRQHandler
 .text.SPI2_IRQHandler
                0x0000dae0        0xc Startup/startup_mk60d10.o
                0x0000dae0                SPI2_IRQHandler
 .text.CAN0_ORed_Message_buffer_IRQHandler
                0x0000daec        0xc Startup/startup_mk60d10.o
                0x0000daec                CAN0_ORed_Message_buffer_IRQHandler
 .text.CAN0_Bus_Off_IRQHandler
                0x0000daf8        0xc Startup/startup_mk60d10.o
                0x0000daf8                CAN0_Bus_Off_IRQHandler
 .text.CAN0_Error_IRQHandler
                0x0000db04        0xc Startup/startup_mk60d10.o
                0x0000db04                CAN0_Error_IRQHandler
 .text.CAN0_Tx_Warning_IRQHandler
                0x0000db10        0xc Startup/startup_mk60d10.o
                0x0000db10                CAN0_Tx_Warning_IRQHandler
 .text.CAN0_Rx_Warning_IRQHandler
                0x0000db1c        0xc Startup/startup_mk60d10.o
                0x0000db1c                CAN0_Rx_Warning_IRQHandler
 .text.CAN0_Wake_Up_IRQHandler
                0x0000db28        0xc Startup/startup_mk60d10.o
                0x0000db28                CAN0_Wake_Up_IRQHandler
 .text.I2S0_Tx_IRQHandler
                0x0000db34        0xc Startup/startup_mk60d10.o
                0x0000db34                I2S0_Tx_IRQHandler
 .text.I2S0_Rx_IRQHandler
                0x0000db40        0xc Startup/startup_mk60d10.o
                0x0000db40                I2S0_Rx_IRQHandler
 .text.CAN1_ORed_Message_buffer_IRQHandler
                0x0000db4c        0xc Startup/startup_mk60d10.o
                0x0000db4c                CAN1_ORed_Message_buffer_IRQHandler
 .text.CAN1_Bus_Off_IRQHandler
                0x0000db58        0xc Startup/startup_mk60d10.o
                0x0000db58                CAN1_Bus_Off_IRQHandler
 .text.CAN1_Error_IRQHandler
                0x0000db64        0xc Startup/startup_mk60d10.o
                0x0000db64                CAN1_Error_IRQHandler
 .text.CAN1_Tx_Warning_IRQHandler
                0x0000db70        0xc Startup/startup_mk60d10.o
                0x0000db70                CAN1_Tx_Warning_IRQHandler
 .text.CAN1_Rx_Warning_IRQHandler
                0x0000db7c        0xc Startup/startup_mk60d10.o
                0x0000db7c                CAN1_Rx_Warning_IRQHandler
 .text.CAN1_Wake_Up_IRQHandler
                0x0000db88        0xc Startup/startup_mk60d10.o
                0x0000db88                CAN1_Wake_Up_IRQHandler
 .text.Reserved59_IRQHandler
                0x0000db94        0xc Startup/startup_mk60d10.o
                0x0000db94                Reserved59_IRQHandler
 .text.UART0_LON_IRQHandler
                0x0000dba0        0xc Startup/startup_mk60d10.o
                0x0000dba0                UART0_LON_IRQHandler
 .text.UART0_ERR_IRQHandler
                0x0000dbac        0xc Startup/startup_mk60d10.o
                0x0000dbac                UART0_ERR_IRQHandler
 .text.UART1_RX_TX_IRQHandler
                0x0000dbb8        0xc Startup/startup_mk60d10.o
                0x0000dbb8                UART1_RX_TX_IRQHandler
 .text.UART1_ERR_IRQHandler
                0x0000dbc4        0xc Startup/startup_mk60d10.o
                0x0000dbc4                UART1_ERR_IRQHandler
 .text.UART2_RX_TX_IRQHandler
                0x0000dbd0        0xc Startup/startup_mk60d10.o
                0x0000dbd0                UART2_RX_TX_IRQHandler
 .text.UART2_ERR_IRQHandler
                0x0000dbdc        0xc Startup/startup_mk60d10.o
                0x0000dbdc                UART2_ERR_IRQHandler
 .text.UART3_RX_TX_IRQHandler
                0x0000dbe8        0xc Startup/startup_mk60d10.o
                0x0000dbe8                UART3_RX_TX_IRQHandler
 .text.UART3_ERR_IRQHandler
                0x0000dbf4        0xc Startup/startup_mk60d10.o
                0x0000dbf4                UART3_ERR_IRQHandler
 .text.UART4_RX_TX_IRQHandler
                0x0000dc00        0xc Startup/startup_mk60d10.o
                0x0000dc00                UART4_RX_TX_IRQHandler
 .text.UART4_ERR_IRQHandler
                0x0000dc0c        0xc Startup/startup_mk60d10.o
                0x0000dc0c                UART4_ERR_IRQHandler
 .text.UART5_RX_TX_IRQHandler
                0x0000dc18        0xc Startup/startup_mk60d10.o
                0x0000dc18                UART5_RX_TX_IRQHandler
 .text.UART5_ERR_IRQHandler
                0x0000dc24        0xc Startup/startup_mk60d10.o
                0x0000dc24                UART5_ERR_IRQHandler
 .text.ADC0_IRQHandler
                0x0000dc30        0xc Startup/startup_mk60d10.o
                0x0000dc30                ADC0_IRQHandler
 .text.ADC1_IRQHandler
                0x0000dc3c        0xc Startup/startup_mk60d10.o
                0x0000dc3c                ADC1_IRQHandler
 .text.CMP0_IRQHandler
                0x0000dc48        0xc Startup/startup_mk60d10.o
                0x0000dc48                CMP0_IRQHandler
 .text.CMP1_IRQHandler
                0x0000dc54        0xc Startup/startup_mk60d10.o
                0x0000dc54                CMP1_IRQHandler
 .text.CMP2_IRQHandler
                0x0000dc60        0xc Startup/startup_mk60d10.o
                0x0000dc60                CMP2_IRQHandler
 .text.FTM0_IRQHandler
                0x0000dc6c        0xc Startup/startup_mk60d10.o
                0x0000dc6c                FTM0_IRQHandler
 .text.FTM1_IRQHandler
                0x0000dc78        0xc Startup/startup_mk60d10.o
                0x0000dc78                FTM1_IRQHandler
 .text.FTM2_IRQHandler
                0x0000dc84        0xc Startup/startup_mk60d10.o
                0x0000dc84                FTM2_IRQHandler
 .text.CMT_IRQHandler
                0x0000dc90        0xc Startup/startup_mk60d10.o
                0x0000dc90                CMT_IRQHandler
 .text.RTC_IRQHandler
                0x0000dc9c        0xc Startup/startup_mk60d10.o
                0x0000dc9c                RTC_IRQHandler
 .text.RTC_Seconds_IRQHandler
                0x0000dca8        0xc Startup/startup_mk60d10.o
                0x0000dca8                RTC_Seconds_IRQHandler
 .text.PIT1_IRQHandler
                0x0000dcb4        0xc Startup/startup_mk60d10.o
                0x0000dcb4                PIT1_IRQHandler
 .text.PIT2_IRQHandler
                0x0000dcc0        0xc Startup/startup_mk60d10.o
                0x0000dcc0                PIT2_IRQHandler
 .text.PIT3_IRQHandler
                0x0000dccc        0xc Startup/startup_mk60d10.o
                0x0000dccc                PIT3_IRQHandler
 .text.PDB0_IRQHandler
                0x0000dcd8        0xc Startup/startup_mk60d10.o
                0x0000dcd8                PDB0_IRQHandler
 .text.USB0_IRQHandler
                0x0000dce4        0xc Startup/startup_mk60d10.o
                0x0000dce4                USB0_IRQHandler
 .text.USBDCD_IRQHandler
                0x0000dcf0        0xc Startup/startup_mk60d10.o
                0x0000dcf0                USBDCD_IRQHandler
 .text.ENET_1588_Timer_IRQHandler
                0x0000dcfc        0xc Startup/startup_mk60d10.o
                0x0000dcfc                ENET_1588_Timer_IRQHandler
 .text.ENET_Transmit_IRQHandler
                0x0000dd08        0xc Startup/startup_mk60d10.o
                0x0000dd08                ENET_Transmit_IRQHandler
 .text.ENET_Receive_IRQHandler
                0x0000dd14        0xc Startup/startup_mk60d10.o
                0x0000dd14                ENET_Receive_IRQHandler
 .text.ENET_Error_IRQHandler
                0x0000dd20        0xc Startup/startup_mk60d10.o
                0x0000dd20                ENET_Error_IRQHandler
 .text.Reserved95_IRQHandler
                0x0000dd2c        0xc Startup/startup_mk60d10.o
                0x0000dd2c                Reserved95_IRQHandler
 .text.SDHC_IRQHandler
                0x0000dd38        0xc Startup/startup_mk60d10.o
                0x0000dd38                SDHC_IRQHandler
 .text.DAC0_IRQHandler
                0x0000dd44        0xc Startup/startup_mk60d10.o
                0x0000dd44                DAC0_IRQHandler
 .text.DAC1_IRQHandler
                0x0000dd50        0xc Startup/startup_mk60d10.o
                0x0000dd50                DAC1_IRQHandler
 .text.TSI0_IRQHandler
                0x0000dd5c        0xc Startup/startup_mk60d10.o
                0x0000dd5c                TSI0_IRQHandler
 .text.MCG_IRQHandler
                0x0000dd68        0xc Startup/startup_mk60d10.o
                0x0000dd68                MCG_IRQHandler
 .text.LPTMR0_IRQHandler
                0x0000dd74        0xc Startup/startup_mk60d10.o
                0x0000dd74                LPTMR0_IRQHandler
 .text.Reserved102_IRQHandler
                0x0000dd80        0xc Startup/startup_mk60d10.o
                0x0000dd80                Reserved102_IRQHandler
 .text.Reserved108_IRQHandler
                0x0000dd8c        0xc Startup/startup_mk60d10.o
                0x0000dd8c                Reserved108_IRQHandler
 .text.Reserved109_IRQHandler
                0x0000dd98        0xc Startup/startup_mk60d10.o
                0x0000dd98                Reserved109_IRQHandler
 .text.SWI_IRQHandler
                0x0000dda4        0xc Startup/startup_mk60d10.o
                0x0000dda4                SWI_IRQHandler
 .text._ZN8FEHMotorC2ENS_12FEHMotorPortEf
                0x0000ddb0       0x7c Libraries/FEHMotor.o
                0x0000ddb0                FEHMotor::FEHMotor(FEHMotor::FEHMotorPort, float)
                0x0000ddb0                FEHMotor::FEHMotor(FEHMotor::FEHMotorPort, float)
 .text._ZN8FEHMotor4StopEv
                0x0000de2c       0x30 Libraries/FEHMotor.o
                0x0000de2c                FEHMotor::Stop()
 .text._ZN8FEHMotor8SetPowerEi
                0x0000de5c       0x54 Libraries/FEHMotor.o
                0x0000de5c                FEHMotor::SetPower(int)
 .text._ZN8FEHMotor10SetPercentEf
                0x0000deb0       0xf8 Libraries/FEHMotor.o
                0x0000deb0                FEHMotor::SetPercent(float)
 .text._Z21IIC_StartTransmissionhh
                0x0000dfa8       0x6c Drivers/i2c.o
                0x0000dfa8                IIC_StartTransmission(unsigned char, unsigned char)
 .text._Z5Pausev
                0x0000e014       0x24 Drivers/i2c.o
                0x0000e014                Pause()
 .text._Z21MMA8451QWriteRegisterhh
                0x0000e038       0x68 Drivers/i2c.o
                0x0000e038                MMA8451QWriteRegister(unsigned char, unsigned char)
 .text._Z8i2c_Waitv
                0x0000e0a0       0x6c Drivers/i2c.o
                0x0000e0a0                i2c_Wait()
 .text._Z12SPI_SendCharh
                0x0000e10c       0x1a Drivers/spi.o
                0x0000e10c                SPI_SendChar(unsigned char)
 .text._Z16SPI_WriteCommandhh
                0x0000e126       0x34 Drivers/spi.o
                0x0000e126                SPI_WriteCommand(unsigned char, unsigned char)
 .text._Z11SPI_GetCharv
                0x0000e15a       0x10 Drivers/spi.o
                0x0000e15a                SPI_GetChar()
 .text._Z15SPI_ReadCommandh
                0x0000e16a       0x38 Drivers/spi.o
                0x0000e16a                SPI_ReadCommand(unsigned char)
 *fill*         0x0000e1a2        0x2 
 .text._Z13SPI_CS_Assertv
                0x0000e1a4       0x1c Drivers/spi.o
                0x0000e1a4                SPI_CS_Assert()
 .text._Z15SPI_CS_Deassertv
                0x0000e1c0       0x1c Drivers/spi.o
                0x0000e1c0                SPI_CS_Deassert()
 .text._Z12SPI_Transferh
                0x0000e1dc       0x6c Drivers/spi.o
                0x0000e1dc                SPI_Transfer(unsigned char)
 .text._Z8SPI_Initv
                0x0000e248       0xa0 Drivers/spi.o
                0x0000e248                SPI_Init()
 .text._Z9uart_initPV11UART_MemMapii
                0x0000e2e8      0x174 Drivers/uart.o
                0x0000e2e8                uart_init(UART_MemMap volatile*, int, int)
 .text._Z12uart_getcharPV11UART_MemMap
                0x0000e45c       0x32 Drivers/uart.o
                0x0000e45c                uart_getchar(UART_MemMap volatile*)
 .text._Z12uart_putcharPV11UART_MemMapc
                0x0000e48e       0x32 Drivers/uart.o
                0x0000e48e                uart_putchar(UART_MemMap volatile*, char)
 .text._ZL7mem_setPvij
                0x0000e4c0       0x3c Drivers/ff.o
 .text._ZL11move_windowP5FATFSm
                0x0000e4fc       0xc8 Drivers/ff.o
 .text._ZL4syncP5FATFS
                0x0000e5c4      0x14c Drivers/ff.o
 .text._ZL8validateP5FATFSt
                0x0000e710       0x54 Drivers/ff.o
 .text._Z6f_syncP3FIL
                0x0000e764      0x186 Drivers/ff.o
                0x0000e764                f_sync(FIL*)
 .text._Z7f_closeP3FIL
                0x0000e8ea       0x28 Drivers/ff.o
                0x0000e8ea                f_close(FIL*)
 *fill*         0x0000e912        0x2 
 .text._ZL17SDHC_set_baudratemm
                0x0000e914       0xe8 Drivers/SDHC.o
 .text._Z9SDHC_initP17esdhc_info_structPK17esdhc_init_struct
                0x0000e9fc      0x130 Drivers/SDHC.o
                0x0000e9fc                SDHC_init(esdhc_info_struct*, esdhc_init_struct const*)
 .text._ZL15SDHC_is_runningv
                0x0000eb2c       0x24 Drivers/SDHC.o
 .text._ZL16SDHC_status_waitm
                0x0000eb50       0x2c Drivers/SDHC.o
 .text._ZL17SDHC_send_commandP20esdhc_command_struct
                0x0000eb7c      0x1f8 Drivers/SDHC.o
 .text._Z10SDHC_ioctlmPv
                0x0000ed74      0x6f0 Drivers/SDHC.o
                0x0000ed74                SDHC_ioctl(unsigned long, void*)
 .text._ZL14rcvr_datablockPhm
                0x0000f464       0xf0 Drivers/SDHC.o
 .text._Z9disk_readhPhmh
                0x0000f554      0x124 Drivers/SDHC.o
                0x0000f554                disk_read(unsigned char, unsigned char*, unsigned long, unsigned char)
 .text._ZL14xmit_datablockPKhm
                0x0000f678       0xa4 Drivers/SDHC.o
 .text._Z10disk_writehPKhmh
                0x0000f71c      0x198 Drivers/SDHC.o
                0x0000f71c                disk_write(unsigned char, unsigned char const*, unsigned long, unsigned char)
 .text._Z10disk_ioctlhhPv
                0x0000f8b4      0x104 Drivers/SDHC.o
                0x0000f8b4                disk_ioctl(unsigned char, unsigned char, void*)
 .text._Z11disk_statush
                0x0000f9b8       0x28 Drivers/SDHC.o
                0x0000f9b8                disk_status(unsigned char)
 .text._Z13time_delay_msm
                0x0000f9e0       0x6c Drivers/lptmr.o
                0x0000f9e0                time_delay_ms(unsigned long)
 .text._Z41__static_initialization_and_destruction_0ii
                0x0000fa4c       0x2c FEHProteus.o
 .text._GLOBAL__sub_I_Propeller
                0x0000fa78       0x10 FEHProteus.o
 .text._ZN12FEHPropellerC2Ev
                0x0000fa88       0x1a Drivers/FEHPropeller.o
                0x0000fa88                FEHPropeller::FEHPropeller()
                0x0000fa88                FEHPropeller::FEHPropeller()
 *fill*         0x0000faa2        0x2 
 .text._ZN12FEHPropeller10InitializeEv
                0x0000faa4       0x74 Drivers/FEHPropeller.o
                0x0000faa4                FEHPropeller::Initialize()
 .text._ZN12FEHPropeller12SetMotorRateEhhh
                0x0000fb18       0x5c Drivers/FEHPropeller.o
                0x0000fb18                FEHPropeller::SetMotorRate(unsigned char, unsigned char, unsigned char)
 .text._ZL5Delaymjj
                0x0000fb74       0x94 Libraries/FEHUtility.o
 .text._Z5Sleepi
                0x0000fc08       0x2c Libraries/FEHUtility.o
                0x0000fc08                Sleep(int)
 .text._Z5Sleepd
                0x0000fc34       0x4c Libraries/FEHUtility.o
                0x0000fc34                Sleep(double)
 .text._Z7TimeNowv
                0x0000fc80       0x5c Libraries/FEHUtility.o
                0x0000fc80                TimeNow()
 .text._Z11TimeNowMSecv
                0x0000fcdc       0x38 Libraries/FEHUtility.o
                0x0000fcdc                TimeNowMSec()
 .text._ZN15DigitalInputPinC2EN5FEHIO8FEHIOPinE
                0x0000fd14       0x20 Libraries/FEHIO.o
                0x0000fd14                DigitalInputPin::DigitalInputPin(FEHIO::FEHIOPin)
                0x0000fd14                DigitalInputPin::DigitalInputPin(FEHIO::FEHIOPin)
 .text._ZN15DigitalInputPin10InitializeEN5FEHIO8FEHIOPinE
                0x0000fd34      0x198 Libraries/FEHIO.o
                0x0000fd34                DigitalInputPin::Initialize(FEHIO::FEHIOPin)
 .text._ZN15DigitalInputPin5ValueEv
                0x0000fecc      0x108 Libraries/FEHIO.o
                0x0000fecc                DigitalInputPin::Value()
 .text._Z16PORTB_IRQHandlerv
                0x0000ffd4       0x9c Libraries/FEHIO.o
                0x0000ffd4                PORTB_IRQHandler()
 .text._Z16PORTC_IRQHandlerv
                0x00010070       0x9c Libraries/FEHIO.o
                0x00010070                PORTC_IRQHandler()
 .text._Z16PORTA_IRQHandlerv
                0x0001010c       0xa0 Libraries/FEHIO.o
                0x0001010c                PORTA_IRQHandler()
 .text._Z16PORTE_IRQHandlerv
                0x000101ac       0x98 Libraries/FEHIO.o
                0x000101ac                PORTE_IRQHandler()
 .text._ZN14AnalogInputPinC2EN5FEHIO8FEHIOPinE
                0x00010244       0x1e Libraries/FEHIO.o
                0x00010244                AnalogInputPin::AnalogInputPin(FEHIO::FEHIOPin)
                0x00010244                AnalogInputPin::AnalogInputPin(FEHIO::FEHIOPin)
 *fill*         0x00010262        0x6 
 .text._ZN14AnalogInputPin5ValueEv
                0x00010268      0x120 Libraries/FEHIO.o
                0x00010268                AnalogInputPin::Value()
 .text._ZN13AnalogEncoder12EncoderValueEv
                0x00010388       0xb0 Libraries/FEHIO.o
                0x00010388                AnalogEncoder::EncoderValue()
 .text._ZN14AnalogInputPin8InitADCsEv
                0x00010438       0x98 Libraries/FEHIO.o
                0x00010438                AnalogInputPin::InitADCs()
 .text._Z15PIT0_IRQHandlerv
                0x000104d0       0x28 Libraries/FEHIO.o
                0x000104d0                PIT0_IRQHandler()
 .text._ZN13AnalogEncoder4InitEv
                0x000104f8       0x44 Libraries/FEHIO.o
                0x000104f8                AnalogEncoder::Init()
 .text._ZN13AnalogEncoder14SetCounterInitEj
                0x0001053c       0x20 Libraries/FEHIO.o
                0x0001053c                AnalogEncoder::SetCounterInit(unsigned int)
 .text._ZN13AnalogEncoderC2EN5FEHIO8FEHIOPinE
                0x0001055c      0x150 Libraries/FEHIO.o
                0x0001055c                AnalogEncoder::AnalogEncoder(FEHIO::FEHIOPin)
                0x0001055c                AnalogEncoder::AnalogEncoder(FEHIO::FEHIOPin)
 *fill*         0x000106ac        0x4 
 .text._ZN13AnalogEncoder13SetThresholdsEff
                0x000106b0       0x8c Libraries/FEHIO.o
                0x000106b0                AnalogEncoder::SetThresholds(float, float)
 .text._ZN13AnalogEncoderD2Ev
                0x0001073c       0xb4 Libraries/FEHIO.o
                0x0001073c                AnalogEncoder::~AnalogEncoder()
                0x0001073c                AnalogEncoder::~AnalogEncoder()
 .text._ZN13AnalogEncoder10ProcessIntEv
                0x000107f0       0x68 Libraries/FEHIO.o
                0x000107f0                AnalogEncoder::ProcessInt()
 .text._ZN13AnalogEncoder14ProcessIntSelfEv
                0x00010858       0x6e Libraries/FEHIO.o
                0x00010858                AnalogEncoder::ProcessIntSelf()
 .text._ZN13AnalogEncoder6CountsEv
                0x000108c6       0x16 Libraries/FEHIO.o
                0x000108c6                AnalogEncoder::Counts()
 .text._ZN13AnalogEncoder11ResetCountsEv
                0x000108dc       0x18 Libraries/FEHIO.o
                0x000108dc                AnalogEncoder::ResetCounts()
 .text._Z7ADC_CalPV10ADC_MemMap
                0x000108f4      0x13e Drivers/adc16.o
                0x000108f4                ADC_Cal(ADC_MemMap volatile*)
 .text._Z14ADC_Config_AltPV10ADC_MemMapP7adc_cfg
                0x00010a32       0x6c Drivers/adc16.o
                0x00010a32                ADC_Config_Alt(ADC_MemMap volatile*, adc_cfg*)
 .text._ZN9FEHBuzzerC2Ev
                0x00010a9e       0x14 Libraries/FEHBuzzer.o
                0x00010a9e                FEHBuzzer::FEHBuzzer()
                0x00010a9e                FEHBuzzer::FEHBuzzer()
 *fill*         0x00010ab2        0x2 
 .text._Z41__static_initialization_and_destruction_0ii
                0x00010ab4       0x2c Libraries/FEHBuzzer.o
 .text._GLOBAL__sub_I_Buzzer
                0x00010ae0       0x10 Libraries/FEHBuzzer.o
 .text._ZN6FEHLCD11_InitializeEv
                0x00010af0      0x410 Libraries/FEHLCD.o
                0x00010af0                FEHLCD::_Initialize()
 .text._ZN6FEHLCDC2Ev
                0x00010f00       0x50 Libraries/FEHLCD.o
                0x00010f00                FEHLCD::FEHLCD()
                0x00010f00                FEHLCD::FEHLCD()
 .text._ZN6FEHLCD10InitializeEv
                0x00010f50       0x28 Libraries/FEHLCD.o
                0x00010f50                FEHLCD::Initialize()
 .text._ZN6FEHLCD10PrintImageEii
                0x00010f78       0xbc Libraries/FEHLCD.o
                0x00010f78                FEHLCD::PrintImage(int, int)
 .text._ZN6FEHLCD9PrintLogoEii
                0x00011034       0xbc Libraries/FEHLCD.o
                0x00011034                FEHLCD::PrintLogo(int, int)
 .text._ZN6FEHLCD22ConvertFEHColorTo24BitENS_11FEHLCDColorE
                0x000110f0       0x78 Libraries/FEHLCD.o
                0x000110f0                FEHLCD::ConvertFEHColorTo24Bit(FEHLCD::FEHLCDColor)
 .text._ZN6FEHLCD24Convert24BitColorTo16BitEj
                0x00011168       0x30 Libraries/FEHLCD.o
                0x00011168                FEHLCD::Convert24BitColorTo16Bit(unsigned int)
 .text._ZN6FEHLCD22ConvertRGBColorTo16BitEhhh
                0x00011198       0x4a Libraries/FEHLCD.o
                0x00011198                FEHLCD::ConvertRGBColorTo16Bit(unsigned char, unsigned char, unsigned char)
 .text._ZN6FEHLCD5ClearENS_11FEHLCDColorE
                0x000111e2       0x28 Libraries/FEHLCD.o
                0x000111e2                FEHLCD::Clear(FEHLCD::FEHLCDColor)
 .text._ZN6FEHLCD5ClearEj
                0x0001120a       0x2c Libraries/FEHLCD.o
                0x0001120a                FEHLCD::Clear(unsigned int)
 .text._ZN6FEHLCD5ClearEv
                0x00011236       0x16 Libraries/FEHLCD.o
                0x00011236                FEHLCD::Clear()
 .text._ZN6FEHLCD18SetBackgroundColorENS_11FEHLCDColorE
                0x0001124c       0x28 Libraries/FEHLCD.o
                0x0001124c                FEHLCD::SetBackgroundColor(FEHLCD::FEHLCDColor)
 .text._ZN6FEHLCD18SetBackgroundColorEj
                0x00011274       0x26 Libraries/FEHLCD.o
                0x00011274                FEHLCD::SetBackgroundColor(unsigned int)
 .text._ZN6FEHLCD12SetFontColorENS_11FEHLCDColorE
                0x0001129a       0x28 Libraries/FEHLCD.o
                0x0001129a                FEHLCD::SetFontColor(FEHLCD::FEHLCDColor)
 .text._ZN6FEHLCD12SetFontColorEj
                0x000112c2       0x26 Libraries/FEHLCD.o
                0x000112c2                FEHLCD::SetFontColor(unsigned int)
 .text._ZN6FEHLCD7WriteAtEPKcii
                0x000112e8       0x46 Libraries/FEHLCD.o
                0x000112e8                FEHLCD::WriteAt(char const*, int, int)
 .text._ZN6FEHLCD11TS_SPI_InitEv
                0x0001132e       0x7c Libraries/FEHLCD.o
                0x0001132e                FEHLCD::TS_SPI_Init()
 *fill*         0x000113aa        0x6 
 .text._ZN6FEHLCD5TouchEPfS0_
                0x000113b0      0x1fc Libraries/FEHLCD.o
                0x000113b0                FEHLCD::Touch(float*, float*)
 .text._ZN6FEHLCD3absEi
                0x000115ac       0x22 Libraries/FEHLCD.o
                0x000115ac                FEHLCD::abs(int)
 .text._ZN6FEHLCD5WriteEPKc
                0x000115ce       0x4e Libraries/FEHLCD.o
                0x000115ce                FEHLCD::Write(char const*)
 .text._ZN6FEHLCD5WriteEf
                0x0001161c       0xc0 Libraries/FEHLCD.o
                0x0001161c                FEHLCD::Write(float)
 .text._ZN6FEHLCD5WriteEc
                0x000116dc       0x30 Libraries/FEHLCD.o
                0x000116dc                FEHLCD::Write(char)
 .text._ZN6FEHLCD9WriteLineEPKc
                0x0001170c       0x26 Libraries/FEHLCD.o
                0x0001170c                FEHLCD::WriteLine(char const*)
 .text._ZN6FEHLCD9WriteLineEf
                0x00011732       0x26 Libraries/FEHLCD.o
                0x00011732                FEHLCD::WriteLine(float)
 .text._ZN6FEHLCD9WriteLineEc
                0x00011758       0x2a Libraries/FEHLCD.o
                0x00011758                FEHLCD::WriteLine(char)
 *fill*         0x00011782        0x2 
 .text._ZN6FEHLCD10WriteIndexEh
                0x00011784      0x14c Libraries/FEHLCD.o
                0x00011784                FEHLCD::WriteIndex(unsigned char)
 .text._ZN6FEHLCD14WriteParameterEh
                0x000118d0      0x130 Libraries/FEHLCD.o
                0x000118d0                FEHLCD::WriteParameter(unsigned char)
 .text._ZN6FEHLCD6_ClearEv
                0x00011a00      0x15c Libraries/FEHLCD.o
                0x00011a00                FEHLCD::_Clear()
 .text._ZN6FEHLCD8NextLineEv
                0x00011b5c       0x2a Libraries/FEHLCD.o
                0x00011b5c                FEHLCD::NextLine()
 .text._ZN6FEHLCD9CheckLineEv
                0x00011b86       0x28 Libraries/FEHLCD.o
                0x00011b86                FEHLCD::CheckLine()
 .text._ZN6FEHLCD8NextCharEv
                0x00011bae       0x32 Libraries/FEHLCD.o
                0x00011bae                FEHLCD::NextChar()
 .text._ZN6FEHLCD9DrawPixelEii
                0x00011be0       0x2a Libraries/FEHLCD.o
                0x00011be0                FEHLCD::DrawPixel(int, int)
 .text._Z4SwapRiS_
                0x00011c0a       0x28 Libraries/FEHLCD.o
                0x00011c0a                Swap(int&, int&)
 .text._ZN6FEHLCD13DrawRectangleEiiii
                0x00011c32       0x7c Libraries/FEHLCD.o
                0x00011c32                FEHLCD::DrawRectangle(int, int, int, int)
 .text._ZN6FEHLCD13SetDrawRegionEiiii
                0x00011cae       0xfe Libraries/FEHLCD.o
                0x00011cae                FEHLCD::SetDrawRegion(int, int, int, int)
 .text._ZN6FEHLCD8DrawLineEiiii
                0x00011dac      0x14c Libraries/FEHLCD.o
                0x00011dac                FEHLCD::DrawLine(int, int, int, int)
 .text._ZN6FEHLCD9WriteCharEiic
                0x00011ef8       0x34 Libraries/FEHLCD.o
                0x00011ef8                FEHLCD::WriteChar(int, int, char)
 .text._ZN6FEHLCD11WriteCharAtEiic
                0x00011f2c      0x214 Libraries/FEHLCD.o
                0x00011f2c                FEHLCD::WriteCharAt(int, int, char)
 .text._ZN6FEHLCD11RepeatColorEv
                0x00012140       0x70 Libraries/FEHLCD.o
                0x00012140                FEHLCD::RepeatColor()
 .text._ZN6FEHLCD10_ForePixelEv
                0x000121b0       0xc4 Libraries/FEHLCD.o
                0x000121b0                FEHLCD::_ForePixel()
 .text._ZN6FEHLCD10_BackPixelEv
                0x00012274       0xc4 Libraries/FEHLCD.o
                0x00012274                FEHLCD::_BackPixel()
 .text._ZN6FEHLCD22SetRegisterColorValuesEv
                0x00012338      0x336 Libraries/FEHLCD.o
                0x00012338                FEHLCD::SetRegisterColorValues()
 .text._ZN7FEHIcon4IconC2Ev
                0x0001266e       0x14 Libraries/FEHLCD.o
                0x0001266e                FEHIcon::Icon::Icon()
                0x0001266e                FEHIcon::Icon::Icon()
 .text._ZN7FEHIcon4Icon13SetPropertiesEPciiiijj
                0x00012682       0x6a Libraries/FEHLCD.o
                0x00012682                FEHIcon::Icon::SetProperties(char*, int, int, int, int, unsigned int, unsigned int)
 .text._ZN7FEHIcon4Icon4DrawEv
                0x000126ec       0x90 Libraries/FEHLCD.o
                0x000126ec                FEHIcon::Icon::Draw()
 .text._ZN7FEHIcon4Icon6SelectEv
                0x0001277c       0x90 Libraries/FEHLCD.o
                0x0001277c                FEHIcon::Icon::Select()
 .text._ZN7FEHIcon4Icon8DeselectEv
                0x0001280c       0x8c Libraries/FEHLCD.o
                0x0001280c                FEHIcon::Icon::Deselect()
 .text._ZN7FEHIcon4Icon7PressedEffi
                0x00012898      0x13c Libraries/FEHLCD.o
                0x00012898                FEHIcon::Icon::Pressed(float, float, int)
 .text._ZN7FEHIcon4Icon12WhilePressedEff
                0x000129d4       0x50 Libraries/FEHLCD.o
                0x000129d4                FEHIcon::Icon::WhilePressed(float, float)
 .text._ZN7FEHIcon13DrawIconArrayEPNS_4IconEiiiiiiPA20_cjj
                0x00012a24      0x168 Libraries/FEHLCD.o
                0x00012a24                FEHIcon::DrawIconArray(FEHIcon::Icon*, int, int, int, int, int, int, char (*) [20], unsigned int, unsigned int)
 .text._Z41__static_initialization_and_destruction_0ii
                0x00012b8c       0x2c Libraries/FEHLCD.o
 .text._GLOBAL__sub_I_image
                0x00012bb8       0x10 Libraries/FEHLCD.o
 .text._ZN8FEHAccelC2Ev
                0x00012bc8       0x70 Libraries/FEHAccel.o
                0x00012bc8                FEHAccel::FEHAccel()
                0x00012bc8                FEHAccel::FEHAccel()
 .text._Z41__static_initialization_and_destruction_0ii
                0x00012c38       0x2c Libraries/FEHAccel.o
 .text._GLOBAL__sub_I_Accel
                0x00012c64       0x10 Libraries/FEHAccel.o
 .text._ZN10FEHBatteryC2EN5FEHIO8FEHIOPinE
                0x00012c74       0x22 Libraries/FEHBattery.o
                0x00012c74                FEHBattery::FEHBattery(FEHIO::FEHIOPin)
                0x00012c74                FEHBattery::FEHBattery(FEHIO::FEHIOPin)
 *fill*         0x00012c96        0x2 
 .text._Z41__static_initialization_and_destruction_0ii
                0x00012c98       0x30 Libraries/FEHBattery.o
 .text._GLOBAL__sub_I_Battery
                0x00012cc8       0x10 Libraries/FEHBattery.o
 .text._ZN7FEHXBeeC2Ev
                0x00012cd8       0x1a Drivers/FEHXBee.o
                0x00012cd8                FEHXBee::FEHXBee()
                0x00012cd8                FEHXBee::FEHXBee()
 *fill*         0x00012cf2        0x2 
 .text._ZN7FEHXBee10InitializeEv
                0x00012cf4       0xdc Drivers/FEHXBee.o
                0x00012cf4                FEHXBee::Initialize()
 .text._ZN7FEHXBee13IsInitializedEv
                0x00012dd0       0x16 Drivers/FEHXBee.o
                0x00012dd0                FEHXBee::IsInitialized()
 *fill*         0x00012de6        0x2 
 .text._ZN7FEHXBee17ReceiveDataSearchEPcjh
                0x00012de8       0x8c Drivers/FEHXBee.o
                0x00012de8                FEHXBee::ReceiveDataSearch(char*, unsigned int, unsigned char)
 .text._ZN7FEHXBee8SendDataEPcj
                0x00012e74       0x40 Drivers/FEHXBee.o
                0x00012e74                FEHXBee::SendData(char*, unsigned int)
 .text._ZN7FEHXBee17SetPacketCallBackEPFvPhhE
                0x00012eb4       0x20 Drivers/FEHXBee.o
                0x00012eb4                FEHXBee::SetPacketCallBack(void (*)(unsigned char*, unsigned char))
 .text._Z22UART0_RX_TX_IRQHandlerv
                0x00012ed4       0xec Drivers/FEHXBee.o
                0x00012ed4                UART0_RX_TX_IRQHandler()
 .text._ZN6FEHRCSC2Ev
                0x00012fc0       0x74 Libraries/FEHRCS.o
                0x00012fc0                FEHRCS::FEHRCS()
                0x00012fc0                FEHRCS::FEHRCS()
 .text._ZN6FEHRCS10InitializeEiPKc
                0x00013034      0x7a0 Libraries/FEHRCS.o
                0x00013034                FEHRCS::Initialize(int, char const*)
 .text._ZN6FEHRCS10InitializeEcPKc
                0x000137d4       0x4c Libraries/FEHRCS.o
                0x000137d4                FEHRCS::Initialize(char, char const*)
 .text._ZN6FEHRCS19InitializeTouchMenuEPKc
                0x00013820      0x438 Libraries/FEHRCS.o
                0x00013820                FEHRCS::InitializeTouchMenu(char const*)
 .text._ZN6FEHRCS19CurrentRegionLetterEv
                0x00013c58       0x1c Libraries/FEHRCS.o
                0x00013c58                FEHRCS::CurrentRegionLetter()
 .text._ZN6FEHRCS15GetCorrectLeverEv
                0x00013c74       0x1c Libraries/FEHRCS.o
                0x00013c74                FEHRCS::GetCorrectLever()
 .text._ZN6FEHRCS13WaitForPacketEv
                0x00013c90       0x58 Libraries/FEHRCS.o
                0x00013c90                FEHRCS::WaitForPacket()
 .text._Z14RCSDataProcessPhh
                0x00013ce8       0xa0 Libraries/FEHRCS.o
                0x00013ce8                RCSDataProcess(unsigned char*, unsigned char)
 .text._Z41__static_initialization_and_destruction_0ii
                0x00013d88       0x2c Libraries/FEHRCS.o
 .text._GLOBAL__sub_I_RCS
                0x00013db4       0x10 Libraries/FEHRCS.o
 .text._ZN5FEHSDC2Ev
                0x00013dc4       0x24 Libraries/FEHSD.o
                0x00013dc4                FEHSD::FEHSD()
                0x00013dc4                FEHSD::FEHSD()
 .text._ZN5FEHSD9FCloseAllEv
                0x00013de8       0x6c Libraries/FEHSD.o
                0x00013de8                FEHSD::FCloseAll()
 .text._Z41__static_initialization_and_destruction_0ii
                0x00013e54       0x2c Libraries/FEHSD.o
 .text._GLOBAL__sub_I_SD
                0x00013e80       0x10 Libraries/FEHSD.o
 .text._ZN9FEHRandom10InitializeEv
                0x00013e90       0x3c Libraries/FEHRandom.o
                0x00013e90                FEHRandom::Initialize()
 .text.__aeabi_atexit
                0x00013ecc        0xc c:/gcc-arm-none-eabi-10.3-2021.10/bin/../lib/gcc/arm-none-eabi/10.3.1/../../../../arm-none-eabi/lib/thumb/v7e-m/nofp\libstdc++.a(atexit_arm.o)
                0x00013ecc                __aeabi_atexit
 .text._ZdlPvj  0x00013ed8        0x4 c:/gcc-arm-none-eabi-10.3-2021.10/bin/../lib/gcc/arm-none-eabi/10.3.1/../../../../arm-none-eabi/lib/thumb/v7e-m/nofp\libstdc++.a(del_ops.o)
                0x00013ed8                operator delete(void*, unsigned int)
 .text._Znwj    0x00013edc       0x3c c:/gcc-arm-none-eabi-10.3-2021.10/bin/../lib/gcc/arm-none-eabi/10.3.1/../../../../arm-none-eabi/lib/thumb/v7e-m/nofp\libstdc++.a(new_op.o)
                0x00013edc                operator new(unsigned int)
 .text._ZNKSt9bad_alloc4whatEv
                0x00013f18        0x8 c:/gcc-arm-none-eabi-10.3-2021.10/bin/../lib/gcc/arm-none-eabi/10.3.1/../../../../arm-none-eabi/lib/thumb/v7e-m/nofp\libstdc++.a(bad_alloc.o)
                0x00013f18                std::bad_alloc::what() const
 .text._ZNSt9bad_allocD2Ev
                0x00013f20       0x14 c:/gcc-arm-none-eabi-10.3-2021.10/bin/../lib/gcc/arm-none-eabi/10.3.1/../../../../arm-none-eabi/lib/thumb/v7e-m/nofp\libstdc++.a(bad_alloc.o)
                0x00013f20                std::bad_alloc::~bad_alloc()
                0x00013f20                std::bad_alloc::~bad_alloc()
 .text._ZNSt9bad_allocD0Ev
                0x00013f34       0x1c c:/gcc-arm-none-eabi-10.3-2021.10/bin/../lib/gcc/arm-none-eabi/10.3.1/../../../../arm-none-eabi/lib/thumb/v7e-m/nofp\libstdc++.a(bad_alloc.o)
                0x00013f34                std::bad_alloc::~bad_alloc()
 .text._ZdlPv   0x00013f50        0x4 c:/gcc-arm-none-eabi-10.3-2021.10/bin/../lib/gcc/arm-none-eabi/10.3.1/../../../../arm-none-eabi/lib/thumb/v7e-m/nofp\libstdc++.a(del_op.o)
                0x00013f50                operator delete(void*)
 .text._ZN12_GLOBAL__N_14pool4freeEPv.constprop.0
                0x00013f54       0x88 c:/gcc-arm-none-eabi-10.3-2021.10/bin/../lib/gcc/arm-none-eabi/10.3.1/../../../../arm-none-eabi/lib/thumb/v7e-m/nofp\libstdc++.a(eh_alloc.o)
 .text._ZN12_GLOBAL__N_14pool8allocateEj.constprop.0
                0x00013fdc       0x5c c:/gcc-arm-none-eabi-10.3-2021.10/bin/../lib/gcc/arm-none-eabi/10.3.1/../../../../arm-none-eabi/lib/thumb/v7e-m/nofp\libstdc++.a(eh_alloc.o)
 .text.__cxa_allocate_exception
                0x00014038       0x30 c:/gcc-arm-none-eabi-10.3-2021.10/bin/../lib/gcc/arm-none-eabi/10.3.1/../../../../arm-none-eabi/lib/thumb/v7e-m/nofp\libstdc++.a(eh_alloc.o)
                0x00014038                __cxa_allocate_exception
 .text.__cxa_free_exception
                0x00014068       0x20 c:/gcc-arm-none-eabi-10.3-2021.10/bin/../lib/gcc/arm-none-eabi/10.3.1/../../../../arm-none-eabi/lib/thumb/v7e-m/nofp\libstdc++.a(eh_alloc.o)
                0x00014068                __cxa_free_exception
 .text.startup._GLOBAL__sub_I__ZN9__gnu_cxx9__freeresEv
                0x00014088       0x28 c:/gcc-arm-none-eabi-10.3-2021.10/bin/../lib/gcc/arm-none-eabi/10.3.1/../../../../arm-none-eabi/lib/thumb/v7e-m/nofp\libstdc++.a(eh_alloc.o)
 .text._ZNSt9exceptionD2Ev
                0x000140b0        0x4 c:/gcc-arm-none-eabi-10.3-2021.10/bin/../lib/gcc/arm-none-eabi/10.3.1/../../../../arm-none-eabi/lib/thumb/v7e-m/nofp\libstdc++.a(eh_exception.o)
                0x000140b0                std::exception::~exception()
                0x000140b0                std::exception::~exception()
 .text._ZNSt13bad_exceptionD2Ev
                0x000140b4        0x4 c:/gcc-arm-none-eabi-10.3-2021.10/bin/../lib/gcc/arm-none-eabi/10.3.1/../../../../arm-none-eabi/lib/thumb/v7e-m/nofp\libstdc++.a(eh_exception.o)
                0x000140b4                std::bad_exception::~bad_exception()
                0x000140b4                std::bad_exception::~bad_exception()
 .text._ZNKSt13bad_exception4whatEv
                0x000140b8        0x8 c:/gcc-arm-none-eabi-10.3-2021.10/bin/../lib/gcc/arm-none-eabi/10.3.1/../../../../arm-none-eabi/lib/thumb/v7e-m/nofp\libstdc++.a(eh_exception.o)
                0x000140b8                std::bad_exception::what() const
                0x000140b8                transaction clone for std::bad_exception::what() const
 .text._ZNSt13bad_exceptionD0Ev
                0x000140c0       0x10 c:/gcc-arm-none-eabi-10.3-2021.10/bin/../lib/gcc/arm-none-eabi/10.3.1/../../../../arm-none-eabi/lib/thumb/v7e-m/nofp\libstdc++.a(eh_exception.o)
                0x000140c0                std::bad_exception::~bad_exception()
 .text._ZN10__cxxabiv111__terminateEPFvvE
                0x000140d0       0x28 c:/gcc-arm-none-eabi-10.3-2021.10/bin/../lib/gcc/arm-none-eabi/10.3.1/../../../../arm-none-eabi/lib/thumb/v7e-m/nofp\libstdc++.a(eh_terminate.o)
                0x000140d0                __cxxabiv1::__terminate(void (*)())
 .text._ZSt9terminatev
                0x000140f8       0x14 c:/gcc-arm-none-eabi-10.3-2021.10/bin/../lib/gcc/arm-none-eabi/10.3.1/../../../../arm-none-eabi/lib/thumb/v7e-m/nofp\libstdc++.a(eh_terminate.o)
                0x000140f8                std::terminate()
 .text._ZN10__cxxabiv112__unexpectedEPFvvE
                0x0001410c        0x8 c:/gcc-arm-none-eabi-10.3-2021.10/bin/../lib/gcc/arm-none-eabi/10.3.1/../../../../arm-none-eabi/lib/thumb/v7e-m/nofp\libstdc++.a(eh_terminate.o)
                0x0001410c                __cxxabiv1::__unexpected(void (*)())
 .text._ZSt10unexpectedv
                0x00014114       0x14 c:/gcc-arm-none-eabi-10.3-2021.10/bin/../lib/gcc/arm-none-eabi/10.3.1/../../../../arm-none-eabi/lib/thumb/v7e-m/nofp\libstdc++.a(eh_terminate.o)
                0x00014114                std::unexpected()
 .text._ZSt13get_terminatev
                0x00014128       0x10 c:/gcc-arm-none-eabi-10.3-2021.10/bin/../lib/gcc/arm-none-eabi/10.3.1/../../../../arm-none-eabi/lib/thumb/v7e-m/nofp\libstdc++.a(eh_terminate.o)
                0x00014128                std::get_terminate()
 .text._ZSt14get_unexpectedv
                0x00014138       0x10 c:/gcc-arm-none-eabi-10.3-2021.10/bin/../lib/gcc/arm-none-eabi/10.3.1/../../../../arm-none-eabi/lib/thumb/v7e-m/nofp\libstdc++.a(eh_terminate.o)
                0x00014138                std::get_unexpected()
 .text._ZL23__gxx_exception_cleanup19_Unwind_Reason_CodeP21_Unwind_Control_Block
                0x00014148       0x44 c:/gcc-arm-none-eabi-10.3-2021.10/bin/../lib/gcc/arm-none-eabi/10.3.1/../../../../arm-none-eabi/lib/thumb/v7e-m/nofp\libstdc++.a(eh_throw.o)
 .text.__cxa_init_primary_exception
                0x0001418c       0x58 c:/gcc-arm-none-eabi-10.3-2021.10/bin/../lib/gcc/arm-none-eabi/10.3.1/../../../../arm-none-eabi/lib/thumb/v7e-m/nofp\libstdc++.a(eh_throw.o)
                0x0001418c                __cxa_init_primary_exception
 .text.__cxa_throw
                0x000141e4       0x34 c:/gcc-arm-none-eabi-10.3-2021.10/bin/../lib/gcc/arm-none-eabi/10.3.1/../../../../arm-none-eabi/lib/thumb/v7e-m/nofp\libstdc++.a(eh_throw.o)
                0x000141e4                __cxa_throw
 .text.__cxa_rethrow
                0x00014218       0x70 c:/gcc-arm-none-eabi-10.3-2021.10/bin/../lib/gcc/arm-none-eabi/10.3.1/../../../../arm-none-eabi/lib/thumb/v7e-m/nofp\libstdc++.a(eh_throw.o)
                0x00014218                __cxa_rethrow
 .text._ZSt15get_new_handlerv
                0x00014288       0x10 c:/gcc-arm-none-eabi-10.3-2021.10/bin/../lib/gcc/arm-none-eabi/10.3.1/../../../../arm-none-eabi/lib/thumb/v7e-m/nofp\libstdc++.a(new_handler.o)
                0x00014288                std::get_new_handler()
 .text._ZN10__cxxabiv120__si_class_type_infoD2Ev
                0x00014298       0x14 c:/gcc-arm-none-eabi-10.3-2021.10/bin/../lib/gcc/arm-none-eabi/10.3.1/../../../../arm-none-eabi/lib/thumb/v7e-m/nofp\libstdc++.a(si_class_type_info.o)
                0x00014298                __cxxabiv1::__si_class_type_info::~__si_class_type_info()
                0x00014298                __cxxabiv1::__si_class_type_info::~__si_class_type_info()
 .text._ZN10__cxxabiv120__si_class_type_infoD0Ev
                0x000142ac       0x1c c:/gcc-arm-none-eabi-10.3-2021.10/bin/../lib/gcc/arm-none-eabi/10.3.1/../../../../arm-none-eabi/lib/thumb/v7e-m/nofp\libstdc++.a(si_class_type_info.o)
                0x000142ac                __cxxabiv1::__si_class_type_info::~__si_class_type_info()
 .text._ZNK10__cxxabiv120__si_class_type_info20__do_find_public_srcEiPKvPKNS_17__class_type_infoES2_
                0x000142c8       0x3c c:/gcc-arm-none-eabi-10.3-2021.10/bin/../lib/gcc/arm-none-eabi/10.3.1/../../../../arm-none-eabi/lib/thumb/v7e-m/nofp\libstdc++.a(si_class_type_info.o)
                0x000142c8                __cxxabiv1::__si_class_type_info::__do_find_public_src(int, void const*, __cxxabiv1::__class_type_info const*, void const*) const
 .text._ZNK10__cxxabiv120__si_class_type_info12__do_dyncastEiNS_17__class_type_info10__sub_kindEPKS1_PKvS4_S6_RNS1_16__dyncast_resultE
                0x00014304       0x84 c:/gcc-arm-none-eabi-10.3-2021.10/bin/../lib/gcc/arm-none-eabi/10.3.1/../../../../arm-none-eabi/lib/thumb/v7e-m/nofp\libstdc++.a(si_class_type_info.o)
                0x00014304                __cxxabiv1::__si_class_type_info::__do_dyncast(int, __cxxabiv1::__class_type_info::__sub_kind, __cxxabiv1::__class_type_info const*, void const*, __cxxabiv1::__class_type_info const*, void const*, __cxxabiv1::__class_type_info::__dyncast_result&) const
 .text._ZNK10__cxxabiv120__si_class_type_info11__do_upcastEPKNS_17__class_type_infoEPKvRNS1_15__upcast_resultE
                0x00014388       0x2c c:/gcc-arm-none-eabi-10.3-2021.10/bin/../lib/gcc/arm-none-eabi/10.3.1/../../../../arm-none-eabi/lib/thumb/v7e-m/nofp\libstdc++.a(si_class_type_info.o)
                0x00014388                __cxxabiv1::__si_class_type_info::__do_upcast(__cxxabiv1::__class_type_info const*, void const*, __cxxabiv1::__class_type_info::__upcast_result&) const
 .text._ZNSt9type_infoD2Ev
                0x000143b4        0x4 c:/gcc-arm-none-eabi-10.3-2021.10/bin/../lib/gcc/arm-none-eabi/10.3.1/../../../../arm-none-eabi/lib/thumb/v7e-m/nofp\libstdc++.a(tinfo.o)
                0x000143b4                std::type_info::~type_info()
                0x000143b4                std::type_info::~type_info()
 .text._ZNKSt9type_info14__is_pointer_pEv
                0x000143b8        0x4 c:/gcc-arm-none-eabi-10.3-2021.10/bin/../lib/gcc/arm-none-eabi/10.3.1/../../../../arm-none-eabi/lib/thumb/v7e-m/nofp\libstdc++.a(tinfo.o)
                0x000143b8                std::type_info::__is_pointer_p() const
                0x000143b8                std::type_info::__is_function_p() const
 .text._ZNKSt9type_infoeqERKS_
                0x000143bc       0x2c c:/gcc-arm-none-eabi-10.3-2021.10/bin/../lib/gcc/arm-none-eabi/10.3.1/../../../../arm-none-eabi/lib/thumb/v7e-m/nofp\libstdc++.a(tinfo.o)
                0x000143bc                std::type_info::operator==(std::type_info const&) const
 .text._ZN9__gnu_cxx27__verbose_terminate_handlerEv
                0x000143e8      0x10c c:/gcc-arm-none-eabi-10.3-2021.10/bin/../lib/gcc/arm-none-eabi/10.3.1/../../../../arm-none-eabi/lib/thumb/v7e-m/nofp\libstdc++.a(vterminate.o)
                0x000143e8                __gnu_cxx::__verbose_terminate_handler()
 .text._ZNK10__cxxabiv117__class_type_info11__do_upcastEPKS0_PPv
                0x000144f4       0x34 c:/gcc-arm-none-eabi-10.3-2021.10/bin/../lib/gcc/arm-none-eabi/10.3.1/../../../../arm-none-eabi/lib/thumb/v7e-m/nofp\libstdc++.a(class_type_info.o)
                0x000144f4                __cxxabiv1::__class_type_info::__do_upcast(__cxxabiv1::__class_type_info const*, void**) const
 .text._ZNK10__cxxabiv117__class_type_info20__do_find_public_srcEiPKvPKS0_S2_
                0x00014528        0xc c:/gcc-arm-none-eabi-10.3-2021.10/bin/../lib/gcc/arm-none-eabi/10.3.1/../../../../arm-none-eabi/lib/thumb/v7e-m/nofp\libstdc++.a(class_type_info.o)
                0x00014528                __cxxabiv1::__class_type_info::__do_find_public_src(int, void const*, __cxxabiv1::__class_type_info const*, void const*) const
 .text._ZN10__cxxabiv117__class_type_infoD2Ev
                0x00014534       0x14 c:/gcc-arm-none-eabi-10.3-2021.10/bin/../lib/gcc/arm-none-eabi/10.3.1/../../../../arm-none-eabi/lib/thumb/v7e-m/nofp\libstdc++.a(class_type_info.o)
                0x00014534                __cxxabiv1::__class_type_info::~__class_type_info()
                0x00014534                __cxxabiv1::__class_type_info::~__class_type_info()
 .text._ZN10__cxxabiv117__class_type_infoD0Ev
                0x00014548       0x1c c:/gcc-arm-none-eabi-10.3-2021.10/bin/../lib/gcc/arm-none-eabi/10.3.1/../../../../arm-none-eabi/lib/thumb/v7e-m/nofp\libstdc++.a(class_type_info.o)
                0x00014548                __cxxabiv1::__class_type_info::~__class_type_info()
 .text._ZNK10__cxxabiv117__class_type_info12__do_dyncastEiNS0_10__sub_kindEPKS0_PKvS3_S5_RNS0_16__dyncast_resultE
                0x00014564       0x44 c:/gcc-arm-none-eabi-10.3-2021.10/bin/../lib/gcc/arm-none-eabi/10.3.1/../../../../arm-none-eabi/lib/thumb/v7e-m/nofp\libstdc++.a(class_type_info.o)
                0x00014564                __cxxabiv1::__class_type_info::__do_dyncast(int, __cxxabiv1::__class_type_info::__sub_kind, __cxxabiv1::__class_type_info const*, void const*, __cxxabiv1::__class_type_info const*, void const*, __cxxabiv1::__class_type_info::__dyncast_result&) const
 .text._ZNK10__cxxabiv117__class_type_info11__do_upcastEPKS0_PKvRNS0_15__upcast_resultE
                0x000145a8       0x1c c:/gcc-arm-none-eabi-10.3-2021.10/bin/../lib/gcc/arm-none-eabi/10.3.1/../../../../arm-none-eabi/lib/thumb/v7e-m/nofp\libstdc++.a(class_type_info.o)
                0x000145a8                __cxxabiv1::__class_type_info::__do_upcast(__cxxabiv1::__class_type_info const*, void const*, __cxxabiv1::__class_type_info::__upcast_result&) const
 .text._ZNK10__cxxabiv117__class_type_info10__do_catchEPKSt9type_infoPPvj
                0x000145c4       0x2c c:/gcc-arm-none-eabi-10.3-2021.10/bin/../lib/gcc/arm-none-eabi/10.3.1/../../../../arm-none-eabi/lib/thumb/v7e-m/nofp\libstdc++.a(class_type_info.o)
                0x000145c4                __cxxabiv1::__class_type_info::__do_catch(std::type_info const*, void**, unsigned int) const
 .text          0x000145f0     0x5fa4 c:/gcc-arm-none-eabi-10.3-2021.10/bin/../lib/gcc/arm-none-eabi/10.3.1/../../../../arm-none-eabi/lib/thumb/v7e-m/nofp\libstdc++.a(cp-demangle.o)
                0x0001a4ac                __cxa_demangle
                0x0001a570                __gcclibcxx_demangle_callback
 .text.__cxa_end_cleanup
                0x0001a594        0xc c:/gcc-arm-none-eabi-10.3-2021.10/bin/../lib/gcc/arm-none-eabi/10.3.1/../../../../arm-none-eabi/lib/thumb/v7e-m/nofp\libstdc++.a(eh_arm.o)
                0x0001a594                __cxa_end_cleanup
 .text.__cxa_type_match
                0x0001a5a0       0xb4 c:/gcc-arm-none-eabi-10.3-2021.10/bin/../lib/gcc/arm-none-eabi/10.3.1/../../../../arm-none-eabi/lib/thumb/v7e-m/nofp\libstdc++.a(eh_arm.o)
                0x0001a5a0                __cxa_type_match
 .text.__cxa_begin_cleanup
                0x0001a654       0x64 c:/gcc-arm-none-eabi-10.3-2021.10/bin/../lib/gcc/arm-none-eabi/10.3.1/../../../../arm-none-eabi/lib/thumb/v7e-m/nofp\libstdc++.a(eh_arm.o)
                0x0001a654                __cxa_begin_cleanup
 .text.__gnu_end_cleanup
                0x0001a6b8       0x70 c:/gcc-arm-none-eabi-10.3-2021.10/bin/../lib/gcc/arm-none-eabi/10.3.1/../../../../arm-none-eabi/lib/thumb/v7e-m/nofp\libstdc++.a(eh_arm.o)
                0x0001a6b8                __gnu_end_cleanup
 .text._ZN10__cxxabiv1L24__is_gxx_exception_classEPc
                0x0001a728       0x3c c:/gcc-arm-none-eabi-10.3-2021.10/bin/../lib/gcc/arm-none-eabi/10.3.1/../../../../arm-none-eabi/lib/thumb/v7e-m/nofp\libstdc++.a(eh_call.o)
 .text.__cxa_call_terminate
                0x0001a764       0x20 c:/gcc-arm-none-eabi-10.3-2021.10/bin/../lib/gcc/arm-none-eabi/10.3.1/../../../../arm-none-eabi/lib/thumb/v7e-m/nofp\libstdc++.a(eh_call.o)
                0x0001a764                __cxa_call_terminate
 .text.unlikely.__cxa_call_unexpected
                0x0001a784       0xe4 c:/gcc-arm-none-eabi-10.3-2021.10/bin/../lib/gcc/arm-none-eabi/10.3.1/../../../../arm-none-eabi/lib/thumb/v7e-m/nofp\libstdc++.a(eh_call.o)
                0x0001a784                __cxa_call_unexpected
 .text.__cxa_begin_catch
                0x0001a868       0x7c c:/gcc-arm-none-eabi-10.3-2021.10/bin/../lib/gcc/arm-none-eabi/10.3.1/../../../../arm-none-eabi/lib/thumb/v7e-m/nofp\libstdc++.a(eh_catch.o)
                0x0001a868                __cxa_begin_catch
 .text.__cxa_end_catch
                0x0001a8e4       0x8c c:/gcc-arm-none-eabi-10.3-2021.10/bin/../lib/gcc/arm-none-eabi/10.3.1/../../../../arm-none-eabi/lib/thumb/v7e-m/nofp\libstdc++.a(eh_catch.o)
                0x0001a8e4                __cxa_end_catch
 .text.__cxa_get_globals_fast
                0x0001a970        0x8 c:/gcc-arm-none-eabi-10.3-2021.10/bin/../lib/gcc/arm-none-eabi/10.3.1/../../../../arm-none-eabi/lib/thumb/v7e-m/nofp\libstdc++.a(eh_globals.o)
                0x0001a970                __cxa_get_globals_fast
 .text.__cxa_get_globals
                0x0001a978        0x8 c:/gcc-arm-none-eabi-10.3-2021.10/bin/../lib/gcc/arm-none-eabi/10.3.1/../../../../arm-none-eabi/lib/thumb/v7e-m/nofp\libstdc++.a(eh_globals.o)
                0x0001a978                __cxa_get_globals
 .text._ZL28read_encoded_value_with_basehjPKhPj
                0x0001a980       0xc0 c:/gcc-arm-none-eabi-10.3-2021.10/bin/../lib/gcc/arm-none-eabi/10.3.1/../../../../arm-none-eabi/lib/thumb/v7e-m/nofp\libstdc++.a(eh_personality.o)
 .text._ZL21base_of_encoded_valuehP15_Unwind_Context
                0x0001aa40       0x48 c:/gcc-arm-none-eabi-10.3-2021.10/bin/../lib/gcc/arm-none-eabi/10.3.1/../../../../arm-none-eabi/lib/thumb/v7e-m/nofp\libstdc++.a(eh_personality.o)
 .text._ZL17parse_lsda_headerP15_Unwind_ContextPKhP16lsda_header_info
                0x0001aa88       0x94 c:/gcc-arm-none-eabi-10.3-2021.10/bin/../lib/gcc/arm-none-eabi/10.3.1/../../../../arm-none-eabi/lib/thumb/v7e-m/nofp\libstdc++.a(eh_personality.o)
 .text.__gxx_personality_v0
                0x0001ab1c      0x4a8 c:/gcc-arm-none-eabi-10.3-2021.10/bin/../lib/gcc/arm-none-eabi/10.3.1/../../../../arm-none-eabi/lib/thumb/v7e-m/nofp\libstdc++.a(eh_personality.o)
                0x0001ab1c                __gxx_personality_v0
 .text.__cxa_current_exception_type
                0x0001afc4       0x1c c:/gcc-arm-none-eabi-10.3-2021.10/bin/../lib/gcc/arm-none-eabi/10.3.1/../../../../arm-none-eabi/lib/thumb/v7e-m/nofp\libstdc++.a(eh_type.o)
                0x0001afc4                __cxa_current_exception_type
 .text          0x0001afe0      0x378 c:/gcc-arm-none-eabi-10.3-2021.10/bin/../lib/gcc/arm-none-eabi/10.3.1/thumb/v7e-m/nofp\libgcc.a(_arm_addsubdf3.o)
                0x0001afe0                __aeabi_drsub
                0x0001afe8                __aeabi_dsub
                0x0001afe8                __subdf3
                0x0001afec                __aeabi_dadd
                0x0001afec                __adddf3
                0x0001b264                __floatunsidf
                0x0001b264                __aeabi_ui2d
                0x0001b284                __floatsidf
                0x0001b284                __aeabi_i2d
                0x0001b2a8                __aeabi_f2d
                0x0001b2a8                __extendsfdf2
                0x0001b2ec                __floatundidf
                0x0001b2ec                __aeabi_ul2d
                0x0001b2fc                __floatdidf
                0x0001b2fc                __aeabi_l2d
 .text          0x0001b358      0x424 c:/gcc-arm-none-eabi-10.3-2021.10/bin/../lib/gcc/arm-none-eabi/10.3.1/thumb/v7e-m/nofp\libgcc.a(_arm_muldivdf3.o)
                0x0001b358                __aeabi_dmul
                0x0001b358                __muldf3
                0x0001b5ac                __divdf3
                0x0001b5ac                __aeabi_ddiv
 .text          0x0001b77c      0x110 c:/gcc-arm-none-eabi-10.3-2021.10/bin/../lib/gcc/arm-none-eabi/10.3.1/thumb/v7e-m/nofp\libgcc.a(_arm_cmpdf2.o)
                0x0001b77c                __gtdf2
                0x0001b77c                __gedf2
                0x0001b784                __ltdf2
                0x0001b784                __ledf2
                0x0001b78c                __nedf2
                0x0001b78c                __eqdf2
                0x0001b78c                __cmpdf2
                0x0001b808                __aeabi_cdrcmple
                0x0001b818                __aeabi_cdcmpeq
                0x0001b818                __aeabi_cdcmple
                0x0001b828                __aeabi_dcmpeq
                0x0001b83c                __aeabi_dcmplt
                0x0001b850                __aeabi_dcmple
                0x0001b864                __aeabi_dcmpge
                0x0001b878                __aeabi_dcmpgt
 .text          0x0001b88c       0x50 c:/gcc-arm-none-eabi-10.3-2021.10/bin/../lib/gcc/arm-none-eabi/10.3.1/thumb/v7e-m/nofp\libgcc.a(_arm_fixdfsi.o)
                0x0001b88c                __aeabi_d2iz
                0x0001b88c                __fixdfsi
 .text          0x0001b8dc       0x40 c:/gcc-arm-none-eabi-10.3-2021.10/bin/../lib/gcc/arm-none-eabi/10.3.1/thumb/v7e-m/nofp\libgcc.a(_arm_fixunsdfsi.o)
                0x0001b8dc                __aeabi_d2uiz
                0x0001b8dc                __fixunsdfsi
 .text          0x0001b91c       0xa0 c:/gcc-arm-none-eabi-10.3-2021.10/bin/../lib/gcc/arm-none-eabi/10.3.1/thumb/v7e-m/nofp\libgcc.a(_arm_truncdfsf2.o)
                0x0001b91c                __truncdfsf2
                0x0001b91c                __aeabi_d2f
 .text          0x0001b9bc      0x21c c:/gcc-arm-none-eabi-10.3-2021.10/bin/../lib/gcc/arm-none-eabi/10.3.1/thumb/v7e-m/nofp\libgcc.a(_arm_addsubsf3.o)
                0x0001b9bc                __aeabi_frsub
                0x0001b9c4                __subsf3
                0x0001b9c4                __aeabi_fsub
                0x0001b9c8                __aeabi_fadd
                0x0001b9c8                __addsf3
                0x0001bb28                __aeabi_ui2f
                0x0001bb28                __floatunsisf
                0x0001bb30                __aeabi_i2f
                0x0001bb30                __floatsisf
                0x0001bb4c                __aeabi_ul2f
                0x0001bb4c                __floatundisf
                0x0001bb5c                __aeabi_l2f
                0x0001bb5c                __floatdisf
 .text          0x0001bbd8      0x2a0 c:/gcc-arm-none-eabi-10.3-2021.10/bin/../lib/gcc/arm-none-eabi/10.3.1/thumb/v7e-m/nofp\libgcc.a(_arm_muldivsf3.o)
                0x0001bbd8                __mulsf3
                0x0001bbd8                __aeabi_fmul
                0x0001bd40                __aeabi_fdiv
                0x0001bd40                __divsf3
 .text          0x0001be78       0xec c:/gcc-arm-none-eabi-10.3-2021.10/bin/../lib/gcc/arm-none-eabi/10.3.1/thumb/v7e-m/nofp\libgcc.a(_arm_cmpsf2.o)
                0x0001be78                __gesf2
                0x0001be78                __gtsf2
                0x0001be80                __lesf2
                0x0001be80                __ltsf2
                0x0001be88                __nesf2
                0x0001be88                __eqsf2
                0x0001be88                __cmpsf2
                0x0001bee8                __aeabi_cfrcmple
                0x0001bef0                __aeabi_cfcmpeq
                0x0001bef0                __aeabi_cfcmple
                0x0001bf00                __aeabi_fcmpeq
                0x0001bf14                __aeabi_fcmplt
                0x0001bf28                __aeabi_fcmple
                0x0001bf3c                __aeabi_fcmpge
                0x0001bf50                __aeabi_fcmpgt
 .text          0x0001bf64       0x4c c:/gcc-arm-none-eabi-10.3-2021.10/bin/../lib/gcc/arm-none-eabi/10.3.1/thumb/v7e-m/nofp\libgcc.a(_arm_fixsfsi.o)
                0x0001bf64                __aeabi_f2iz
                0x0001bf64                __fixsfsi
 .text          0x0001bfb0      0x9d8 c:/gcc-arm-none-eabi-10.3-2021.10/bin/../lib/gcc/arm-none-eabi/10.3.1/thumb/v7e-m/nofp\libgcc.a(unwind-arm.o)
                0x0001c258                _Unwind_GetCFA
                0x0001c25c                __gnu_Unwind_RaiseException
                0x0001c2c4                __gnu_Unwind_ForcedUnwind
                0x0001c2d4                __gnu_Unwind_Resume
                0x0001c318                __gnu_Unwind_Resume_or_Rethrow
                0x0001c328                _Unwind_Complete
                0x0001c32c                _Unwind_DeleteException
                0x0001c338                _Unwind_VRS_Get
                0x0001c384                _Unwind_VRS_Set
                0x0001c3cc                __gnu_Unwind_Backtrace
                0x0001c6f8                __aeabi_unwind_cpp_pr0
                0x0001c6fc                __aeabi_unwind_cpp_pr1
                0x0001c700                __aeabi_unwind_cpp_pr2
                0x0001c704                _Unwind_VRS_Pop
 .text          0x0001c988      0x1ac c:/gcc-arm-none-eabi-10.3-2021.10/bin/../lib/gcc/arm-none-eabi/10.3.1/thumb/v7e-m/nofp\libgcc.a(libunwind.o)
                0x0001c988                __restore_core_regs
                0x0001c988                restore_core_regs
                0x0001c9a0                __gnu_Unwind_Restore_VFP
                0x0001c9a8                __gnu_Unwind_Save_VFP
                0x0001c9b0                __gnu_Unwind_Restore_VFP_D
                0x0001c9b8                __gnu_Unwind_Save_VFP_D
                0x0001c9c0                __gnu_Unwind_Restore_VFP_D_16_to_31
                0x0001c9c8                __gnu_Unwind_Save_VFP_D_16_to_31
                0x0001c9d0                __gnu_Unwind_Restore_WMMXD
                0x0001ca14                __gnu_Unwind_Save_WMMXD
                0x0001ca58                __gnu_Unwind_Restore_WMMXC
                0x0001ca6c                __gnu_Unwind_Save_WMMXC
                0x0001ca80                ___Unwind_RaiseException
                0x0001ca80                _Unwind_RaiseException
                0x0001caa4                _Unwind_Resume
                0x0001caa4                ___Unwind_Resume
                0x0001cac8                _Unwind_Resume_or_Rethrow
                0x0001cac8                ___Unwind_Resume_or_Rethrow
                0x0001caec                _Unwind_ForcedUnwind
                0x0001caec                ___Unwind_ForcedUnwind
                0x0001cb10                ___Unwind_Backtrace
                0x0001cb10                _Unwind_Backtrace
 .text          0x0001cb34      0x350 c:/gcc-arm-none-eabi-10.3-2021.10/bin/../lib/gcc/arm-none-eabi/10.3.1/thumb/v7e-m/nofp\libgcc.a(pr-support.o)
                0x0001cb8c                __gnu_unwind_execute
                0x0001ce38                __gnu_unwind_frame
                0x0001ce64                _Unwind_GetRegionStart
                0x0001ce70                _Unwind_GetLanguageSpecificData
 .text.unlikely
                0x0001ce84        0xc c:/gcc-arm-none-eabi-10.3-2021.10/bin/../lib/gcc/arm-none-eabi/10.3.1/thumb/v7e-m/nofp\libgcc.a(pr-support.o)
                0x0001ce84                _Unwind_GetDataRelBase
                0x0001ce8a                _Unwind_GetTextRelBase
 .text.abort    0x0001ce90       0x10 c:/gcc-arm-none-eabi-10.3-2021.10/bin/../lib/gcc/arm-none-eabi/10.3.1/../../../../arm-none-eabi/lib/thumb/v7e-m/nofp\libg.a(lib_a-abort.o)
                0x0001ce90                abort
 .text.__cxa_atexit
                0x0001cea0        0xc c:/gcc-arm-none-eabi-10.3-2021.10/bin/../lib/gcc/arm-none-eabi/10.3.1/../../../../arm-none-eabi/lib/thumb/v7e-m/nofp\libg.a(lib_a-cxa_atexit.o)
                0x0001cea0                __cxa_atexit
 .text.fputc    0x0001ceac       0x58 c:/gcc-arm-none-eabi-10.3-2021.10/bin/../lib/gcc/arm-none-eabi/10.3.1/../../../../arm-none-eabi/lib/thumb/v7e-m/nofp\libg.a(lib_a-fputc.o)
                0x0001ceac                fputc
 .text._fputs_r
                0x0001cf04       0x88 c:/gcc-arm-none-eabi-10.3-2021.10/bin/../lib/gcc/arm-none-eabi/10.3.1/../../../../arm-none-eabi/lib/thumb/v7e-m/nofp\libg.a(lib_a-fputs.o)
                0x0001cf04                _fputs_r
 .text.fputs    0x0001cf8c       0x18 c:/gcc-arm-none-eabi-10.3-2021.10/bin/../lib/gcc/arm-none-eabi/10.3.1/../../../../arm-none-eabi/lib/thumb/v7e-m/nofp\libg.a(lib_a-fputs.o)
                0x0001cf8c                fputs
 .text.__sfvwrite_r
                0x0001cfa4      0x2e8 c:/gcc-arm-none-eabi-10.3-2021.10/bin/../lib/gcc/arm-none-eabi/10.3.1/../../../../arm-none-eabi/lib/thumb/v7e-m/nofp\libg.a(lib_a-fvwrite.o)
                0x0001cfa4                __sfvwrite_r
 .text._fwrite_r
                0x0001d28c       0xa8 c:/gcc-arm-none-eabi-10.3-2021.10/bin/../lib/gcc/arm-none-eabi/10.3.1/../../../../arm-none-eabi/lib/thumb/v7e-m/nofp\libg.a(lib_a-fwrite.o)
                0x0001d28c                _fwrite_r
 .text.fwrite   0x0001d334       0x20 c:/gcc-arm-none-eabi-10.3-2021.10/bin/../lib/gcc/arm-none-eabi/10.3.1/../../../../arm-none-eabi/lib/thumb/v7e-m/nofp\libg.a(lib_a-fwrite.o)
                0x0001d334                fwrite
 .text.__libc_init_array
                0x0001d354       0x48 c:/gcc-arm-none-eabi-10.3-2021.10/bin/../lib/gcc/arm-none-eabi/10.3.1/../../../../arm-none-eabi/lib/thumb/v7e-m/nofp\libg.a(lib_a-init.o)
                0x0001d354                __libc_init_array
 .text.__retarget_lock_init_recursive
                0x0001d39c        0x4 c:/gcc-arm-none-eabi-10.3-2021.10/bin/../lib/gcc/arm-none-eabi/10.3.1/../../../../arm-none-eabi/lib/thumb/v7e-m/nofp\libg.a(lib_a-lock.o)
                0x0001d39c                __retarget_lock_init_recursive
 .text.__retarget_lock_close_recursive
                0x0001d3a0        0x4 c:/gcc-arm-none-eabi-10.3-2021.10/bin/../lib/gcc/arm-none-eabi/10.3.1/../../../../arm-none-eabi/lib/thumb/v7e-m/nofp\libg.a(lib_a-lock.o)
                0x0001d3a0                __retarget_lock_close_recursive
 .text.__retarget_lock_acquire_recursive
                0x0001d3a4        0x4 c:/gcc-arm-none-eabi-10.3-2021.10/bin/../lib/gcc/arm-none-eabi/10.3.1/../../../../arm-none-eabi/lib/thumb/v7e-m/nofp\libg.a(lib_a-lock.o)
                0x0001d3a4                __retarget_lock_acquire_recursive
 .text.__retarget_lock_release_recursive
                0x0001d3a8        0x4 c:/gcc-arm-none-eabi-10.3-2021.10/bin/../lib/gcc/arm-none-eabi/10.3.1/../../../../arm-none-eabi/lib/thumb/v7e-m/nofp\libg.a(lib_a-lock.o)
                0x0001d3a8                __retarget_lock_release_recursive
 .text.malloc   0x0001d3ac       0x10 c:/gcc-arm-none-eabi-10.3-2021.10/bin/../lib/gcc/arm-none-eabi/10.3.1/../../../../arm-none-eabi/lib/thumb/v7e-m/nofp\libg.a(lib_a-malloc.o)
                0x0001d3ac                malloc
 .text.free     0x0001d3bc       0x10 c:/gcc-arm-none-eabi-10.3-2021.10/bin/../lib/gcc/arm-none-eabi/10.3.1/../../../../arm-none-eabi/lib/thumb/v7e-m/nofp\libg.a(lib_a-malloc.o)
                0x0001d3bc                free
 .text._malloc_r
                0x0001d3cc      0x560 c:/gcc-arm-none-eabi-10.3-2021.10/bin/../lib/gcc/arm-none-eabi/10.3.1/../../../../arm-none-eabi/lib/thumb/v7e-m/nofp\libg.a(lib_a-mallocr.o)
                0x0001d3cc                _malloc_r
 *fill*         0x0001d92c        0x4 
 .text          0x0001d930       0xa0 c:/gcc-arm-none-eabi-10.3-2021.10/bin/../lib/gcc/arm-none-eabi/10.3.1/../../../../arm-none-eabi/lib/thumb/v7e-m/nofp\libg.a(lib_a-memchr.o)
                0x0001d930                memchr
 .text.memcmp   0x0001d9d0       0x68 c:/gcc-arm-none-eabi-10.3-2021.10/bin/../lib/gcc/arm-none-eabi/10.3.1/../../../../arm-none-eabi/lib/thumb/v7e-m/nofp\libg.a(lib_a-memcmp.o)
                0x0001d9d0                memcmp
 .text          0x0001da38      0x134 c:/gcc-arm-none-eabi-10.3-2021.10/bin/../lib/gcc/arm-none-eabi/10.3.1/../../../../arm-none-eabi/lib/thumb/v7e-m/nofp\libg.a(lib_a-memcpy.o)
                0x0001da38                memcpy
 .text.memmove  0x0001db6c       0xf8 c:/gcc-arm-none-eabi-10.3-2021.10/bin/../lib/gcc/arm-none-eabi/10.3.1/../../../../arm-none-eabi/lib/thumb/v7e-m/nofp\libg.a(lib_a-memmove.o)
                0x0001db6c                memmove
 .text.memset   0x0001dc64       0xa4 c:/gcc-arm-none-eabi-10.3-2021.10/bin/../lib/gcc/arm-none-eabi/10.3.1/../../../../arm-none-eabi/lib/thumb/v7e-m/nofp\libg.a(lib_a-memset.o)
                0x0001dc64                memset
 .text.__malloc_lock
                0x0001dd08        0xc c:/gcc-arm-none-eabi-10.3-2021.10/bin/../lib/gcc/arm-none-eabi/10.3.1/../../../../arm-none-eabi/lib/thumb/v7e-m/nofp\libg.a(lib_a-mlock.o)
                0x0001dd08                __malloc_lock
 .text.__malloc_unlock
                0x0001dd14        0xc c:/gcc-arm-none-eabi-10.3-2021.10/bin/../lib/gcc/arm-none-eabi/10.3.1/../../../../arm-none-eabi/lib/thumb/v7e-m/nofp\libg.a(lib_a-mlock.o)
                0x0001dd14                __malloc_unlock
 .text._putc_r  0x0001dd20       0x74 c:/gcc-arm-none-eabi-10.3-2021.10/bin/../lib/gcc/arm-none-eabi/10.3.1/../../../../arm-none-eabi/lib/thumb/v7e-m/nofp\libg.a(lib_a-putc.o)
                0x0001dd20                _putc_r
 .text.realloc  0x0001dd94       0x18 c:/gcc-arm-none-eabi-10.3-2021.10/bin/../lib/gcc/arm-none-eabi/10.3.1/../../../../arm-none-eabi/lib/thumb/v7e-m/nofp\libg.a(lib_a-realloc.o)
                0x0001dd94                realloc
 .text._realloc_r
                0x0001ddac      0x3d8 c:/gcc-arm-none-eabi-10.3-2021.10/bin/../lib/gcc/arm-none-eabi/10.3.1/../../../../arm-none-eabi/lib/thumb/v7e-m/nofp\libg.a(lib_a-reallocr.o)
                0x0001ddac                _realloc_r
 .text._sbrk_r  0x0001e184       0x24 c:/gcc-arm-none-eabi-10.3-2021.10/bin/../lib/gcc/arm-none-eabi/10.3.1/../../../../arm-none-eabi/lib/thumb/v7e-m/nofp\libg.a(lib_a-sbrkr.o)
                0x0001e184                _sbrk_r
 .text.raise    0x0001e1a8       0x5c c:/gcc-arm-none-eabi-10.3-2021.10/bin/../lib/gcc/arm-none-eabi/10.3.1/../../../../arm-none-eabi/lib/thumb/v7e-m/nofp\libg.a(lib_a-signal.o)
                0x0001e1a8                raise
 .text._kill_r  0x0001e204       0x2c c:/gcc-arm-none-eabi-10.3-2021.10/bin/../lib/gcc/arm-none-eabi/10.3.1/../../../../arm-none-eabi/lib/thumb/v7e-m/nofp\libg.a(lib_a-signalr.o)
                0x0001e204                _kill_r
 .text._getpid_r
                0x0001e230        0x4 c:/gcc-arm-none-eabi-10.3-2021.10/bin/../lib/gcc/arm-none-eabi/10.3.1/../../../../arm-none-eabi/lib/thumb/v7e-m/nofp\libg.a(lib_a-signalr.o)
                0x0001e230                _getpid_r
 .text.sprintf  0x0001e234       0x40 c:/gcc-arm-none-eabi-10.3-2021.10/bin/../lib/gcc/arm-none-eabi/10.3.1/../../../../arm-none-eabi/lib/thumb/v7e-m/nofp\libg.a(lib_a-sprintf.o)
                0x0001e234                sprintf
 *fill*         0x0001e274        0xc 
 .text          0x0001e280      0x2dc c:/gcc-arm-none-eabi-10.3-2021.10/bin/../lib/gcc/arm-none-eabi/10.3.1/../../../../arm-none-eabi/lib/thumb/v7e-m/nofp\libg.a(lib_a-strcmp.o)
                0x0001e288                strcmp
 .text.strcpy   0x0001e55c       0xbc c:/gcc-arm-none-eabi-10.3-2021.10/bin/../lib/gcc/arm-none-eabi/10.3.1/../../../../arm-none-eabi/lib/thumb/v7e-m/nofp\libg.a(lib_a-strcpy.o)
                0x0001e55c                strcpy
 *fill*         0x0001e618       0x28 
 .text          0x0001e640       0xdc c:/gcc-arm-none-eabi-10.3-2021.10/bin/../lib/gcc/arm-none-eabi/10.3.1/../../../../arm-none-eabi/lib/thumb/v7e-m/nofp\libg.a(lib_a-strlen.o)
                0x0001e640                strlen
 .text.strncmp  0x0001e71c       0x80 c:/gcc-arm-none-eabi-10.3-2021.10/bin/../lib/gcc/arm-none-eabi/10.3.1/../../../../arm-none-eabi/lib/thumb/v7e-m/nofp\libg.a(lib_a-strncmp.o)
                0x0001e71c                strncmp
 .text._svfprintf_r
                0x0001e79c     0x1a3c c:/gcc-arm-none-eabi-10.3-2021.10/bin/../lib/gcc/arm-none-eabi/10.3.1/../../../../arm-none-eabi/lib/thumb/v7e-m/nofp\libg.a(lib_a-svfprintf.o)
                0x0001e79c                _svfprintf_r
 .text.__swbuf_r
                0x000201d8       0xb0 c:/gcc-arm-none-eabi-10.3-2021.10/bin/../lib/gcc/arm-none-eabi/10.3.1/../../../../arm-none-eabi/lib/thumb/v7e-m/nofp\libg.a(lib_a-wbuf.o)
                0x000201d8                __swbuf_r
 .text._write_r
                0x00020288       0x2c c:/gcc-arm-none-eabi-10.3-2021.10/bin/../lib/gcc/arm-none-eabi/10.3.1/../../../../arm-none-eabi/lib/thumb/v7e-m/nofp\libg.a(lib_a-writer.o)
                0x00020288                _write_r
 .text.__swsetup_r
                0x000202b4       0xd4 c:/gcc-arm-none-eabi-10.3-2021.10/bin/../lib/gcc/arm-none-eabi/10.3.1/../../../../arm-none-eabi/lib/thumb/v7e-m/nofp\libg.a(lib_a-wsetup.o)
                0x000202b4                __swsetup_r
 .text.__register_exitproc
                0x00020388       0x8c c:/gcc-arm-none-eabi-10.3-2021.10/bin/../lib/gcc/arm-none-eabi/10.3.1/../../../../arm-none-eabi/lib/thumb/v7e-m/nofp\libg.a(lib_a-__atexit.o)
                0x00020388                __register_exitproc
 .text.startup.register_fini
                0x00020414       0x14 c:/gcc-arm-none-eabi-10.3-2021.10/bin/../lib/gcc/arm-none-eabi/10.3.1/../../../../arm-none-eabi/lib/thumb/v7e-m/nofp\libg.a(lib_a-__call_atexit.o)
 .text.atexit   0x00020428        0xc c:/gcc-arm-none-eabi-10.3-2021.10/bin/../lib/gcc/arm-none-eabi/10.3.1/../../../../arm-none-eabi/lib/thumb/v7e-m/nofp\libg.a(lib_a-atexit.o)
                0x00020428                atexit
 .text.quorem   0x00020434      0x124 c:/gcc-arm-none-eabi-10.3-2021.10/bin/../lib/gcc/arm-none-eabi/10.3.1/../../../../arm-none-eabi/lib/thumb/v7e-m/nofp\libg.a(lib_a-dtoa.o)
 .text._dtoa_r  0x00020558      0xec4 c:/gcc-arm-none-eabi-10.3-2021.10/bin/../lib/gcc/arm-none-eabi/10.3.1/../../../../arm-none-eabi/lib/thumb/v7e-m/nofp\libg.a(lib_a-dtoa.o)